Archive member included because of file (symbol)

D:\UTS\Year 3\Spring Semester\48434 - Embedded Software\SVN\embedded_software\Project - Yasin\Library\libOS.a(OS.o)
                              ./Sources/main.o (OS_Init)
c:/freescale/kds_3.0.0/toolchain/bin/../lib/gcc/arm-none-eabi/4.8.4/../../../../arm-none-eabi/lib/armv7e-m/fpu\libg_s.a(lib_a-exit.o)
                              c:/freescale/kds_3.0.0/toolchain/bin/../lib/gcc/arm-none-eabi/4.8.4/../../../../arm-none-eabi/lib/armv7e-m/fpu/crt0.o (exit)
c:/freescale/kds_3.0.0/toolchain/bin/../lib/gcc/arm-none-eabi/4.8.4/../../../../arm-none-eabi/lib/armv7e-m/fpu\libg_s.a(lib_a-impure.o)
                              c:/freescale/kds_3.0.0/toolchain/bin/../lib/gcc/arm-none-eabi/4.8.4/../../../../arm-none-eabi/lib/armv7e-m/fpu\libg_s.a(lib_a-exit.o) (_global_impure_ptr)
c:/freescale/kds_3.0.0/toolchain/bin/../lib/gcc/arm-none-eabi/4.8.4/../../../../arm-none-eabi/lib/armv7e-m/fpu\libg_s.a(lib_a-init.o)
                              c:/freescale/kds_3.0.0/toolchain/bin/../lib/gcc/arm-none-eabi/4.8.4/../../../../arm-none-eabi/lib/armv7e-m/fpu/crt0.o (__libc_init_array)
c:/freescale/kds_3.0.0/toolchain/bin/../lib/gcc/arm-none-eabi/4.8.4/../../../../arm-none-eabi/lib/armv7e-m/fpu\libg_s.a(lib_a-memset.o)
                              c:/freescale/kds_3.0.0/toolchain/bin/../lib/gcc/arm-none-eabi/4.8.4/../../../../arm-none-eabi/lib/armv7e-m/fpu/crt0.o (memset)
c:/freescale/kds_3.0.0/toolchain/bin/../lib/gcc/arm-none-eabi/4.8.4/../../../../arm-none-eabi/lib/armv7e-m/fpu\libnosys.a(_exit.o)
                              c:/freescale/kds_3.0.0/toolchain/bin/../lib/gcc/arm-none-eabi/4.8.4/../../../../arm-none-eabi/lib/armv7e-m/fpu\libg_s.a(lib_a-exit.o) (_exit)

Allocating common symbols
Common symbol       size              file

RxSemaphore         0x4               ./Sources/UART.o
TxSemaphore         0x4               ./Sources/UART.o
Packet              0x5               ./Sources/packet.o
PITSemaphore        0x4               ./Sources/PIT.o
Channel             0x14              ./Sources/main.o
NvTowerMode         0x4               ./Sources/main.o
SR_reg              0x1               ./Generated_Code/Cpu.o
NvTowerNumber       0x4               ./Sources/main.o
PacketPutSemaphore  0x4               ./Sources/UART.o

Discarded input sections

 .text          0x00000000        0x0 c:/freescale/kds_3.0.0/toolchain/bin/../lib/gcc/arm-none-eabi/4.8.4/armv7e-m/fpu/crti.o
 .data          0x00000000        0x0 c:/freescale/kds_3.0.0/toolchain/bin/../lib/gcc/arm-none-eabi/4.8.4/armv7e-m/fpu/crti.o
 .bss           0x00000000        0x0 c:/freescale/kds_3.0.0/toolchain/bin/../lib/gcc/arm-none-eabi/4.8.4/armv7e-m/fpu/crti.o
 .data          0x00000000        0x4 c:/freescale/kds_3.0.0/toolchain/bin/../lib/gcc/arm-none-eabi/4.8.4/armv7e-m/fpu/crtbegin.o
 .data          0x00000000        0x0 c:/freescale/kds_3.0.0/toolchain/bin/../lib/gcc/arm-none-eabi/4.8.4/../../../../arm-none-eabi/lib/armv7e-m/fpu/crt0.o
 .bss           0x00000000        0x0 c:/freescale/kds_3.0.0/toolchain/bin/../lib/gcc/arm-none-eabi/4.8.4/../../../../arm-none-eabi/lib/armv7e-m/fpu/crt0.o
 .ARM.extab     0x00000000        0x0 c:/freescale/kds_3.0.0/toolchain/bin/../lib/gcc/arm-none-eabi/4.8.4/../../../../arm-none-eabi/lib/armv7e-m/fpu/crt0.o
 .group         0x00000000        0x8 ./Sources/AWG.o
 .group         0x00000000        0x8 ./Sources/AWG.o
 .group         0x00000000        0x8 ./Sources/AWG.o
 .group         0x00000000        0x8 ./Sources/AWG.o
 .group         0x00000000        0x8 ./Sources/AWG.o
 .text          0x00000000        0x0 ./Sources/AWG.o
 .data          0x00000000        0x0 ./Sources/AWG.o
 .bss           0x00000000        0x0 ./Sources/AWG.o
 .group         0x00000000        0x8 ./Sources/Events.o
 .group         0x00000000        0x8 ./Sources/Events.o
 .group         0x00000000        0x8 ./Sources/Events.o
 .group         0x00000000        0x8 ./Sources/Events.o
 .group         0x00000000        0x8 ./Sources/Events.o
 .group         0x00000000        0x8 ./Sources/Events.o
 .group         0x00000000        0x8 ./Sources/Events.o
 .group         0x00000000        0x8 ./Sources/Events.o
 .group         0x00000000        0x8 ./Sources/Events.o
 .text          0x00000000        0x0 ./Sources/Events.o
 .data          0x00000000        0x0 ./Sources/Events.o
 .bss           0x00000000        0x0 ./Sources/Events.o
 .debug_info    0x00000000       0x7d ./Sources/Events.o
 .debug_abbrev  0x00000000       0x29 ./Sources/Events.o
 .debug_aranges
                0x00000000       0x18 ./Sources/Events.o
 .debug_macro   0x00000000       0x9f ./Sources/Events.o
 .debug_macro   0x00000000      0x850 ./Sources/Events.o
 .debug_macro   0x00000000       0x16 ./Sources/Events.o
 .debug_macro   0x00000000       0x44 ./Sources/Events.o
 .debug_macro   0x00000000      0x209 ./Sources/Events.o
 .debug_macro   0x00000000     0x17fa ./Sources/Events.o
 .debug_macro   0x00000000      0x14e ./Sources/Events.o
 .debug_macro   0x00000000       0x64 ./Sources/Events.o
 .debug_macro   0x00000000    0x174c1 ./Sources/Events.o
 .debug_macro   0x00000000       0x94 ./Sources/Events.o
 .debug_line    0x00000000      0x29a ./Sources/Events.o
 .debug_str     0x00000000    0x8a615 ./Sources/Events.o
 .comment       0x00000000       0x71 ./Sources/Events.o
 .ARM.attributes
                0x00000000       0x39 ./Sources/Events.o
 .group         0x00000000        0x8 ./Sources/FIFO.o
 .group         0x00000000        0x8 ./Sources/FIFO.o
 .group         0x00000000        0x8 ./Sources/FIFO.o
 .group         0x00000000        0x8 ./Sources/FIFO.o
 .group         0x00000000        0x8 ./Sources/FIFO.o
 .group         0x00000000        0x8 ./Sources/FIFO.o
 .group         0x00000000        0x8 ./Sources/FIFO.o
 .group         0x00000000        0x8 ./Sources/FIFO.o
 .group         0x00000000        0x8 ./Sources/FIFO.o
 .group         0x00000000        0x8 ./Sources/FIFO.o
 .group         0x00000000        0x8 ./Sources/FIFO.o
 .text          0x00000000        0x0 ./Sources/FIFO.o
 .data          0x00000000        0x0 ./Sources/FIFO.o
 .bss           0x00000000        0x0 ./Sources/FIFO.o
 .debug_macro   0x00000000      0x850 ./Sources/FIFO.o
 .debug_macro   0x00000000       0x16 ./Sources/FIFO.o
 .debug_macro   0x00000000       0x44 ./Sources/FIFO.o
 .debug_macro   0x00000000      0x209 ./Sources/FIFO.o
 .debug_macro   0x00000000      0x14e ./Sources/FIFO.o
 .debug_macro   0x00000000       0x64 ./Sources/FIFO.o
 .debug_macro   0x00000000    0x174c1 ./Sources/FIFO.o
 .debug_macro   0x00000000       0x94 ./Sources/FIFO.o
 .group         0x00000000        0x8 ./Sources/LEDs.o
 .group         0x00000000        0x8 ./Sources/LEDs.o
 .group         0x00000000        0x8 ./Sources/LEDs.o
 .group         0x00000000        0x8 ./Sources/LEDs.o
 .group         0x00000000        0x8 ./Sources/LEDs.o
 .text          0x00000000        0x0 ./Sources/LEDs.o
 .data          0x00000000        0x0 ./Sources/LEDs.o
 .bss           0x00000000        0x0 ./Sources/LEDs.o
 .text.LEDs_On  0x00000000       0x24 ./Sources/LEDs.o
 .text.LEDs_Off
                0x00000000       0x24 ./Sources/LEDs.o
 .text.LEDs_Toggle
                0x00000000       0x24 ./Sources/LEDs.o
 .debug_macro   0x00000000      0x850 ./Sources/LEDs.o
 .debug_macro   0x00000000       0x16 ./Sources/LEDs.o
 .debug_macro   0x00000000       0x44 ./Sources/LEDs.o
 .debug_macro   0x00000000      0x209 ./Sources/LEDs.o
 .debug_macro   0x00000000    0x174c1 ./Sources/LEDs.o
 .group         0x00000000        0x8 ./Sources/PIT.o
 .group         0x00000000        0x8 ./Sources/PIT.o
 .group         0x00000000        0x8 ./Sources/PIT.o
 .group         0x00000000        0x8 ./Sources/PIT.o
 .group         0x00000000        0x8 ./Sources/PIT.o
 .group         0x00000000        0x8 ./Sources/PIT.o
 .group         0x00000000        0x8 ./Sources/PIT.o
 .text          0x00000000        0x0 ./Sources/PIT.o
 .data          0x00000000        0x0 ./Sources/PIT.o
 .bss           0x00000000        0x0 ./Sources/PIT.o
 .debug_macro   0x00000000      0x850 ./Sources/PIT.o
 .debug_macro   0x00000000       0x16 ./Sources/PIT.o
 .debug_macro   0x00000000       0x44 ./Sources/PIT.o
 .debug_macro   0x00000000      0x209 ./Sources/PIT.o
 .debug_macro   0x00000000       0x22 ./Sources/PIT.o
 .debug_macro   0x00000000       0x2a ./Sources/PIT.o
 .debug_macro   0x00000000    0x174c1 ./Sources/PIT.o
 .group         0x00000000        0x8 ./Sources/SPI.o
 .group         0x00000000        0x8 ./Sources/SPI.o
 .group         0x00000000        0x8 ./Sources/SPI.o
 .group         0x00000000        0x8 ./Sources/SPI.o
 .group         0x00000000        0x8 ./Sources/SPI.o
 .text          0x00000000        0x0 ./Sources/SPI.o
 .data          0x00000000        0x0 ./Sources/SPI.o
 .bss           0x00000000        0x0 ./Sources/SPI.o
 .debug_macro   0x00000000      0x850 ./Sources/SPI.o
 .debug_macro   0x00000000       0x16 ./Sources/SPI.o
 .debug_macro   0x00000000       0x44 ./Sources/SPI.o
 .debug_macro   0x00000000      0x209 ./Sources/SPI.o
 .debug_macro   0x00000000    0x174c1 ./Sources/SPI.o
 .group         0x00000000        0x8 ./Sources/UART.o
 .group         0x00000000        0x8 ./Sources/UART.o
 .group         0x00000000        0x8 ./Sources/UART.o
 .group         0x00000000        0x8 ./Sources/UART.o
 .group         0x00000000        0x8 ./Sources/UART.o
 .group         0x00000000        0x8 ./Sources/UART.o
 .group         0x00000000        0x8 ./Sources/UART.o
 .group         0x00000000        0x8 ./Sources/UART.o
 .group         0x00000000        0x8 ./Sources/UART.o
 .group         0x00000000        0x8 ./Sources/UART.o
 .text          0x00000000        0x0 ./Sources/UART.o
 .data          0x00000000        0x0 ./Sources/UART.o
 .bss           0x00000000        0x0 ./Sources/UART.o
 .debug_macro   0x00000000      0x850 ./Sources/UART.o
 .debug_macro   0x00000000       0x16 ./Sources/UART.o
 .debug_macro   0x00000000       0x44 ./Sources/UART.o
 .debug_macro   0x00000000      0x209 ./Sources/UART.o
 .debug_macro   0x00000000       0x22 ./Sources/UART.o
 .debug_macro   0x00000000       0x2a ./Sources/UART.o
 .debug_macro   0x00000000    0x174c1 ./Sources/UART.o
 .debug_macro   0x00000000     0x1800 ./Sources/UART.o
 .group         0x00000000        0x8 ./Sources/analog.o
 .group         0x00000000        0x8 ./Sources/analog.o
 .group         0x00000000        0x8 ./Sources/analog.o
 .group         0x00000000        0x8 ./Sources/analog.o
 .group         0x00000000        0x8 ./Sources/analog.o
 .group         0x00000000        0x8 ./Sources/analog.o
 .group         0x00000000        0x8 ./Sources/analog.o
 .text          0x00000000        0x0 ./Sources/analog.o
 .data          0x00000000        0x0 ./Sources/analog.o
 .bss           0x00000000        0x0 ./Sources/analog.o
 .debug_macro   0x00000000      0x850 ./Sources/analog.o
 .debug_macro   0x00000000       0x16 ./Sources/analog.o
 .debug_macro   0x00000000       0x44 ./Sources/analog.o
 .debug_macro   0x00000000      0x209 ./Sources/analog.o
 .debug_macro   0x00000000    0x174c1 ./Sources/analog.o
 .debug_macro   0x00000000     0x1800 ./Sources/analog.o
 .group         0x00000000        0x8 ./Sources/main.o
 .group         0x00000000        0x8 ./Sources/main.o
 .group         0x00000000        0x8 ./Sources/main.o
 .group         0x00000000        0x8 ./Sources/main.o
 .group         0x00000000        0x8 ./Sources/main.o
 .group         0x00000000        0x8 ./Sources/main.o
 .group         0x00000000        0x8 ./Sources/main.o
 .group         0x00000000        0x8 ./Sources/main.o
 .group         0x00000000        0x8 ./Sources/main.o
 .group         0x00000000        0x8 ./Sources/main.o
 .group         0x00000000        0x8 ./Sources/main.o
 .group         0x00000000        0x8 ./Sources/main.o
 .group         0x00000000        0x8 ./Sources/main.o
 .group         0x00000000        0x8 ./Sources/main.o
 .group         0x00000000        0x8 ./Sources/main.o
 .text          0x00000000        0x0 ./Sources/main.o
 .data          0x00000000        0x0 ./Sources/main.o
 .bss           0x00000000        0x0 ./Sources/main.o
 .debug_macro   0x00000000      0x850 ./Sources/main.o
 .debug_macro   0x00000000       0x16 ./Sources/main.o
 .debug_macro   0x00000000       0x44 ./Sources/main.o
 .debug_macro   0x00000000      0x209 ./Sources/main.o
 .debug_macro   0x00000000       0x22 ./Sources/main.o
 .debug_macro   0x00000000       0x2a ./Sources/main.o
 .debug_macro   0x00000000     0x1800 ./Sources/main.o
 .debug_macro   0x00000000      0x14e ./Sources/main.o
 .debug_macro   0x00000000       0x64 ./Sources/main.o
 .debug_macro   0x00000000    0x174c1 ./Sources/main.o
 .debug_macro   0x00000000       0x94 ./Sources/main.o
 .debug_macro   0x00000000       0x10 ./Sources/main.o
 .debug_macro   0x00000000       0x10 ./Sources/main.o
 .debug_macro   0x00000000       0x3a ./Sources/main.o
 .debug_macro   0x00000000       0x46 ./Sources/main.o
 .group         0x00000000        0x8 ./Sources/packet.o
 .group         0x00000000        0x8 ./Sources/packet.o
 .group         0x00000000        0x8 ./Sources/packet.o
 .group         0x00000000        0x8 ./Sources/packet.o
 .group         0x00000000        0x8 ./Sources/packet.o
 .group         0x00000000        0x8 ./Sources/packet.o
 .group         0x00000000        0x8 ./Sources/packet.o
 .group         0x00000000        0x8 ./Sources/packet.o
 .text          0x00000000        0x0 ./Sources/packet.o
 .data          0x00000000        0x0 ./Sources/packet.o
 .bss           0x00000000        0x0 ./Sources/packet.o
 .debug_macro   0x00000000      0x850 ./Sources/packet.o
 .debug_macro   0x00000000       0x16 ./Sources/packet.o
 .debug_macro   0x00000000       0x44 ./Sources/packet.o
 .debug_macro   0x00000000      0x209 ./Sources/packet.o
 .debug_macro   0x00000000       0x22 ./Sources/packet.o
 .debug_macro   0x00000000       0x2a ./Sources/packet.o
 .debug_macro   0x00000000       0x3a ./Sources/packet.o
 .debug_macro   0x00000000    0x174c1 ./Sources/packet.o
 .group         0x00000000        0x8 ./Sources/waveform.o
 .group         0x00000000        0x8 ./Sources/waveform.o
 .group         0x00000000        0x8 ./Sources/waveform.o
 .group         0x00000000        0x8 ./Sources/waveform.o
 .text          0x00000000        0x0 ./Sources/waveform.o
 .data          0x00000000        0x0 ./Sources/waveform.o
 .bss           0x00000000        0x0 ./Sources/waveform.o
 .debug_macro   0x00000000      0x850 ./Sources/waveform.o
 .debug_macro   0x00000000       0x16 ./Sources/waveform.o
 .debug_macro   0x00000000       0x44 ./Sources/waveform.o
 .debug_macro   0x00000000      0x209 ./Sources/waveform.o
 .group         0x00000000        0x8 ./Project_Settings/Startup_Code/startup.o
 .group         0x00000000        0x8 ./Project_Settings/Startup_Code/startup.o
 .group         0x00000000        0x8 ./Project_Settings/Startup_Code/startup.o
 .group         0x00000000        0x8 ./Project_Settings/Startup_Code/startup.o
 .group         0x00000000        0x8 ./Project_Settings/Startup_Code/startup.o
 .group         0x00000000        0x8 ./Project_Settings/Startup_Code/startup.o
 .group         0x00000000        0x8 ./Project_Settings/Startup_Code/startup.o
 .group         0x00000000        0x8 ./Project_Settings/Startup_Code/startup.o
 .group         0x00000000        0x8 ./Project_Settings/Startup_Code/startup.o
 .group         0x00000000        0x8 ./Project_Settings/Startup_Code/startup.o
 .group         0x00000000        0x8 ./Project_Settings/Startup_Code/startup.o
 .group         0x00000000        0x8 ./Project_Settings/Startup_Code/startup.o
 .group         0x00000000        0x8 ./Project_Settings/Startup_Code/startup.o
 .group         0x00000000        0x8 ./Project_Settings/Startup_Code/startup.o
 .group         0x00000000        0x8 ./Project_Settings/Startup_Code/startup.o
 .group         0x00000000        0x8 ./Project_Settings/Startup_Code/startup.o
 .group         0x00000000        0x8 ./Project_Settings/Startup_Code/startup.o
 .group         0x00000000        0x8 ./Project_Settings/Startup_Code/startup.o
 .group         0x00000000        0x8 ./Project_Settings/Startup_Code/startup.o
 .text          0x00000000        0x0 ./Project_Settings/Startup_Code/startup.o
 .data          0x00000000        0x0 ./Project_Settings/Startup_Code/startup.o
 .bss           0x00000000        0x0 ./Project_Settings/Startup_Code/startup.o
 .text.__init_hardware
                0x00000000        0xc ./Project_Settings/Startup_Code/startup.o
 .text.__iar_program_start
                0x00000000        0xc ./Project_Settings/Startup_Code/startup.o
 .debug_macro   0x00000000      0x850 ./Project_Settings/Startup_Code/startup.o
 .debug_macro   0x00000000       0x16 ./Project_Settings/Startup_Code/startup.o
 .group         0x00000000        0x8 ./Generated_Code/Cpu.o
 .group         0x00000000        0x8 ./Generated_Code/Cpu.o
 .group         0x00000000        0x8 ./Generated_Code/Cpu.o
 .group         0x00000000        0x8 ./Generated_Code/Cpu.o
 .group         0x00000000        0x8 ./Generated_Code/Cpu.o
 .group         0x00000000        0x8 ./Generated_Code/Cpu.o
 .group         0x00000000        0x8 ./Generated_Code/Cpu.o
 .group         0x00000000        0x8 ./Generated_Code/Cpu.o
 .group         0x00000000        0x8 ./Generated_Code/Cpu.o
 .text          0x00000000        0x0 ./Generated_Code/Cpu.o
 .data          0x00000000        0x0 ./Generated_Code/Cpu.o
 .bss           0x00000000        0x0 ./Generated_Code/Cpu.o
 .debug_macro   0x00000000      0x850 ./Generated_Code/Cpu.o
 .debug_macro   0x00000000       0x16 ./Generated_Code/Cpu.o
 .debug_macro   0x00000000       0x44 ./Generated_Code/Cpu.o
 .debug_macro   0x00000000      0x209 ./Generated_Code/Cpu.o
 .debug_macro   0x00000000     0x17fa ./Generated_Code/Cpu.o
 .debug_macro   0x00000000      0x14e ./Generated_Code/Cpu.o
 .debug_macro   0x00000000       0x64 ./Generated_Code/Cpu.o
 .debug_macro   0x00000000    0x174c1 ./Generated_Code/Cpu.o
 .group         0x00000000        0x8 ./Generated_Code/PE_LDD.o
 .group         0x00000000        0x8 ./Generated_Code/PE_LDD.o
 .group         0x00000000        0x8 ./Generated_Code/PE_LDD.o
 .group         0x00000000        0x8 ./Generated_Code/PE_LDD.o
 .group         0x00000000        0x8 ./Generated_Code/PE_LDD.o
 .group         0x00000000        0x8 ./Generated_Code/PE_LDD.o
 .group         0x00000000        0x8 ./Generated_Code/PE_LDD.o
 .group         0x00000000        0x8 ./Generated_Code/PE_LDD.o
 .group         0x00000000        0x8 ./Generated_Code/PE_LDD.o
 .text          0x00000000        0x0 ./Generated_Code/PE_LDD.o
 .data          0x00000000        0x0 ./Generated_Code/PE_LDD.o
 .bss           0x00000000        0x0 ./Generated_Code/PE_LDD.o
 .rodata.PE_CpuClockConfigurations
                0x00000000       0x28 ./Generated_Code/PE_LDD.o
 .text.PE_FillMemory
                0x00000000       0x24 ./Generated_Code/PE_LDD.o
 .text.PE_PeripheralUsed
                0x00000000       0x18 ./Generated_Code/PE_LDD.o
 .text.LDD_SetClockConfiguration
                0x00000000       0x14 ./Generated_Code/PE_LDD.o
 .debug_info    0x00000000      0x215 ./Generated_Code/PE_LDD.o
 .debug_abbrev  0x00000000       0xf3 ./Generated_Code/PE_LDD.o
 .debug_aranges
                0x00000000       0x30 ./Generated_Code/PE_LDD.o
 .debug_ranges  0x00000000       0x20 ./Generated_Code/PE_LDD.o
 .debug_macro   0x00000000       0x8f ./Generated_Code/PE_LDD.o
 .debug_macro   0x00000000      0x850 ./Generated_Code/PE_LDD.o
 .debug_macro   0x00000000       0x16 ./Generated_Code/PE_LDD.o
 .debug_macro   0x00000000       0x44 ./Generated_Code/PE_LDD.o
 .debug_macro   0x00000000      0x209 ./Generated_Code/PE_LDD.o
 .debug_macro   0x00000000     0x17fa ./Generated_Code/PE_LDD.o
 .debug_macro   0x00000000      0x14e ./Generated_Code/PE_LDD.o
 .debug_macro   0x00000000       0x64 ./Generated_Code/PE_LDD.o
 .debug_macro   0x00000000    0x174c1 ./Generated_Code/PE_LDD.o
 .debug_macro   0x00000000       0x94 ./Generated_Code/PE_LDD.o
 .debug_line    0x00000000      0x271 ./Generated_Code/PE_LDD.o
 .debug_str     0x00000000    0x8a7aa ./Generated_Code/PE_LDD.o
 .comment       0x00000000       0x71 ./Generated_Code/PE_LDD.o
 .ARM.attributes
                0x00000000       0x39 ./Generated_Code/PE_LDD.o
 .debug_frame   0x00000000       0x64 ./Generated_Code/PE_LDD.o
 .group         0x00000000        0x8 ./Generated_Code/Vectors.o
 .group         0x00000000        0x8 ./Generated_Code/Vectors.o
 .group         0x00000000        0x8 ./Generated_Code/Vectors.o
 .group         0x00000000        0x8 ./Generated_Code/Vectors.o
 .group         0x00000000        0x8 ./Generated_Code/Vectors.o
 .group         0x00000000        0x8 ./Generated_Code/Vectors.o
 .group         0x00000000        0x8 ./Generated_Code/Vectors.o
 .group         0x00000000        0x8 ./Generated_Code/Vectors.o
 .group         0x00000000        0x8 ./Generated_Code/Vectors.o
 .group         0x00000000        0x8 ./Generated_Code/Vectors.o
 .group         0x00000000        0x8 ./Generated_Code/Vectors.o
 .text          0x00000000        0x0 ./Generated_Code/Vectors.o
 .data          0x00000000        0x0 ./Generated_Code/Vectors.o
 .bss           0x00000000        0x0 ./Generated_Code/Vectors.o
 .debug_macro   0x00000000      0x850 ./Generated_Code/Vectors.o
 .debug_macro   0x00000000       0x16 ./Generated_Code/Vectors.o
 .debug_macro   0x00000000       0x44 ./Generated_Code/Vectors.o
 .debug_macro   0x00000000      0x209 ./Generated_Code/Vectors.o
 .debug_macro   0x00000000       0x22 ./Generated_Code/Vectors.o
 .debug_macro   0x00000000       0x2a ./Generated_Code/Vectors.o
 .debug_macro   0x00000000     0x1800 ./Generated_Code/Vectors.o
 .debug_macro   0x00000000      0x14e ./Generated_Code/Vectors.o
 .debug_macro   0x00000000       0x64 ./Generated_Code/Vectors.o
 .debug_macro   0x00000000    0x174c1 ./Generated_Code/Vectors.o
 .debug_macro   0x00000000       0x94 ./Generated_Code/Vectors.o
 .group         0x00000000        0x8 D:\UTS\Year 3\Spring Semester\48434 - Embedded Software\SVN\embedded_software\Project - Yasin\Library\libOS.a(OS.o)
 .group         0x00000000        0x8 D:\UTS\Year 3\Spring Semester\48434 - Embedded Software\SVN\embedded_software\Project - Yasin\Library\libOS.a(OS.o)
 .group         0x00000000        0x8 D:\UTS\Year 3\Spring Semester\48434 - Embedded Software\SVN\embedded_software\Project - Yasin\Library\libOS.a(OS.o)
 .group         0x00000000        0x8 D:\UTS\Year 3\Spring Semester\48434 - Embedded Software\SVN\embedded_software\Project - Yasin\Library\libOS.a(OS.o)
 .group         0x00000000        0x8 D:\UTS\Year 3\Spring Semester\48434 - Embedded Software\SVN\embedded_software\Project - Yasin\Library\libOS.a(OS.o)
 .group         0x00000000        0x8 D:\UTS\Year 3\Spring Semester\48434 - Embedded Software\SVN\embedded_software\Project - Yasin\Library\libOS.a(OS.o)
 .group         0x00000000        0x8 D:\UTS\Year 3\Spring Semester\48434 - Embedded Software\SVN\embedded_software\Project - Yasin\Library\libOS.a(OS.o)
 .group         0x00000000        0x8 D:\UTS\Year 3\Spring Semester\48434 - Embedded Software\SVN\embedded_software\Project - Yasin\Library\libOS.a(OS.o)
 .group         0x00000000        0x8 D:\UTS\Year 3\Spring Semester\48434 - Embedded Software\SVN\embedded_software\Project - Yasin\Library\libOS.a(OS.o)
 .group         0x00000000        0x8 D:\UTS\Year 3\Spring Semester\48434 - Embedded Software\SVN\embedded_software\Project - Yasin\Library\libOS.a(OS.o)
 .group         0x00000000        0x8 D:\UTS\Year 3\Spring Semester\48434 - Embedded Software\SVN\embedded_software\Project - Yasin\Library\libOS.a(OS.o)
 .text          0x00000000        0x0 D:\UTS\Year 3\Spring Semester\48434 - Embedded Software\SVN\embedded_software\Project - Yasin\Library\libOS.a(OS.o)
 .data          0x00000000        0x0 D:\UTS\Year 3\Spring Semester\48434 - Embedded Software\SVN\embedded_software\Project - Yasin\Library\libOS.a(OS.o)
 .bss           0x00000000        0x0 D:\UTS\Year 3\Spring Semester\48434 - Embedded Software\SVN\embedded_software\Project - Yasin\Library\libOS.a(OS.o)
 .rodata.OS_TICK_FREQUENCY
                0x00000000        0x4 D:\UTS\Year 3\Spring Semester\48434 - Embedded Software\SVN\embedded_software\Project - Yasin\Library\libOS.a(OS.o)
 .text.OS_TimeDelay
                0x00000000       0x48 D:\UTS\Year 3\Spring Semester\48434 - Embedded Software\SVN\embedded_software\Project - Yasin\Library\libOS.a(OS.o)
 .text.OS_TimeGet
                0x00000000       0x24 D:\UTS\Year 3\Spring Semester\48434 - Embedded Software\SVN\embedded_software\Project - Yasin\Library\libOS.a(OS.o)
 .text.OS_TimeSet
                0x00000000       0x20 D:\UTS\Year 3\Spring Semester\48434 - Embedded Software\SVN\embedded_software\Project - Yasin\Library\libOS.a(OS.o)
 .debug_macro   0x00000000      0x850 D:\UTS\Year 3\Spring Semester\48434 - Embedded Software\SVN\embedded_software\Project - Yasin\Library\libOS.a(OS.o)
 .debug_macro   0x00000000       0x16 D:\UTS\Year 3\Spring Semester\48434 - Embedded Software\SVN\embedded_software\Project - Yasin\Library\libOS.a(OS.o)
 .debug_macro   0x00000000       0x44 D:\UTS\Year 3\Spring Semester\48434 - Embedded Software\SVN\embedded_software\Project - Yasin\Library\libOS.a(OS.o)
 .debug_macro   0x00000000      0x209 D:\UTS\Year 3\Spring Semester\48434 - Embedded Software\SVN\embedded_software\Project - Yasin\Library\libOS.a(OS.o)
 .debug_macro   0x00000000     0x17fa D:\UTS\Year 3\Spring Semester\48434 - Embedded Software\SVN\embedded_software\Project - Yasin\Library\libOS.a(OS.o)
 .debug_macro   0x00000000      0x14e D:\UTS\Year 3\Spring Semester\48434 - Embedded Software\SVN\embedded_software\Project - Yasin\Library\libOS.a(OS.o)
 .debug_macro   0x00000000       0x64 D:\UTS\Year 3\Spring Semester\48434 - Embedded Software\SVN\embedded_software\Project - Yasin\Library\libOS.a(OS.o)
 .debug_macro   0x00000000    0x174c1 D:\UTS\Year 3\Spring Semester\48434 - Embedded Software\SVN\embedded_software\Project - Yasin\Library\libOS.a(OS.o)
 .debug_macro   0x00000000       0x94 D:\UTS\Year 3\Spring Semester\48434 - Embedded Software\SVN\embedded_software\Project - Yasin\Library\libOS.a(OS.o)
 .debug_macro   0x00000000       0x22 D:\UTS\Year 3\Spring Semester\48434 - Embedded Software\SVN\embedded_software\Project - Yasin\Library\libOS.a(OS.o)
 .debug_macro   0x00000000       0x2a D:\UTS\Year 3\Spring Semester\48434 - Embedded Software\SVN\embedded_software\Project - Yasin\Library\libOS.a(OS.o)
 .text          0x00000000        0x0 c:/freescale/kds_3.0.0/toolchain/bin/../lib/gcc/arm-none-eabi/4.8.4/../../../../arm-none-eabi/lib/armv7e-m/fpu\libg_s.a(lib_a-exit.o)
 .data          0x00000000        0x0 c:/freescale/kds_3.0.0/toolchain/bin/../lib/gcc/arm-none-eabi/4.8.4/../../../../arm-none-eabi/lib/armv7e-m/fpu\libg_s.a(lib_a-exit.o)
 .bss           0x00000000        0x0 c:/freescale/kds_3.0.0/toolchain/bin/../lib/gcc/arm-none-eabi/4.8.4/../../../../arm-none-eabi/lib/armv7e-m/fpu\libg_s.a(lib_a-exit.o)
 .text          0x00000000        0x0 c:/freescale/kds_3.0.0/toolchain/bin/../lib/gcc/arm-none-eabi/4.8.4/../../../../arm-none-eabi/lib/armv7e-m/fpu\libg_s.a(lib_a-impure.o)
 .data          0x00000000        0x0 c:/freescale/kds_3.0.0/toolchain/bin/../lib/gcc/arm-none-eabi/4.8.4/../../../../arm-none-eabi/lib/armv7e-m/fpu\libg_s.a(lib_a-impure.o)
 .bss           0x00000000        0x0 c:/freescale/kds_3.0.0/toolchain/bin/../lib/gcc/arm-none-eabi/4.8.4/../../../../arm-none-eabi/lib/armv7e-m/fpu\libg_s.a(lib_a-impure.o)
 .data._impure_ptr
                0x00000000        0x4 c:/freescale/kds_3.0.0/toolchain/bin/../lib/gcc/arm-none-eabi/4.8.4/../../../../arm-none-eabi/lib/armv7e-m/fpu\libg_s.a(lib_a-impure.o)
 .text          0x00000000        0x0 c:/freescale/kds_3.0.0/toolchain/bin/../lib/gcc/arm-none-eabi/4.8.4/../../../../arm-none-eabi/lib/armv7e-m/fpu\libg_s.a(lib_a-init.o)
 .data          0x00000000        0x0 c:/freescale/kds_3.0.0/toolchain/bin/../lib/gcc/arm-none-eabi/4.8.4/../../../../arm-none-eabi/lib/armv7e-m/fpu\libg_s.a(lib_a-init.o)
 .bss           0x00000000        0x0 c:/freescale/kds_3.0.0/toolchain/bin/../lib/gcc/arm-none-eabi/4.8.4/../../../../arm-none-eabi/lib/armv7e-m/fpu\libg_s.a(lib_a-init.o)
 .text          0x00000000        0x0 c:/freescale/kds_3.0.0/toolchain/bin/../lib/gcc/arm-none-eabi/4.8.4/../../../../arm-none-eabi/lib/armv7e-m/fpu\libg_s.a(lib_a-memset.o)
 .data          0x00000000        0x0 c:/freescale/kds_3.0.0/toolchain/bin/../lib/gcc/arm-none-eabi/4.8.4/../../../../arm-none-eabi/lib/armv7e-m/fpu\libg_s.a(lib_a-memset.o)
 .bss           0x00000000        0x0 c:/freescale/kds_3.0.0/toolchain/bin/../lib/gcc/arm-none-eabi/4.8.4/../../../../arm-none-eabi/lib/armv7e-m/fpu\libg_s.a(lib_a-memset.o)
 .text          0x00000000        0x0 c:/freescale/kds_3.0.0/toolchain/bin/../lib/gcc/arm-none-eabi/4.8.4/../../../../arm-none-eabi/lib/armv7e-m/fpu\libnosys.a(_exit.o)
 .data          0x00000000        0x0 c:/freescale/kds_3.0.0/toolchain/bin/../lib/gcc/arm-none-eabi/4.8.4/../../../../arm-none-eabi/lib/armv7e-m/fpu\libnosys.a(_exit.o)
 .bss           0x00000000        0x0 c:/freescale/kds_3.0.0/toolchain/bin/../lib/gcc/arm-none-eabi/4.8.4/../../../../arm-none-eabi/lib/armv7e-m/fpu\libnosys.a(_exit.o)
 .text          0x00000000        0x0 c:/freescale/kds_3.0.0/toolchain/bin/../lib/gcc/arm-none-eabi/4.8.4/armv7e-m/fpu/crtend.o
 .data          0x00000000        0x0 c:/freescale/kds_3.0.0/toolchain/bin/../lib/gcc/arm-none-eabi/4.8.4/armv7e-m/fpu/crtend.o
 .bss           0x00000000        0x0 c:/freescale/kds_3.0.0/toolchain/bin/../lib/gcc/arm-none-eabi/4.8.4/armv7e-m/fpu/crtend.o
 .eh_frame      0x00000000        0x4 c:/freescale/kds_3.0.0/toolchain/bin/../lib/gcc/arm-none-eabi/4.8.4/armv7e-m/fpu/crtend.o
 .jcr           0x00000000        0x4 c:/freescale/kds_3.0.0/toolchain/bin/../lib/gcc/arm-none-eabi/4.8.4/armv7e-m/fpu/crtend.o
 .ARM.attributes
                0x00000000       0x34 c:/freescale/kds_3.0.0/toolchain/bin/../lib/gcc/arm-none-eabi/4.8.4/armv7e-m/fpu/crtend.o
 .text          0x00000000        0x0 c:/freescale/kds_3.0.0/toolchain/bin/../lib/gcc/arm-none-eabi/4.8.4/armv7e-m/fpu/crtn.o
 .data          0x00000000        0x0 c:/freescale/kds_3.0.0/toolchain/bin/../lib/gcc/arm-none-eabi/4.8.4/armv7e-m/fpu/crtn.o
 .bss           0x00000000        0x0 c:/freescale/kds_3.0.0/toolchain/bin/../lib/gcc/arm-none-eabi/4.8.4/armv7e-m/fpu/crtn.o

Memory Configuration

Name             Origin             Length             Attributes
m_interrupts     0x00000000         0x000001e8         xr
m_text           0x00000410         0x0007fbf0         xr
m_data           0x1fff0000         0x00010000         rw
m_data_20000000  0x20000000         0x00010000         rw
m_cfmprotrom     0x00000400         0x00000010         xr
*default*        0x00000000         0xffffffff

Linker script and memory map

LOAD c:/freescale/kds_3.0.0/toolchain/bin/../lib/gcc/arm-none-eabi/4.8.4/armv7e-m/fpu/crti.o
LOAD c:/freescale/kds_3.0.0/toolchain/bin/../lib/gcc/arm-none-eabi/4.8.4/armv7e-m/fpu/crtbegin.o
LOAD c:/freescale/kds_3.0.0/toolchain/bin/../lib/gcc/arm-none-eabi/4.8.4/../../../../arm-none-eabi/lib/armv7e-m/fpu/crt0.o
LOAD ./Sources/AWG.o
LOAD ./Sources/Events.o
LOAD ./Sources/FIFO.o
LOAD ./Sources/LEDs.o
LOAD ./Sources/PIT.o
LOAD ./Sources/SPI.o
LOAD ./Sources/UART.o
LOAD ./Sources/analog.o
LOAD ./Sources/main.o
LOAD ./Sources/packet.o
LOAD ./Sources/waveform.o
LOAD ./Project_Settings/Startup_Code/startup.o
LOAD ./Generated_Code/Cpu.o
LOAD ./Generated_Code/PE_LDD.o
LOAD ./Generated_Code/Vectors.o
LOAD D:\UTS\Year 3\Spring Semester\48434 - Embedded Software\SVN\embedded_software\Project - Yasin\Library\libOS.a
LOAD c:/freescale/kds_3.0.0/toolchain/bin/../lib/gcc/arm-none-eabi/4.8.4/../../../../arm-none-eabi/lib/armv7e-m/fpu\libstdc++_s.a
LOAD c:/freescale/kds_3.0.0/toolchain/bin/../lib/gcc/arm-none-eabi/4.8.4/../../../../arm-none-eabi/lib/armv7e-m/fpu\libm.a
START GROUP
LOAD c:/freescale/kds_3.0.0/toolchain/bin/../lib/gcc/arm-none-eabi/4.8.4/armv7e-m/fpu\libgcc.a
LOAD c:/freescale/kds_3.0.0/toolchain/bin/../lib/gcc/arm-none-eabi/4.8.4/../../../../arm-none-eabi/lib/armv7e-m/fpu\libg_s.a
LOAD c:/freescale/kds_3.0.0/toolchain/bin/../lib/gcc/arm-none-eabi/4.8.4/../../../../arm-none-eabi/lib/armv7e-m/fpu\libc_s.a
END GROUP
START GROUP
LOAD c:/freescale/kds_3.0.0/toolchain/bin/../lib/gcc/arm-none-eabi/4.8.4/armv7e-m/fpu\libgcc.a
LOAD c:/freescale/kds_3.0.0/toolchain/bin/../lib/gcc/arm-none-eabi/4.8.4/../../../../arm-none-eabi/lib/armv7e-m/fpu\libc_s.a
LOAD c:/freescale/kds_3.0.0/toolchain/bin/../lib/gcc/arm-none-eabi/4.8.4/../../../../arm-none-eabi/lib/armv7e-m/fpu\libnosys.a
END GROUP
START GROUP
LOAD c:/freescale/kds_3.0.0/toolchain/bin/../lib/gcc/arm-none-eabi/4.8.4/armv7e-m/fpu\libgcc.a
LOAD c:/freescale/kds_3.0.0/toolchain/bin/../lib/gcc/arm-none-eabi/4.8.4/../../../../arm-none-eabi/lib/armv7e-m/fpu\libc_s.a
LOAD c:/freescale/kds_3.0.0/toolchain/bin/../lib/gcc/arm-none-eabi/4.8.4/../../../../arm-none-eabi/lib/armv7e-m/fpu\libnosys.a
END GROUP
LOAD c:/freescale/kds_3.0.0/toolchain/bin/../lib/gcc/arm-none-eabi/4.8.4/armv7e-m/fpu/crtend.o
LOAD c:/freescale/kds_3.0.0/toolchain/bin/../lib/gcc/arm-none-eabi/4.8.4/armv7e-m/fpu/crtn.o
                0x20000000                _estack = 0x20000000
                0x20000000                __SP_INIT = _estack
                0x20000000                __stack = _estack
                0x00000000                __heap_size = 0x0
                0x00000400                __stack_size = 0x400

.interrupts     0x00000000      0x1e8
                0x00000000                __vector_table = .
                0x00000000                . = ALIGN (0x4)
 *(.vectortable)
 .vectortable   0x00000000      0x1e8 ./Generated_Code/Vectors.o
                0x00000000                __vect_table
                0x000001e8                . = ALIGN (0x4)

.cfmprotect     0x00000400       0x10
                0x00000400                . = ALIGN (0x4)
 *(.cfmconfig)
 .cfmconfig     0x00000400       0x10 ./Generated_Code/Cpu.o
                0x00000400                _cfm
                0x00000410                . = ALIGN (0x4)

.text           0x00000410     0x2544
                0x00000410                . = ALIGN (0x4)
 *(.text)
 .text          0x00000410       0x54 c:/freescale/kds_3.0.0/toolchain/bin/../lib/gcc/arm-none-eabi/4.8.4/armv7e-m/fpu/crtbegin.o
 .text          0x00000464       0x74 c:/freescale/kds_3.0.0/toolchain/bin/../lib/gcc/arm-none-eabi/4.8.4/../../../../arm-none-eabi/lib/armv7e-m/fpu/crt0.o
                0x00000464                _start
                0x00000464                _mainCRTStartup
 *(.text*)
 .text.AWG_Init
                0x000004d8       0x20 ./Sources/AWG.o
                0x000004d8                AWG_Init
 .text.AWG_Output
                0x000004f8       0x78 ./Sources/AWG.o
                0x000004f8                AWG_Output
 .text.SamplePeriod
                0x00000570       0xb0 ./Sources/AWG.o
                0x00000570                SamplePeriod
 .text.MangnitudeCheck
                0x00000620       0x38 ./Sources/AWG.o
                0x00000620                MangnitudeCheck
 .text.FIFO_Init
                0x00000658       0x4c ./Sources/FIFO.o
                0x00000658                FIFO_Init
 .text.FIFO_Put
                0x000006a4       0x88 ./Sources/FIFO.o
                0x000006a4                FIFO_Put
 .text.FIFO_Get
                0x0000072c       0x88 ./Sources/FIFO.o
                0x0000072c                FIFO_Get
 .text.LEDs_Init
                0x000007b4       0xc4 ./Sources/LEDs.o
                0x000007b4                LEDs_Init
 .text.PIT_Init
                0x00000878       0x90 ./Sources/PIT.o
                0x00000878                PIT_Init
 .text.PIT_Set  0x00000908       0x5c ./Sources/PIT.o
                0x00000908                PIT_Set
 .text.PIT_Enable
                0x00000964       0x40 ./Sources/PIT.o
                0x00000964                PIT_Enable
 .text.PIT_ISR  0x000009a4       0x40 ./Sources/PIT.o
                0x000009a4                PIT_ISR
 .text.SPI_Init
                0x000009e4      0x2b8 ./Sources/SPI.o
                0x000009e4                SPI_Init
 .text.SPI_SelectSlaveDevice
                0x00000c9c       0x90 ./Sources/SPI.o
                0x00000c9c                SPI_SelectSlaveDevice
 .text.SPI_Exchange
                0x00000d2c       0x94 ./Sources/SPI.o
                0x00000d2c                SPI_Exchange
 .text.SPI_SetBaudRate
                0x00000dc0      0x1c0 ./Sources/SPI.o
 .text.UART_Init
                0x00000f80      0x22c ./Sources/UART.o
                0x00000f80                UART_Init
 .text.UART_InChar
                0x000011ac       0x1c ./Sources/UART.o
                0x000011ac                UART_InChar
 .text.UART_OutChar
                0x000011c8       0x20 ./Sources/UART.o
                0x000011c8                UART_OutChar
 .text.TxThread
                0x000011e8       0x44 ./Sources/UART.o
                0x000011e8                TxThread
 .text.RxThread
                0x0000122c       0x40 ./Sources/UART.o
                0x0000122c                RxThread
 .text.UART_ISR
                0x0000126c       0x98 ./Sources/UART.o
                0x0000126c                UART_ISR
 .text.Analog_Init
                0x00001304       0x88 ./Sources/analog.o
                0x00001304                Analog_Init
 .text.Analog_Put
                0x0000138c       0x54 ./Sources/analog.o
                0x0000138c                Analog_Put
 .text.main     0x000013e0       0x7c ./Sources/main.o
                0x000013e0                main
 .text.InitThread
                0x0000145c       0x3c ./Sources/main.o
 .text.PacketThread
                0x00001498       0x90 ./Sources/main.o
 .text.PITThread
                0x00001528       0xc0 ./Sources/main.o
 .text.Channel_Init
                0x000015e8       0xf8 ./Sources/main.o
                0x000015e8                Channel_Init
 .text.Channel_Control
                0x000016e0      0x1c8 ./Sources/main.o
                0x000016e0                Channel_Control
 .text.Packet_Init
                0x000018a8       0x2c ./Sources/packet.o
                0x000018a8                Packet_Init
 .text.Packet_Validate
                0x000018d4       0x5c ./Sources/packet.o
                0x000018d4                Packet_Validate
 .text.Packet_Get
                0x00001930       0x48 ./Sources/packet.o
                0x00001930                Packet_Get
 .text.Packet_Put
                0x00001978       0x68 ./Sources/packet.o
                0x00001978                Packet_Put
 .text.Square_Init
                0x000019e0       0x28 ./Sources/waveform.o
                0x000019e0                Square_Init
 .text.Waveform_Square
                0x00001a08       0x54 ./Sources/waveform.o
                0x00001a08                Waveform_Square
 .text.Sawtooth_Init
                0x00001a5c       0x24 ./Sources/waveform.o
                0x00001a5c                Sawtooth_Init
 .text.Waveform_Sawtooth
                0x00001a80       0x54 ./Sources/waveform.o
                0x00001a80                Waveform_Sawtooth
 .text.__copy_rom_section
                0x00001ad4       0xe4 ./Project_Settings/Startup_Code/startup.o
                0x00001ad4                __copy_rom_section
 .text.__copy_rom_sections_to_ram
                0x00001bb8       0x9c ./Project_Settings/Startup_Code/startup.o
                0x00001bb8                __copy_rom_sections_to_ram
 .text.__init_registers
                0x00001c54       0x20 ./Project_Settings/Startup_Code/startup.o
                0x00001c54                __init_registers
 .text.__init_user
                0x00001c74        0xc ./Project_Settings/Startup_Code/startup.o
                0x00001c74                __init_user
 .text.__thumb_startup
                0x00001c80       0x34 ./Project_Settings/Startup_Code/startup.o
                0x00001c80                __thumb_startup
 .text.Cpu_Interrupt
                0x00001cb4       0x18 ./Generated_Code/Cpu.o
                0x00001cb4                Cpu_Interrupt
 .text.__init_hardware
                0x00001ccc      0x17c ./Generated_Code/Cpu.o
                0x00001ccc                __init_hardware
 .text.Cpu_SetBASEPRI
                0x00001e48       0x18 ./Generated_Code/Cpu.o
                0x00001e48                Cpu_SetBASEPRI
 .text.PE_low_level_init
                0x00001e60       0xe4 ./Generated_Code/Cpu.o
                0x00001e60                PE_low_level_init
 .text.OS_Init  0x00001f44      0x108 D:\UTS\Year 3\Spring Semester\48434 - Embedded Software\SVN\embedded_software\Project - Yasin\Library\libOS.a(OS.o)
                0x00001f44                OS_Init
 .text.OS_ISREnter
                0x0000204c       0x20 D:\UTS\Year 3\Spring Semester\48434 - Embedded Software\SVN\embedded_software\Project - Yasin\Library\libOS.a(OS.o)
                0x0000204c                OS_ISREnter
 .text.OS_ISRExit
                0x0000206c       0x1c D:\UTS\Year 3\Spring Semester\48434 - Embedded Software\SVN\embedded_software\Project - Yasin\Library\libOS.a(OS.o)
                0x0000206c                OS_ISRExit
 .text.OS_SemaphoreCreate
                0x00002088       0x90 D:\UTS\Year 3\Spring Semester\48434 - Embedded Software\SVN\embedded_software\Project - Yasin\Library\libOS.a(OS.o)
                0x00002088                OS_SemaphoreCreate
 .text.OS_SemaphoreSignal
                0x00002118       0x44 D:\UTS\Year 3\Spring Semester\48434 - Embedded Software\SVN\embedded_software\Project - Yasin\Library\libOS.a(OS.o)
                0x00002118                OS_SemaphoreSignal
 .text.OS_SemaphoreWait
                0x0000215c       0x58 D:\UTS\Year 3\Spring Semester\48434 - Embedded Software\SVN\embedded_software\Project - Yasin\Library\libOS.a(OS.o)
                0x0000215c                OS_SemaphoreWait
 .text.OS_Start
                0x000021b4       0x10 D:\UTS\Year 3\Spring Semester\48434 - Embedded Software\SVN\embedded_software\Project - Yasin\Library\libOS.a(OS.o)
                0x000021b4                OS_Start
 .text.OS_ThreadCreate
                0x000021c4      0x160 D:\UTS\Year 3\Spring Semester\48434 - Embedded Software\SVN\embedded_software\Project - Yasin\Library\libOS.a(OS.o)
                0x000021c4                OS_ThreadCreate
 .text.OS_ThreadDelete
                0x00002324      0x180 D:\UTS\Year 3\Spring Semester\48434 - Embedded Software\SVN\embedded_software\Project - Yasin\Library\libOS.a(OS.o)
                0x00002324                OS_ThreadDelete
 .text.EventThreadReady
                0x000024a4       0x68 D:\UTS\Year 3\Spring Semester\48434 - Embedded Software\SVN\embedded_software\Project - Yasin\Library\libOS.a(OS.o)
 .text.EventThreadWait
                0x0000250c       0x64 D:\UTS\Year 3\Spring Semester\48434 - Embedded Software\SVN\embedded_software\Project - Yasin\Library\libOS.a(OS.o)
 .text.EventTimeout
                0x00002570       0x40 D:\UTS\Year 3\Spring Semester\48434 - Embedded Software\SVN\embedded_software\Project - Yasin\Library\libOS.a(OS.o)
 .text.Idle     0x000025b0       0x1c D:\UTS\Year 3\Spring Semester\48434 - Embedded Software\SVN\embedded_software\Project - Yasin\Library\libOS.a(OS.o)
 .text.FindFirstSet
                0x000025cc       0x44 D:\UTS\Year 3\Spring Semester\48434 - Embedded Software\SVN\embedded_software\Project - Yasin\Library\libOS.a(OS.o)
 .text.Schedule
                0x00002610       0x64 D:\UTS\Year 3\Spring Semester\48434 - Embedded Software\SVN\embedded_software\Project - Yasin\Library\libOS.a(OS.o)
 .text.TCBInit  0x00002674       0xc0 D:\UTS\Year 3\Spring Semester\48434 - Embedded Software\SVN\embedded_software\Project - Yasin\Library\libOS.a(OS.o)
 .text.TimeTick
                0x00002734       0x74 D:\UTS\Year 3\Spring Semester\48434 - Embedded Software\SVN\embedded_software\Project - Yasin\Library\libOS.a(OS.o)
 *fill*         0x000027a8        0x8 
 .text.OS_ContextSwitchISR
                0x000027b0       0x50 D:\UTS\Year 3\Spring Semester\48434 - Embedded Software\SVN\embedded_software\Project - Yasin\Library\libOS.a(OS.o)
                0x000027b0                OS_ContextSwitchISR
 .text.OS_SysTickISR
                0x00002800       0x5c D:\UTS\Year 3\Spring Semester\48434 - Embedded Software\SVN\embedded_software\Project - Yasin\Library\libOS.a(OS.o)
                0x00002800                OS_SysTickISR
 .text.exit     0x0000285c       0x28 c:/freescale/kds_3.0.0/toolchain/bin/../lib/gcc/arm-none-eabi/4.8.4/../../../../arm-none-eabi/lib/armv7e-m/fpu\libg_s.a(lib_a-exit.o)
                0x0000285c                exit
 .text.__libc_init_array
                0x00002884       0x4c c:/freescale/kds_3.0.0/toolchain/bin/../lib/gcc/arm-none-eabi/4.8.4/../../../../arm-none-eabi/lib/armv7e-m/fpu\libg_s.a(lib_a-init.o)
                0x00002884                __libc_init_array
 .text.memset   0x000028d0       0x10 c:/freescale/kds_3.0.0/toolchain/bin/../lib/gcc/arm-none-eabi/4.8.4/../../../../arm-none-eabi/lib/armv7e-m/fpu\libg_s.a(lib_a-memset.o)
                0x000028d0                memset
 .text._exit    0x000028e0        0x4 c:/freescale/kds_3.0.0/toolchain/bin/../lib/gcc/arm-none-eabi/4.8.4/../../../../arm-none-eabi/lib/armv7e-m/fpu\libnosys.a(_exit.o)
                0x000028e0                _exit
 *(.rodata)
 .rodata        0x000028e4       0x50 ./Sources/SPI.o
 *(.rodata*)
 .rodata.PACKET_ACK_MASK
                0x00002934        0x1 ./Sources/packet.o
                0x00002934                PACKET_ACK_MASK
 .rodata.str1.1
                0x00002935        0x2 c:/freescale/kds_3.0.0/toolchain/bin/../lib/gcc/arm-none-eabi/4.8.4/../../../../arm-none-eabi/lib/armv7e-m/fpu\libg_s.a(lib_a-impure.o)
 *fill*         0x00002937        0x1 
 .rodata._global_impure_ptr
                0x00002938        0x4 c:/freescale/kds_3.0.0/toolchain/bin/../lib/gcc/arm-none-eabi/4.8.4/../../../../arm-none-eabi/lib/armv7e-m/fpu\libg_s.a(lib_a-impure.o)
                0x00002938                _global_impure_ptr
 *(.glue_7)
 .glue_7        0x00000000        0x0 linker stubs
 *(.glue_7t)
 .glue_7t       0x00000000        0x0 linker stubs
 *(.eh_frame)
 .eh_frame      0x0000293c        0x0 c:/freescale/kds_3.0.0/toolchain/bin/../lib/gcc/arm-none-eabi/4.8.4/armv7e-m/fpu/crtbegin.o
 *(.init)
 .init          0x0000293c        0x4 c:/freescale/kds_3.0.0/toolchain/bin/../lib/gcc/arm-none-eabi/4.8.4/armv7e-m/fpu/crti.o
                0x0000293c                _init
 .init          0x00002940        0x8 c:/freescale/kds_3.0.0/toolchain/bin/../lib/gcc/arm-none-eabi/4.8.4/armv7e-m/fpu/crtn.o
 *(.fini)
 .fini          0x00002948        0x4 c:/freescale/kds_3.0.0/toolchain/bin/../lib/gcc/arm-none-eabi/4.8.4/armv7e-m/fpu/crti.o
                0x00002948                _fini
 .fini          0x0000294c        0x8 c:/freescale/kds_3.0.0/toolchain/bin/../lib/gcc/arm-none-eabi/4.8.4/armv7e-m/fpu/crtn.o
                0x00002954                . = ALIGN (0x4)
                0x00002954                _etext = .

.vfp11_veneer   0x00002954        0x0
 .vfp11_veneer  0x00000000        0x0 linker stubs

.v4_bx          0x00002954        0x0
 .v4_bx         0x00000000        0x0 linker stubs

.iplt           0x00002954        0x0
 .iplt          0x00000000        0x0 c:/freescale/kds_3.0.0/toolchain/bin/../lib/gcc/arm-none-eabi/4.8.4/armv7e-m/fpu/crtbegin.o

.ARM.extab
 *(.ARM.extab* .gnu.linkonce.armextab.*)

.ARM            0x00002954        0x8
                0x00002954                __exidx_start = .
 *(.ARM.exidx*)
 .ARM.exidx     0x00002954        0x8 c:/freescale/kds_3.0.0/toolchain/bin/../lib/gcc/arm-none-eabi/4.8.4/../../../../arm-none-eabi/lib/armv7e-m/fpu/crt0.o
                0x0000295c                __exidx_end = .

.rel.dyn        0x0000295c        0x0
 .rel.iplt      0x00000000        0x0 c:/freescale/kds_3.0.0/toolchain/bin/../lib/gcc/arm-none-eabi/4.8.4/armv7e-m/fpu/crtbegin.o

.ctors          0x0000295c        0x0
                0x0000295c                __CTOR_LIST__ = .
 *crtbegin.o(.ctors)
 *(EXCLUDE_FILE(*crtend.o) .ctors)
 *(SORT(.ctors.*))
 *(.ctors)
                0x0000295c                __CTOR_END__ = .

.dtors          0x0000295c        0x0
                0x0000295c                __DTOR_LIST__ = .
 *crtbegin.o(.dtors)
 *(EXCLUDE_FILE(*crtend.o) .dtors)
 *(SORT(.dtors.*))
 *(.dtors)
                0x0000295c                __DTOR_END__ = .

.preinit_array  0x0000295c        0x0
                0x0000295c                PROVIDE (__preinit_array_start, .)
 *(.preinit_array*)
                0x0000295c                PROVIDE (__preinit_array_end, .)

.init_array     0x0000295c        0x4
                0x0000295c                PROVIDE (__init_array_start, .)
 *(SORT(.init_array.*))
 *(.init_array*)
 .init_array    0x0000295c        0x4 c:/freescale/kds_3.0.0/toolchain/bin/../lib/gcc/arm-none-eabi/4.8.4/armv7e-m/fpu/crtbegin.o
                0x00002960                PROVIDE (__init_array_end, .)

.fini_array     0x00002960        0x4
                0x00002960                PROVIDE (__fini_array_start, .)
 *(SORT(.fini_array.*))
 *(.fini_array*)
 .fini_array    0x00002960        0x4 c:/freescale/kds_3.0.0/toolchain/bin/../lib/gcc/arm-none-eabi/4.8.4/armv7e-m/fpu/crtbegin.o
                0x00002964                PROVIDE (__fini_array_end, .)
                0x00002964                ___ROM_AT = .

.data           0x1fff0000       0x68 load address 0x00002964
                0x1fff0000                . = ALIGN (0x4)
                0x1fff0000                _sdata = .
 *(.data)
 *(.data*)
 .data.BaudRate
                0x1fff0000        0x4 ./Sources/main.o
 .data.SampleFrequency
                0x1fff0004        0x2 ./Sources/main.o
 *fill*         0x1fff0006        0x2 
 .data.impure_data
                0x1fff0008       0x60 c:/freescale/kds_3.0.0/toolchain/bin/../lib/gcc/arm-none-eabi/4.8.4/../../../../arm-none-eabi/lib/armv7e-m/fpu\libg_s.a(lib_a-impure.o)
                0x1fff0068                . = ALIGN (0x4)
                0x1fff0068                _edata = .
                0x00000068                ___data_size = (_edata - _sdata)
                0x000029cc                ___m_data_20000000_ROMStart = (___ROM_AT + SIZEOF (.data))

.jcr            0x1fff0068        0x0 load address 0x000029cc
 .jcr           0x1fff0068        0x0 c:/freescale/kds_3.0.0/toolchain/bin/../lib/gcc/arm-none-eabi/4.8.4/armv7e-m/fpu/crtbegin.o

.igot.plt       0x1fff0068        0x0 load address 0x000029cc
 .igot.plt      0x00000000        0x0 c:/freescale/kds_3.0.0/toolchain/bin/../lib/gcc/arm-none-eabi/4.8.4/armv7e-m/fpu/crtbegin.o

.m_data_20000000
                0x20000000        0x0 load address 0x000029cc
                0x20000000                . = ALIGN (0x4)
                0x20000000                ___m_data_20000000_RAMStart = .
 *(.m_data_20000000)
                0x20000000                ___m_data_20000000_RAMEnd = .
                0x20000000                . = ALIGN (0x4)
                0x00000000                ___m_data_20000000_ROMSize = (___m_data_20000000_RAMEnd - ___m_data_20000000_RAMStart)
                0x20000000                . = ALIGN (0x4)

.bss            0x1fff0068     0x1330 load address 0x000029d0
                0x1fff0068                __START_BSS = .
                0x1fff0068                PROVIDE (__bss_start__, __START_BSS)
 *(.bss)
 .bss           0x1fff0068       0x1c c:/freescale/kds_3.0.0/toolchain/bin/../lib/gcc/arm-none-eabi/4.8.4/armv7e-m/fpu/crtbegin.o
 *(.bss*)
 .bss.value     0x1fff0084        0x1 ./Sources/AWG.o
 *fill*         0x1fff0085        0x3 
 .bss.outcome   0x1fff0088        0x4 ./Sources/AWG.o
 .bss.PITClockPeriod
                0x1fff008c        0x4 ./Sources/PIT.o
 .bss.TxFIFO    0x1fff0090      0x114 ./Sources/UART.o
 .bss.RxFIFO    0x1fff01a4      0x114 ./Sources/UART.o
 .bss.SampleNb  0x1fff02b8        0x2 ./Sources/main.o
 .bss.SampleNbMax
                0x1fff02ba        0x2 ./Sources/main.o
 .bss.CurrentChannel
                0x1fff02bc        0x1 ./Sources/main.o
 *fill*         0x1fff02bd        0x3 
 .bss.PITThreadStack
                0x1fff02c0      0x190 ./Sources/main.o
 .bss.InitThreadStack
                0x1fff0450      0x190 ./Sources/main.o
 .bss.PacketThreadStack
                0x1fff05e0      0x190 ./Sources/main.o
 .bss.RxThreadStack
                0x1fff0770      0x190 ./Sources/main.o
 .bss.TxThreadStack
                0x1fff0900      0x190 ./Sources/main.o
 .bss.ChannelOn
                0x1fff0a90        0x8 ./Sources/main.o
 .bss.squareLimit
                0x1fff0a98        0x4 ./Sources/waveform.o
 .bss.sawtoothLimit
                0x1fff0a9c        0x4 ./Sources/waveform.o
 .bss.SR_lock   0x1fff0aa0        0x1 ./Generated_Code/Cpu.o
                0x1fff0aa0                SR_lock
 *fill*         0x1fff0aa1        0x3 
 .bss.TCBUnusedMain
                0x1fff0aa4       0x18 D:\UTS\Year 3\Spring Semester\48434 - Embedded Software\SVN\embedded_software\Project - Yasin\Library\libOS.a(OS.o)
 .bss.TCBTable  0x1fff0abc      0x300 D:\UTS\Year 3\Spring Semester\48434 - Embedded Software\SVN\embedded_software\Project - Yasin\Library\libOS.a(OS.o)
 .bss.pTCBFreeList
                0x1fff0dbc        0x4 D:\UTS\Year 3\Spring Semester\48434 - Embedded Software\SVN\embedded_software\Project - Yasin\Library\libOS.a(OS.o)
 .bss.pTCBAllocatedList
                0x1fff0dc0        0x4 D:\UTS\Year 3\Spring Semester\48434 - Embedded Software\SVN\embedded_software\Project - Yasin\Library\libOS.a(OS.o)
 .bss.pTCBPriorityTable
                0x1fff0dc4       0x80 D:\UTS\Year 3\Spring Semester\48434 - Embedded Software\SVN\embedded_software\Project - Yasin\Library\libOS.a(OS.o)
 .bss.pTCBRunning
                0x1fff0e44        0x4 D:\UTS\Year 3\Spring Semester\48434 - Embedded Software\SVN\embedded_software\Project - Yasin\Library\libOS.a(OS.o)
 .bss.pTCBHighestReady
                0x1fff0e48        0x4 D:\UTS\Year 3\Spring Semester\48434 - Embedded Software\SVN\embedded_software\Project - Yasin\Library\libOS.a(OS.o)
 .bss.ReadyList
                0x1fff0e4c        0x4 D:\UTS\Year 3\Spring Semester\48434 - Embedded Software\SVN\embedded_software\Project - Yasin\Library\libOS.a(OS.o)
 .bss.ECBTable  0x1fff0e50      0x100 D:\UTS\Year 3\Spring Semester\48434 - Embedded Software\SVN\embedded_software\Project - Yasin\Library\libOS.a(OS.o)
 .bss.NextECBFree
                0x1fff0f50        0x1 D:\UTS\Year 3\Spring Semester\48434 - Embedded Software\SVN\embedded_software\Project - Yasin\Library\libOS.a(OS.o)
 *fill*         0x1fff0f51        0x3 
 .bss.IdleCounter
                0x1fff0f54        0x4 D:\UTS\Year 3\Spring Semester\48434 - Embedded Software\SVN\embedded_software\Project - Yasin\Library\libOS.a(OS.o)
 .bss.IdleStack
                0x1fff0f58      0x400 D:\UTS\Year 3\Spring Semester\48434 - Embedded Software\SVN\embedded_software\Project - Yasin\Library\libOS.a(OS.o)
 .bss.Ticks     0x1fff1358        0x4 D:\UTS\Year 3\Spring Semester\48434 - Embedded Software\SVN\embedded_software\Project - Yasin\Library\libOS.a(OS.o)
 .bss.ToggleCntr
                0x1fff135c        0x4 D:\UTS\Year 3\Spring Semester\48434 - Embedded Software\SVN\embedded_software\Project - Yasin\Library\libOS.a(OS.o)
 .bss.ToggleLED
                0x1fff1360        0x1 D:\UTS\Year 3\Spring Semester\48434 - Embedded Software\SVN\embedded_software\Project - Yasin\Library\libOS.a(OS.o)
 .bss.ISRNestLevel
                0x1fff1361        0x1 D:\UTS\Year 3\Spring Semester\48434 - Embedded Software\SVN\embedded_software\Project - Yasin\Library\libOS.a(OS.o)
 *(COMMON)
 *fill*         0x1fff1362        0x2 
 COMMON         0x1fff1364        0x4 ./Sources/PIT.o
                0x1fff1364                PITSemaphore
 COMMON         0x1fff1368        0xc ./Sources/UART.o
                0x1fff1368                RxSemaphore
                0x1fff136c                TxSemaphore
                0x1fff1370                PacketPutSemaphore
 COMMON         0x1fff1374       0x1c ./Sources/main.o
                0x1fff1374                Channel
                0x1fff1388                NvTowerMode
                0x1fff138c                NvTowerNumber
 COMMON         0x1fff1390        0x5 ./Sources/packet.o
                0x1fff1390                Packet
 COMMON         0x1fff1395        0x1 ./Generated_Code/Cpu.o
                0x1fff1395                SR_reg
                0x1fff1398                . = ALIGN (0x4)
 *fill*         0x1fff1396        0x2 
                0x1fff1398                __END_BSS = .
                0x1fff1398                PROVIDE (__bss_end__, __END_BSS)
                0x000029cc                _romp_at = ((___ROM_AT + SIZEOF (.data)) + SIZEOF (.m_data_20000000))

.romp           0x1fff1398       0x24 load address 0x000029cc
                0x000029cc                __S_romp = _romp_at
                0x1fff1398        0x4 LONG 0x2964 ___ROM_AT
                0x1fff139c        0x4 LONG 0x1fff0000 _sdata
                0x1fff13a0        0x4 LONG 0x68 ___data_size
                0x1fff13a4        0x4 LONG 0x29cc ___m_data_20000000_ROMStart
                0x1fff13a8        0x4 LONG 0x20000000 ___m_data_20000000_RAMStart
                0x1fff13ac        0x4 LONG 0x0 ___m_data_20000000_ROMSize
                0x1fff13b0        0x4 LONG 0x0
                0x1fff13b4        0x4 LONG 0x0
                0x1fff13b8        0x4 LONG 0x0

._user_heap_stack
                0x1fff13bc      0x400 load address 0x000029f0
                0x1fff13bc                . = ALIGN (0x4)
                0x1fff13bc                PROVIDE (end, .)
                0x1fff13bc                PROVIDE (_end, .)
                0x1fff13bc                __heap_addr = .
                0x1fff13bc                __HeapBase = .
                0x1fff13bc                . = (. + __heap_size)
                0x1fff13bc                __HeapLimit = .
                0x1fff17bc                . = (. + __stack_size)
 *fill*         0x1fff13bc      0x400 
                0x1fff17bc                . = ALIGN (0x4)

.ARM.attributes
                0x00000000       0x30
 *(.ARM.attributes)
 .ARM.attributes
                0x00000000       0x22 c:/freescale/kds_3.0.0/toolchain/bin/../lib/gcc/arm-none-eabi/4.8.4/armv7e-m/fpu/crti.o
 .ARM.attributes
                0x00000022       0x34 c:/freescale/kds_3.0.0/toolchain/bin/../lib/gcc/arm-none-eabi/4.8.4/armv7e-m/fpu/crtbegin.o
 .ARM.attributes
                0x00000056       0x20 c:/freescale/kds_3.0.0/toolchain/bin/../lib/gcc/arm-none-eabi/4.8.4/../../../../arm-none-eabi/lib/armv7e-m/fpu/crt0.o
 .ARM.attributes
                0x00000076       0x39 ./Sources/AWG.o
 .ARM.attributes
                0x000000af       0x39 ./Sources/FIFO.o
 .ARM.attributes
                0x000000e8       0x39 ./Sources/LEDs.o
 .ARM.attributes
                0x00000121       0x39 ./Sources/PIT.o
 .ARM.attributes
                0x0000015a       0x39 ./Sources/SPI.o
 .ARM.attributes
                0x00000193       0x39 ./Sources/UART.o
 .ARM.attributes
                0x000001cc       0x39 ./Sources/analog.o
 .ARM.attributes
                0x00000205       0x39 ./Sources/main.o
 .ARM.attributes
                0x0000023e       0x39 ./Sources/packet.o
 .ARM.attributes
                0x00000277       0x39 ./Sources/waveform.o
 .ARM.attributes
                0x000002b0       0x39 ./Project_Settings/Startup_Code/startup.o
 .ARM.attributes
                0x000002e9       0x39 ./Generated_Code/Cpu.o
 .ARM.attributes
                0x00000322       0x39 ./Generated_Code/Vectors.o
 .ARM.attributes
                0x0000035b       0x39 D:\UTS\Year 3\Spring Semester\48434 - Embedded Software\SVN\embedded_software\Project - Yasin\Library\libOS.a(OS.o)
 .ARM.attributes
                0x00000394       0x34 c:/freescale/kds_3.0.0/toolchain/bin/../lib/gcc/arm-none-eabi/4.8.4/../../../../arm-none-eabi/lib/armv7e-m/fpu\libg_s.a(lib_a-exit.o)
 .ARM.attributes
                0x000003c8       0x34 c:/freescale/kds_3.0.0/toolchain/bin/../lib/gcc/arm-none-eabi/4.8.4/../../../../arm-none-eabi/lib/armv7e-m/fpu\libg_s.a(lib_a-impure.o)
 .ARM.attributes
                0x000003fc       0x34 c:/freescale/kds_3.0.0/toolchain/bin/../lib/gcc/arm-none-eabi/4.8.4/../../../../arm-none-eabi/lib/armv7e-m/fpu\libg_s.a(lib_a-init.o)
 .ARM.attributes
                0x00000430       0x34 c:/freescale/kds_3.0.0/toolchain/bin/../lib/gcc/arm-none-eabi/4.8.4/../../../../arm-none-eabi/lib/armv7e-m/fpu\libg_s.a(lib_a-memset.o)
 .ARM.attributes
                0x00000464       0x34 c:/freescale/kds_3.0.0/toolchain/bin/../lib/gcc/arm-none-eabi/4.8.4/../../../../arm-none-eabi/lib/armv7e-m/fpu\libnosys.a(_exit.o)
 .ARM.attributes
                0x00000498       0x22 c:/freescale/kds_3.0.0/toolchain/bin/../lib/gcc/arm-none-eabi/4.8.4/armv7e-m/fpu/crtn.o
OUTPUT(AWGProject.elf elf32-littlearm)

.debug_info     0x00000000     0x4c5e
 .debug_info    0x00000000      0x2d1 ./Sources/AWG.o
 .debug_info    0x000002d1      0x28e ./Sources/FIFO.o
 .debug_info    0x0000055f      0x4a9 ./Sources/LEDs.o
 .debug_info    0x00000a08      0x594 ./Sources/PIT.o
 .debug_info    0x00000f9c      0x79f ./Sources/SPI.o
 .debug_info    0x0000173b      0x9c8 ./Sources/UART.o
 .debug_info    0x00002103      0x1cc ./Sources/analog.o
 .debug_info    0x000022cf      0x6c1 ./Sources/main.o
 .debug_info    0x00002990      0x34e ./Sources/packet.o
 .debug_info    0x00002cde      0x1d3 ./Sources/waveform.o
 .debug_info    0x00002eb1      0x3b0 ./Project_Settings/Startup_Code/startup.o
 .debug_info    0x00003261      0xb89 ./Generated_Code/Cpu.o
 .debug_info    0x00003dea      0x17f ./Generated_Code/Vectors.o
 .debug_info    0x00003f69      0xcf5 D:\UTS\Year 3\Spring Semester\48434 - Embedded Software\SVN\embedded_software\Project - Yasin\Library\libOS.a(OS.o)

.debug_abbrev   0x00000000     0x137a
 .debug_abbrev  0x00000000      0x120 ./Sources/AWG.o
 .debug_abbrev  0x00000120       0xfa ./Sources/FIFO.o
 .debug_abbrev  0x0000021a      0x144 ./Sources/LEDs.o
 .debug_abbrev  0x0000035e      0x1a9 ./Sources/PIT.o
 .debug_abbrev  0x00000507      0x1a1 ./Sources/SPI.o
 .debug_abbrev  0x000006a8      0x1f7 ./Sources/UART.o
 .debug_abbrev  0x0000089f       0xad ./Sources/analog.o
 .debug_abbrev  0x0000094c      0x1a1 ./Sources/main.o
 .debug_abbrev  0x00000aed      0x13f ./Sources/packet.o
 .debug_abbrev  0x00000c2c       0x95 ./Sources/waveform.o
 .debug_abbrev  0x00000cc1      0x189 ./Project_Settings/Startup_Code/startup.o
 .debug_abbrev  0x00000e4a      0x185 ./Generated_Code/Cpu.o
 .debug_abbrev  0x00000fcf       0xb3 ./Generated_Code/Vectors.o
 .debug_abbrev  0x00001082      0x2f8 D:\UTS\Year 3\Spring Semester\48434 - Embedded Software\SVN\embedded_software\Project - Yasin\Library\libOS.a(OS.o)

.debug_aranges  0x00000000      0x3a0
 .debug_aranges
                0x00000000       0x38 ./Sources/AWG.o
 .debug_aranges
                0x00000038       0x30 ./Sources/FIFO.o
 .debug_aranges
                0x00000068       0x38 ./Sources/LEDs.o
 .debug_aranges
                0x000000a0       0x38 ./Sources/PIT.o
 .debug_aranges
                0x000000d8       0x38 ./Sources/SPI.o
 .debug_aranges
                0x00000110       0x48 ./Sources/UART.o
 .debug_aranges
                0x00000158       0x28 ./Sources/analog.o
 .debug_aranges
                0x00000180       0x48 ./Sources/main.o
 .debug_aranges
                0x000001c8       0x38 ./Sources/packet.o
 .debug_aranges
                0x00000200       0x38 ./Sources/waveform.o
 .debug_aranges
                0x00000238       0x50 ./Project_Settings/Startup_Code/startup.o
 .debug_aranges
                0x00000288       0x38 ./Generated_Code/Cpu.o
 .debug_aranges
                0x000002c0       0x18 ./Generated_Code/Vectors.o
 .debug_aranges
                0x000002d8       0xc8 D:\UTS\Year 3\Spring Semester\48434 - Embedded Software\SVN\embedded_software\Project - Yasin\Library\libOS.a(OS.o)

.debug_ranges   0x00000000      0x2b8
 .debug_ranges  0x00000000       0x28 ./Sources/AWG.o
 .debug_ranges  0x00000028       0x20 ./Sources/FIFO.o
 .debug_ranges  0x00000048       0x28 ./Sources/LEDs.o
 .debug_ranges  0x00000070       0x28 ./Sources/PIT.o
 .debug_ranges  0x00000098       0x28 ./Sources/SPI.o
 .debug_ranges  0x000000c0       0x38 ./Sources/UART.o
 .debug_ranges  0x000000f8       0x18 ./Sources/analog.o
 .debug_ranges  0x00000110       0x38 ./Sources/main.o
 .debug_ranges  0x00000148       0x28 ./Sources/packet.o
 .debug_ranges  0x00000170       0x28 ./Sources/waveform.o
 .debug_ranges  0x00000198       0x40 ./Project_Settings/Startup_Code/startup.o
 .debug_ranges  0x000001d8       0x28 ./Generated_Code/Cpu.o
 .debug_ranges  0x00000200       0xb8 D:\UTS\Year 3\Spring Semester\48434 - Embedded Software\SVN\embedded_software\Project - Yasin\Library\libOS.a(OS.o)

.debug_macro    0x00000000    0x1ac06
 .debug_macro   0x00000000       0x65 ./Sources/AWG.o
 .debug_macro   0x00000065      0x850 ./Sources/AWG.o
 .debug_macro   0x000008b5       0x16 ./Sources/AWG.o
 .debug_macro   0x000008cb       0x44 ./Sources/AWG.o
 .debug_macro   0x0000090f      0x209 ./Sources/AWG.o
 .debug_macro   0x00000b18       0x10 ./Sources/AWG.o
 .debug_macro   0x00000b28       0xb5 ./Sources/FIFO.o
 .debug_macro   0x00000bdd       0x22 ./Sources/FIFO.o
 .debug_macro   0x00000bff       0x2a ./Sources/FIFO.o
 .debug_macro   0x00000c29     0x1800 ./Sources/FIFO.o
 .debug_macro   0x00002429       0x5f ./Sources/LEDs.o
 .debug_macro   0x00002488       0x81 ./Sources/PIT.o
 .debug_macro   0x00002509       0x65 ./Sources/SPI.o
 .debug_macro   0x0000256e       0x92 ./Sources/UART.o
 .debug_macro   0x00002600       0x10 ./Sources/UART.o
 .debug_macro   0x00002610       0x3a ./Sources/UART.o
 .debug_macro   0x0000264a       0x77 ./Sources/analog.o
 .debug_macro   0x000026c1       0x46 ./Sources/analog.o
 .debug_macro   0x00002707      0x14b ./Sources/main.o
 .debug_macro   0x00002852       0x8a ./Sources/packet.o
 .debug_macro   0x000028dc       0x5c ./Sources/waveform.o
 .debug_macro   0x00002938      0x121 ./Project_Settings/Startup_Code/startup.o
 .debug_macro   0x00002a59       0x58 ./Project_Settings/Startup_Code/startup.o
 .debug_macro   0x00002ab1       0x35 ./Project_Settings/Startup_Code/startup.o
 .debug_macro   0x00002ae6       0xa3 ./Project_Settings/Startup_Code/startup.o
 .debug_macro   0x00002b89      0x166 ./Project_Settings/Startup_Code/startup.o
 .debug_macro   0x00002cef       0x4a ./Project_Settings/Startup_Code/startup.o
 .debug_macro   0x00002d39       0x52 ./Project_Settings/Startup_Code/startup.o
 .debug_macro   0x00002d8b       0x16 ./Project_Settings/Startup_Code/startup.o
 .debug_macro   0x00002da1       0x43 ./Project_Settings/Startup_Code/startup.o
 .debug_macro   0x00002de4      0x180 ./Project_Settings/Startup_Code/startup.o
 .debug_macro   0x00002f64      0x2a6 ./Project_Settings/Startup_Code/startup.o
 .debug_macro   0x0000320a       0x10 ./Project_Settings/Startup_Code/startup.o
 .debug_macro   0x0000321a       0x35 ./Project_Settings/Startup_Code/startup.o
 .debug_macro   0x0000324f       0x16 ./Project_Settings/Startup_Code/startup.o
 .debug_macro   0x00003265       0x22 ./Project_Settings/Startup_Code/startup.o
 .debug_macro   0x00003287       0x16 ./Project_Settings/Startup_Code/startup.o
 .debug_macro   0x0000329d      0x20f ./Project_Settings/Startup_Code/startup.o
 .debug_macro   0x000034ac    0x174af ./Project_Settings/Startup_Code/startup.o
 .debug_macro   0x0001a95b       0x9f ./Generated_Code/Cpu.o
 .debug_macro   0x0001a9fa       0x9a ./Generated_Code/Cpu.o
 .debug_macro   0x0001aa94       0xcf ./Generated_Code/Vectors.o
 .debug_macro   0x0001ab63       0xa3 D:\UTS\Year 3\Spring Semester\48434 - Embedded Software\SVN\embedded_software\Project - Yasin\Library\libOS.a(OS.o)

.debug_line     0x00000000     0x2da3
 .debug_line    0x00000000      0x1e9 ./Sources/AWG.o
 .debug_line    0x000001e9      0x361 ./Sources/FIFO.o
 .debug_line    0x0000054a      0x249 ./Sources/LEDs.o
 .debug_line    0x00000793      0x2d1 ./Sources/PIT.o
 .debug_line    0x00000a64      0x2c0 ./Sources/SPI.o
 .debug_line    0x00000d24      0x3c1 ./Sources/UART.o
 .debug_line    0x000010e5      0x2b2 ./Sources/analog.o
 .debug_line    0x00001397      0x4d6 ./Sources/main.o
 .debug_line    0x0000186d      0x2fb ./Sources/packet.o
 .debug_line    0x00001b68      0x1cd ./Sources/waveform.o
 .debug_line    0x00001d35      0x43c ./Project_Settings/Startup_Code/startup.o
 .debug_line    0x00002171      0x3bf ./Generated_Code/Cpu.o
 .debug_line    0x00002530      0x3d7 ./Generated_Code/Vectors.o
 .debug_line    0x00002907      0x49c D:\UTS\Year 3\Spring Semester\48434 - Embedded Software\SVN\embedded_software\Project - Yasin\Library\libOS.a(OS.o)

.debug_str      0x00000000    0x8e1a7
 .debug_str     0x00000000     0x2f8a ./Sources/AWG.o
                               0x3116 (size before relaxing)
 .debug_str     0x00002f8a    0x87908 ./Sources/FIFO.o
                              0x8a894 (size before relaxing)
 .debug_str     0x0008a892      0x1d3 ./Sources/LEDs.o
                              0x82ee6 (size before relaxing)
 .debug_str     0x0008aa65      0x111 ./Sources/PIT.o
                              0x8301b (size before relaxing)
 .debug_str     0x0008ab76      0x1d3 ./Sources/SPI.o
                              0x83075 (size before relaxing)
 .debug_str     0x0008ad49      0x321 ./Sources/UART.o
                              0x8a3f5 (size before relaxing)
 .debug_str     0x0008b06a      0x192 ./Sources/analog.o
                              0x89fff (size before relaxing)
 .debug_str     0x0008b1fc      0x2cf ./Sources/main.o
                              0x8af72 (size before relaxing)
 .debug_str     0x0008b4cb       0x4b ./Sources/packet.o
                              0x83163 (size before relaxing)
 .debug_str     0x0008b516       0x8b ./Sources/waveform.o
                               0x3038 (size before relaxing)
 .debug_str     0x0008b5a1     0x2668 ./Project_Settings/Startup_Code/startup.o
                              0x85424 (size before relaxing)
 .debug_str     0x0008dc09      0x1f2 ./Generated_Code/Cpu.o
                              0x8aa22 (size before relaxing)
 .debug_str     0x0008ddfb       0x1c ./Generated_Code/Vectors.o
                              0x8a7b2 (size before relaxing)
 .debug_str     0x0008de17      0x390 D:\UTS\Year 3\Spring Semester\48434 - Embedded Software\SVN\embedded_software\Project - Yasin\Library\libOS.a(OS.o)
                              0x8ace0 (size before relaxing)

.comment        0x00000000       0x70
 .comment       0x00000000       0x70 ./Sources/AWG.o
                                 0x71 (size before relaxing)
 .comment       0x00000000       0x71 ./Sources/FIFO.o
 .comment       0x00000000       0x71 ./Sources/LEDs.o
 .comment       0x00000000       0x71 ./Sources/PIT.o
 .comment       0x00000000       0x71 ./Sources/SPI.o
 .comment       0x00000000       0x71 ./Sources/UART.o
 .comment       0x00000000       0x71 ./Sources/analog.o
 .comment       0x00000000       0x71 ./Sources/main.o
 .comment       0x00000000       0x71 ./Sources/packet.o
 .comment       0x00000000       0x71 ./Sources/waveform.o
 .comment       0x00000000       0x71 ./Project_Settings/Startup_Code/startup.o
 .comment       0x00000000       0x71 ./Generated_Code/Cpu.o
 .comment       0x00000000       0x71 ./Generated_Code/Vectors.o
 .comment       0x00000000       0x71 D:\UTS\Year 3\Spring Semester\48434 - Embedded Software\SVN\embedded_software\Project - Yasin\Library\libOS.a(OS.o)

.debug_frame    0x00000000      0x9f4
 .debug_frame   0x00000000       0x84 ./Sources/AWG.o
 .debug_frame   0x00000084       0x70 ./Sources/FIFO.o
 .debug_frame   0x000000f4       0x7c ./Sources/LEDs.o
 .debug_frame   0x00000170       0x90 ./Sources/PIT.o
 .debug_frame   0x00000200       0x88 ./Sources/SPI.o
 .debug_frame   0x00000288       0xd4 ./Sources/UART.o
 .debug_frame   0x0000035c       0x50 ./Sources/analog.o
 .debug_frame   0x000003ac       0xcc ./Sources/main.o
 .debug_frame   0x00000478       0x88 ./Sources/packet.o
 .debug_frame   0x00000500       0x80 ./Sources/waveform.o
 .debug_frame   0x00000580       0xc0 ./Project_Settings/Startup_Code/startup.o
 .debug_frame   0x00000640       0x80 ./Generated_Code/Cpu.o
 .debug_frame   0x000006c0      0x2a0 D:\UTS\Year 3\Spring Semester\48434 - Embedded Software\SVN\embedded_software\Project - Yasin\Library\libOS.a(OS.o)
 .debug_frame   0x00000960       0x28 c:/freescale/kds_3.0.0/toolchain/bin/../lib/gcc/arm-none-eabi/4.8.4/../../../../arm-none-eabi/lib/armv7e-m/fpu\libg_s.a(lib_a-exit.o)
 .debug_frame   0x00000988       0x2c c:/freescale/kds_3.0.0/toolchain/bin/../lib/gcc/arm-none-eabi/4.8.4/../../../../arm-none-eabi/lib/armv7e-m/fpu\libg_s.a(lib_a-init.o)
 .debug_frame   0x000009b4       0x20 c:/freescale/kds_3.0.0/toolchain/bin/../lib/gcc/arm-none-eabi/4.8.4/../../../../arm-none-eabi/lib/armv7e-m/fpu\libg_s.a(lib_a-memset.o)
 .debug_frame   0x000009d4       0x20 c:/freescale/kds_3.0.0/toolchain/bin/../lib/gcc/arm-none-eabi/4.8.4/../../../../arm-none-eabi/lib/armv7e-m/fpu\libnosys.a(_exit.o)
