Archive member included because of file (symbol)

D:\UTS\Year 3\Spring Semester\48434 - Embedded Software\SVN\embedded_software\Lab5\Library\libOS.a(OS.o)
                              ./Sources/main.o (OS_Init)
c:/freescale/kds_3.0.0/toolchain/bin/../lib/gcc/arm-none-eabi/4.8.4/../../../../arm-none-eabi/lib/armv7e-m/fpu\libg_s.a(lib_a-exit.o)
                              c:/freescale/kds_3.0.0/toolchain/bin/../lib/gcc/arm-none-eabi/4.8.4/../../../../arm-none-eabi/lib/armv7e-m/fpu/crt0.o (exit)
c:/freescale/kds_3.0.0/toolchain/bin/../lib/gcc/arm-none-eabi/4.8.4/../../../../arm-none-eabi/lib/armv7e-m/fpu\libg_s.a(lib_a-impure.o)
                              c:/freescale/kds_3.0.0/toolchain/bin/../lib/gcc/arm-none-eabi/4.8.4/../../../../arm-none-eabi/lib/armv7e-m/fpu\libg_s.a(lib_a-exit.o) (_global_impure_ptr)
c:/freescale/kds_3.0.0/toolchain/bin/../lib/gcc/arm-none-eabi/4.8.4/../../../../arm-none-eabi/lib/armv7e-m/fpu\libg_s.a(lib_a-init.o)
                              c:/freescale/kds_3.0.0/toolchain/bin/../lib/gcc/arm-none-eabi/4.8.4/../../../../arm-none-eabi/lib/armv7e-m/fpu/crt0.o (__libc_init_array)
c:/freescale/kds_3.0.0/toolchain/bin/../lib/gcc/arm-none-eabi/4.8.4/../../../../arm-none-eabi/lib/armv7e-m/fpu\libg_s.a(lib_a-memset.o)
                              c:/freescale/kds_3.0.0/toolchain/bin/../lib/gcc/arm-none-eabi/4.8.4/../../../../arm-none-eabi/lib/armv7e-m/fpu/crt0.o (memset)
c:/freescale/kds_3.0.0/toolchain/bin/../lib/gcc/arm-none-eabi/4.8.4/../../../../arm-none-eabi/lib/armv7e-m/fpu\libnosys.a(_exit.o)
                              c:/freescale/kds_3.0.0/toolchain/bin/../lib/gcc/arm-none-eabi/4.8.4/../../../../arm-none-eabi/lib/armv7e-m/fpu\libg_s.a(lib_a-exit.o) (_exit)

Allocating common symbols
Common symbol       size              file

RxSemaphore         0x4               ./Sources/UART.o
TxSemaphore         0x4               ./Sources/UART.o
Packet              0x5               ./Sources/packet.o
Analog_Input        0x24              ./Sources/analog.o
PITSemaphore        0x4               ./Sources/PIT.o
PacketSemaphore     0x4               ./Sources/UART.o
RTCSemaphore        0x4               ./Sources/RTC.o
NvTowerMode         0x4               ./Sources/main.o
SR_reg              0x1               ./Generated_Code/Cpu.o
NvTowerNumber       0x4               ./Sources/main.o
fccob               0xc               ./Sources/Flash.o
DACSemaphore        0x20              ./Sources/FTM.o
PacketPutSemaphore  0x4               ./Sources/UART.o

Discarded input sections

 .text          0x00000000        0x0 c:/freescale/kds_3.0.0/toolchain/bin/../lib/gcc/arm-none-eabi/4.8.4/armv7e-m/fpu/crti.o
 .data          0x00000000        0x0 c:/freescale/kds_3.0.0/toolchain/bin/../lib/gcc/arm-none-eabi/4.8.4/armv7e-m/fpu/crti.o
 .bss           0x00000000        0x0 c:/freescale/kds_3.0.0/toolchain/bin/../lib/gcc/arm-none-eabi/4.8.4/armv7e-m/fpu/crti.o
 .data          0x00000000        0x4 c:/freescale/kds_3.0.0/toolchain/bin/../lib/gcc/arm-none-eabi/4.8.4/armv7e-m/fpu/crtbegin.o
 .data          0x00000000        0x0 c:/freescale/kds_3.0.0/toolchain/bin/../lib/gcc/arm-none-eabi/4.8.4/../../../../arm-none-eabi/lib/armv7e-m/fpu/crt0.o
 .bss           0x00000000        0x0 c:/freescale/kds_3.0.0/toolchain/bin/../lib/gcc/arm-none-eabi/4.8.4/../../../../arm-none-eabi/lib/armv7e-m/fpu/crt0.o
 .ARM.extab     0x00000000        0x0 c:/freescale/kds_3.0.0/toolchain/bin/../lib/gcc/arm-none-eabi/4.8.4/../../../../arm-none-eabi/lib/armv7e-m/fpu/crt0.o
 .group         0x00000000        0x8 ./Sources/Events.o
 .group         0x00000000        0x8 ./Sources/Events.o
 .group         0x00000000        0x8 ./Sources/Events.o
 .group         0x00000000        0x8 ./Sources/Events.o
 .group         0x00000000        0x8 ./Sources/Events.o
 .group         0x00000000        0x8 ./Sources/Events.o
 .group         0x00000000        0x8 ./Sources/Events.o
 .group         0x00000000        0x8 ./Sources/Events.o
 .group         0x00000000        0x8 ./Sources/Events.o
 .text          0x00000000        0x0 ./Sources/Events.o
 .data          0x00000000        0x0 ./Sources/Events.o
 .bss           0x00000000        0x0 ./Sources/Events.o
 .debug_info    0x00000000       0x7d ./Sources/Events.o
 .debug_abbrev  0x00000000       0x29 ./Sources/Events.o
 .debug_aranges
                0x00000000       0x18 ./Sources/Events.o
 .debug_macro   0x00000000       0x9f ./Sources/Events.o
 .debug_macro   0x00000000      0x850 ./Sources/Events.o
 .debug_macro   0x00000000       0x16 ./Sources/Events.o
 .debug_macro   0x00000000       0x44 ./Sources/Events.o
 .debug_macro   0x00000000      0x209 ./Sources/Events.o
 .debug_macro   0x00000000     0x17fa ./Sources/Events.o
 .debug_macro   0x00000000      0x14e ./Sources/Events.o
 .debug_macro   0x00000000       0x64 ./Sources/Events.o
 .debug_macro   0x00000000    0x174c1 ./Sources/Events.o
 .debug_macro   0x00000000       0x94 ./Sources/Events.o
 .debug_line    0x00000000      0x284 ./Sources/Events.o
 .debug_str     0x00000000    0x8a60a ./Sources/Events.o
 .comment       0x00000000       0x71 ./Sources/Events.o
 .ARM.attributes
                0x00000000       0x39 ./Sources/Events.o
 .group         0x00000000        0x8 ./Sources/FIFO.o
 .group         0x00000000        0x8 ./Sources/FIFO.o
 .group         0x00000000        0x8 ./Sources/FIFO.o
 .group         0x00000000        0x8 ./Sources/FIFO.o
 .group         0x00000000        0x8 ./Sources/FIFO.o
 .group         0x00000000        0x8 ./Sources/FIFO.o
 .group         0x00000000        0x8 ./Sources/FIFO.o
 .group         0x00000000        0x8 ./Sources/FIFO.o
 .group         0x00000000        0x8 ./Sources/FIFO.o
 .group         0x00000000        0x8 ./Sources/FIFO.o
 .group         0x00000000        0x8 ./Sources/FIFO.o
 .text          0x00000000        0x0 ./Sources/FIFO.o
 .data          0x00000000        0x0 ./Sources/FIFO.o
 .bss           0x00000000        0x0 ./Sources/FIFO.o
 .debug_macro   0x00000000      0x850 ./Sources/FIFO.o
 .debug_macro   0x00000000       0x16 ./Sources/FIFO.o
 .debug_macro   0x00000000       0x44 ./Sources/FIFO.o
 .debug_macro   0x00000000      0x209 ./Sources/FIFO.o
 .debug_macro   0x00000000      0x14e ./Sources/FIFO.o
 .debug_macro   0x00000000       0x64 ./Sources/FIFO.o
 .debug_macro   0x00000000    0x174c1 ./Sources/FIFO.o
 .debug_macro   0x00000000       0x94 ./Sources/FIFO.o
 .group         0x00000000        0x8 ./Sources/FTM.o
 .group         0x00000000        0x8 ./Sources/FTM.o
 .group         0x00000000        0x8 ./Sources/FTM.o
 .group         0x00000000        0x8 ./Sources/FTM.o
 .group         0x00000000        0x8 ./Sources/FTM.o
 .group         0x00000000        0x8 ./Sources/FTM.o
 .group         0x00000000        0x8 ./Sources/FTM.o
 .group         0x00000000        0x8 ./Sources/FTM.o
 .text          0x00000000        0x0 ./Sources/FTM.o
 .data          0x00000000        0x0 ./Sources/FTM.o
 .bss           0x00000000        0x0 ./Sources/FTM.o
 .debug_macro   0x00000000      0x850 ./Sources/FTM.o
 .debug_macro   0x00000000       0x16 ./Sources/FTM.o
 .debug_macro   0x00000000       0x44 ./Sources/FTM.o
 .debug_macro   0x00000000      0x209 ./Sources/FTM.o
 .debug_macro   0x00000000       0x22 ./Sources/FTM.o
 .debug_macro   0x00000000       0x2a ./Sources/FTM.o
 .debug_macro   0x00000000    0x174c1 ./Sources/FTM.o
 .group         0x00000000        0x8 ./Sources/Flash.o
 .group         0x00000000        0x8 ./Sources/Flash.o
 .group         0x00000000        0x8 ./Sources/Flash.o
 .group         0x00000000        0x8 ./Sources/Flash.o
 .group         0x00000000        0x8 ./Sources/Flash.o
 .group         0x00000000        0x8 ./Sources/Flash.o
 .text          0x00000000        0x0 ./Sources/Flash.o
 .data          0x00000000        0x0 ./Sources/Flash.o
 .bss           0x00000000        0x0 ./Sources/Flash.o
 .bss.phrase_t.5661
                0x00000000        0x8 ./Sources/Flash.o
 .debug_macro   0x00000000      0x850 ./Sources/Flash.o
 .debug_macro   0x00000000       0x16 ./Sources/Flash.o
 .debug_macro   0x00000000       0x44 ./Sources/Flash.o
 .debug_macro   0x00000000      0x209 ./Sources/Flash.o
 .debug_macro   0x00000000    0x174c1 ./Sources/Flash.o
 .group         0x00000000        0x8 ./Sources/LEDs.o
 .group         0x00000000        0x8 ./Sources/LEDs.o
 .group         0x00000000        0x8 ./Sources/LEDs.o
 .group         0x00000000        0x8 ./Sources/LEDs.o
 .group         0x00000000        0x8 ./Sources/LEDs.o
 .group         0x00000000        0x8 ./Sources/LEDs.o
 .group         0x00000000        0x8 ./Sources/LEDs.o
 .text          0x00000000        0x0 ./Sources/LEDs.o
 .data          0x00000000        0x0 ./Sources/LEDs.o
 .bss           0x00000000        0x0 ./Sources/LEDs.o
 .debug_macro   0x00000000      0x850 ./Sources/LEDs.o
 .debug_macro   0x00000000       0x16 ./Sources/LEDs.o
 .debug_macro   0x00000000       0x44 ./Sources/LEDs.o
 .debug_macro   0x00000000      0x209 ./Sources/LEDs.o
 .debug_macro   0x00000000       0x22 ./Sources/LEDs.o
 .debug_macro   0x00000000       0x2a ./Sources/LEDs.o
 .debug_macro   0x00000000    0x174c1 ./Sources/LEDs.o
 .group         0x00000000        0x8 ./Sources/PIT.o
 .group         0x00000000        0x8 ./Sources/PIT.o
 .group         0x00000000        0x8 ./Sources/PIT.o
 .group         0x00000000        0x8 ./Sources/PIT.o
 .group         0x00000000        0x8 ./Sources/PIT.o
 .group         0x00000000        0x8 ./Sources/PIT.o
 .group         0x00000000        0x8 ./Sources/PIT.o
 .text          0x00000000        0x0 ./Sources/PIT.o
 .data          0x00000000        0x0 ./Sources/PIT.o
 .bss           0x00000000        0x0 ./Sources/PIT.o
 .bss.PIT_UserArguments
                0x00000000        0x4 ./Sources/PIT.o
 .bss.PIT_Callback
                0x00000000        0x4 ./Sources/PIT.o
 .debug_macro   0x00000000      0x850 ./Sources/PIT.o
 .debug_macro   0x00000000       0x16 ./Sources/PIT.o
 .debug_macro   0x00000000       0x44 ./Sources/PIT.o
 .debug_macro   0x00000000      0x209 ./Sources/PIT.o
 .debug_macro   0x00000000       0x22 ./Sources/PIT.o
 .debug_macro   0x00000000       0x2a ./Sources/PIT.o
 .debug_macro   0x00000000    0x174c1 ./Sources/PIT.o
 .group         0x00000000        0x8 ./Sources/RTC.o
 .group         0x00000000        0x8 ./Sources/RTC.o
 .group         0x00000000        0x8 ./Sources/RTC.o
 .group         0x00000000        0x8 ./Sources/RTC.o
 .group         0x00000000        0x8 ./Sources/RTC.o
 .group         0x00000000        0x8 ./Sources/RTC.o
 .group         0x00000000        0x8 ./Sources/RTC.o
 .text          0x00000000        0x0 ./Sources/RTC.o
 .data          0x00000000        0x0 ./Sources/RTC.o
 .bss           0x00000000        0x0 ./Sources/RTC.o
 .debug_macro   0x00000000      0x850 ./Sources/RTC.o
 .debug_macro   0x00000000       0x16 ./Sources/RTC.o
 .debug_macro   0x00000000       0x44 ./Sources/RTC.o
 .debug_macro   0x00000000      0x209 ./Sources/RTC.o
 .debug_macro   0x00000000       0x22 ./Sources/RTC.o
 .debug_macro   0x00000000       0x2a ./Sources/RTC.o
 .debug_macro   0x00000000    0x174c1 ./Sources/RTC.o
 .group         0x00000000        0x8 ./Sources/SPI.o
 .group         0x00000000        0x8 ./Sources/SPI.o
 .group         0x00000000        0x8 ./Sources/SPI.o
 .group         0x00000000        0x8 ./Sources/SPI.o
 .group         0x00000000        0x8 ./Sources/SPI.o
 .group         0x00000000        0x8 ./Sources/SPI.o
 .text          0x00000000        0x0 ./Sources/SPI.o
 .data          0x00000000        0x0 ./Sources/SPI.o
 .bss           0x00000000        0x0 ./Sources/SPI.o
 .debug_macro   0x00000000      0x850 ./Sources/SPI.o
 .debug_macro   0x00000000       0x16 ./Sources/SPI.o
 .debug_macro   0x00000000       0x44 ./Sources/SPI.o
 .debug_macro   0x00000000      0x209 ./Sources/SPI.o
 .debug_macro   0x00000000    0x174c1 ./Sources/SPI.o
 .group         0x00000000        0x8 ./Sources/UART.o
 .group         0x00000000        0x8 ./Sources/UART.o
 .group         0x00000000        0x8 ./Sources/UART.o
 .group         0x00000000        0x8 ./Sources/UART.o
 .group         0x00000000        0x8 ./Sources/UART.o
 .group         0x00000000        0x8 ./Sources/UART.o
 .group         0x00000000        0x8 ./Sources/UART.o
 .group         0x00000000        0x8 ./Sources/UART.o
 .group         0x00000000        0x8 ./Sources/UART.o
 .text          0x00000000        0x0 ./Sources/UART.o
 .data          0x00000000        0x0 ./Sources/UART.o
 .bss           0x00000000        0x0 ./Sources/UART.o
 .debug_macro   0x00000000      0x850 ./Sources/UART.o
 .debug_macro   0x00000000       0x16 ./Sources/UART.o
 .debug_macro   0x00000000       0x44 ./Sources/UART.o
 .debug_macro   0x00000000      0x209 ./Sources/UART.o
 .debug_macro   0x00000000       0x22 ./Sources/UART.o
 .debug_macro   0x00000000       0x2a ./Sources/UART.o
 .debug_macro   0x00000000    0x174c1 ./Sources/UART.o
 .group         0x00000000        0x8 ./Sources/analog.o
 .group         0x00000000        0x8 ./Sources/analog.o
 .group         0x00000000        0x8 ./Sources/analog.o
 .group         0x00000000        0x8 ./Sources/analog.o
 .group         0x00000000        0x8 ./Sources/analog.o
 .group         0x00000000        0x8 ./Sources/analog.o
 .group         0x00000000        0x8 ./Sources/analog.o
 .text          0x00000000        0x0 ./Sources/analog.o
 .data          0x00000000        0x0 ./Sources/analog.o
 .bss           0x00000000        0x0 ./Sources/analog.o
 .debug_macro   0x00000000      0x850 ./Sources/analog.o
 .debug_macro   0x00000000       0x16 ./Sources/analog.o
 .debug_macro   0x00000000       0x44 ./Sources/analog.o
 .debug_macro   0x00000000      0x209 ./Sources/analog.o
 .debug_macro   0x00000000    0x174c1 ./Sources/analog.o
 .debug_macro   0x00000000       0x10 ./Sources/analog.o
 .group         0x00000000        0x8 ./Sources/main.o
 .group         0x00000000        0x8 ./Sources/main.o
 .group         0x00000000        0x8 ./Sources/main.o
 .group         0x00000000        0x8 ./Sources/main.o
 .group         0x00000000        0x8 ./Sources/main.o
 .group         0x00000000        0x8 ./Sources/main.o
 .group         0x00000000        0x8 ./Sources/main.o
 .group         0x00000000        0x8 ./Sources/main.o
 .group         0x00000000        0x8 ./Sources/main.o
 .group         0x00000000        0x8 ./Sources/main.o
 .group         0x00000000        0x8 ./Sources/main.o
 .group         0x00000000        0x8 ./Sources/main.o
 .group         0x00000000        0x8 ./Sources/main.o
 .group         0x00000000        0x8 ./Sources/main.o
 .group         0x00000000        0x8 ./Sources/main.o
 .group         0x00000000        0x8 ./Sources/main.o
 .text          0x00000000        0x0 ./Sources/main.o
 .data          0x00000000        0x0 ./Sources/main.o
 .bss           0x00000000        0x0 ./Sources/main.o
 .rodata.PITPeriod
                0x00000000        0x4 ./Sources/main.o
 .rodata.TowerNumber
                0x00000000        0x2 ./Sources/main.o
 .rodata.TowerMode
                0x00000000        0x2 ./Sources/main.o
 .rodata.BaudRate
                0x00000000        0x4 ./Sources/main.o
 .debug_macro   0x00000000      0x850 ./Sources/main.o
 .debug_macro   0x00000000       0x16 ./Sources/main.o
 .debug_macro   0x00000000       0x44 ./Sources/main.o
 .debug_macro   0x00000000      0x209 ./Sources/main.o
 .debug_macro   0x00000000       0x22 ./Sources/main.o
 .debug_macro   0x00000000       0x2a ./Sources/main.o
 .debug_macro   0x00000000     0x1800 ./Sources/main.o
 .debug_macro   0x00000000      0x14e ./Sources/main.o
 .debug_macro   0x00000000       0x64 ./Sources/main.o
 .debug_macro   0x00000000    0x174c1 ./Sources/main.o
 .debug_macro   0x00000000       0x94 ./Sources/main.o
 .debug_macro   0x00000000       0x3a ./Sources/main.o
 .debug_macro   0x00000000       0x10 ./Sources/main.o
 .debug_macro   0x00000000       0x10 ./Sources/main.o
 .debug_macro   0x00000000       0x10 ./Sources/main.o
 .group         0x00000000        0x8 ./Sources/median.o
 .group         0x00000000        0x8 ./Sources/median.o
 .group         0x00000000        0x8 ./Sources/median.o
 .group         0x00000000        0x8 ./Sources/median.o
 .group         0x00000000        0x8 ./Sources/median.o
 .group         0x00000000        0x8 ./Sources/median.o
 .group         0x00000000        0x8 ./Sources/median.o
 .group         0x00000000        0x8 ./Sources/median.o
 .group         0x00000000        0x8 ./Sources/median.o
 .group         0x00000000        0x8 ./Sources/median.o
 .group         0x00000000        0x8 ./Sources/median.o
 .group         0x00000000        0x8 ./Sources/median.o
 .group         0x00000000        0x8 ./Sources/median.o
 .group         0x00000000        0x8 ./Sources/median.o
 .group         0x00000000        0x8 ./Sources/median.o
 .group         0x00000000        0x8 ./Sources/median.o
 .group         0x00000000        0x8 ./Sources/median.o
 .group         0x00000000        0x8 ./Sources/median.o
 .group         0x00000000        0x8 ./Sources/median.o
 .group         0x00000000        0x8 ./Sources/median.o
 .group         0x00000000        0x8 ./Sources/median.o
 .text          0x00000000        0x0 ./Sources/median.o
 .data          0x00000000        0x0 ./Sources/median.o
 .bss           0x00000000        0x0 ./Sources/median.o
 .debug_macro   0x00000000      0x850 ./Sources/median.o
 .debug_macro   0x00000000       0x16 ./Sources/median.o
 .debug_macro   0x00000000       0x44 ./Sources/median.o
 .debug_macro   0x00000000      0x209 ./Sources/median.o
 .group         0x00000000        0x8 ./Sources/packet.o
 .group         0x00000000        0x8 ./Sources/packet.o
 .group         0x00000000        0x8 ./Sources/packet.o
 .group         0x00000000        0x8 ./Sources/packet.o
 .group         0x00000000        0x8 ./Sources/packet.o
 .group         0x00000000        0x8 ./Sources/packet.o
 .group         0x00000000        0x8 ./Sources/packet.o
 .group         0x00000000        0x8 ./Sources/packet.o
 .text          0x00000000        0x0 ./Sources/packet.o
 .data          0x00000000        0x0 ./Sources/packet.o
 .bss           0x00000000        0x0 ./Sources/packet.o
 .debug_macro   0x00000000      0x850 ./Sources/packet.o
 .debug_macro   0x00000000       0x16 ./Sources/packet.o
 .debug_macro   0x00000000       0x44 ./Sources/packet.o
 .debug_macro   0x00000000      0x209 ./Sources/packet.o
 .debug_macro   0x00000000       0x22 ./Sources/packet.o
 .debug_macro   0x00000000       0x2a ./Sources/packet.o
 .debug_macro   0x00000000       0x3a ./Sources/packet.o
 .debug_macro   0x00000000    0x174c1 ./Sources/packet.o
 .group         0x00000000        0x8 ./Project_Settings/Startup_Code/startup.o
 .group         0x00000000        0x8 ./Project_Settings/Startup_Code/startup.o
 .group         0x00000000        0x8 ./Project_Settings/Startup_Code/startup.o
 .group         0x00000000        0x8 ./Project_Settings/Startup_Code/startup.o
 .group         0x00000000        0x8 ./Project_Settings/Startup_Code/startup.o
 .group         0x00000000        0x8 ./Project_Settings/Startup_Code/startup.o
 .group         0x00000000        0x8 ./Project_Settings/Startup_Code/startup.o
 .group         0x00000000        0x8 ./Project_Settings/Startup_Code/startup.o
 .group         0x00000000        0x8 ./Project_Settings/Startup_Code/startup.o
 .group         0x00000000        0x8 ./Project_Settings/Startup_Code/startup.o
 .group         0x00000000        0x8 ./Project_Settings/Startup_Code/startup.o
 .group         0x00000000        0x8 ./Project_Settings/Startup_Code/startup.o
 .group         0x00000000        0x8 ./Project_Settings/Startup_Code/startup.o
 .group         0x00000000        0x8 ./Project_Settings/Startup_Code/startup.o
 .group         0x00000000        0x8 ./Project_Settings/Startup_Code/startup.o
 .group         0x00000000        0x8 ./Project_Settings/Startup_Code/startup.o
 .group         0x00000000        0x8 ./Project_Settings/Startup_Code/startup.o
 .group         0x00000000        0x8 ./Project_Settings/Startup_Code/startup.o
 .group         0x00000000        0x8 ./Project_Settings/Startup_Code/startup.o
 .text          0x00000000        0x0 ./Project_Settings/Startup_Code/startup.o
 .data          0x00000000        0x0 ./Project_Settings/Startup_Code/startup.o
 .bss           0x00000000        0x0 ./Project_Settings/Startup_Code/startup.o
 .text.__init_hardware
                0x00000000        0xc ./Project_Settings/Startup_Code/startup.o
 .text.__iar_program_start
                0x00000000        0xc ./Project_Settings/Startup_Code/startup.o
 .debug_macro   0x00000000      0x850 ./Project_Settings/Startup_Code/startup.o
 .debug_macro   0x00000000       0x58 ./Project_Settings/Startup_Code/startup.o
 .debug_macro   0x00000000       0x16 ./Project_Settings/Startup_Code/startup.o
 .debug_macro   0x00000000       0x35 ./Project_Settings/Startup_Code/startup.o
 .debug_macro   0x00000000       0xa3 ./Project_Settings/Startup_Code/startup.o
 .debug_macro   0x00000000       0x52 ./Project_Settings/Startup_Code/startup.o
 .debug_macro   0x00000000       0x16 ./Project_Settings/Startup_Code/startup.o
 .debug_macro   0x00000000       0x43 ./Project_Settings/Startup_Code/startup.o
 .debug_macro   0x00000000      0x180 ./Project_Settings/Startup_Code/startup.o
 .group         0x00000000        0x8 ./Generated_Code/Cpu.o
 .group         0x00000000        0x8 ./Generated_Code/Cpu.o
 .group         0x00000000        0x8 ./Generated_Code/Cpu.o
 .group         0x00000000        0x8 ./Generated_Code/Cpu.o
 .group         0x00000000        0x8 ./Generated_Code/Cpu.o
 .group         0x00000000        0x8 ./Generated_Code/Cpu.o
 .group         0x00000000        0x8 ./Generated_Code/Cpu.o
 .group         0x00000000        0x8 ./Generated_Code/Cpu.o
 .group         0x00000000        0x8 ./Generated_Code/Cpu.o
 .text          0x00000000        0x0 ./Generated_Code/Cpu.o
 .data          0x00000000        0x0 ./Generated_Code/Cpu.o
 .bss           0x00000000        0x0 ./Generated_Code/Cpu.o
 .debug_macro   0x00000000      0x850 ./Generated_Code/Cpu.o
 .debug_macro   0x00000000       0x16 ./Generated_Code/Cpu.o
 .debug_macro   0x00000000       0x44 ./Generated_Code/Cpu.o
 .debug_macro   0x00000000      0x209 ./Generated_Code/Cpu.o
 .debug_macro   0x00000000     0x17fa ./Generated_Code/Cpu.o
 .debug_macro   0x00000000      0x14e ./Generated_Code/Cpu.o
 .debug_macro   0x00000000       0x64 ./Generated_Code/Cpu.o
 .debug_macro   0x00000000    0x174c1 ./Generated_Code/Cpu.o
 .group         0x00000000        0x8 ./Generated_Code/PE_LDD.o
 .group         0x00000000        0x8 ./Generated_Code/PE_LDD.o
 .group         0x00000000        0x8 ./Generated_Code/PE_LDD.o
 .group         0x00000000        0x8 ./Generated_Code/PE_LDD.o
 .group         0x00000000        0x8 ./Generated_Code/PE_LDD.o
 .group         0x00000000        0x8 ./Generated_Code/PE_LDD.o
 .group         0x00000000        0x8 ./Generated_Code/PE_LDD.o
 .group         0x00000000        0x8 ./Generated_Code/PE_LDD.o
 .group         0x00000000        0x8 ./Generated_Code/PE_LDD.o
 .text          0x00000000        0x0 ./Generated_Code/PE_LDD.o
 .data          0x00000000        0x0 ./Generated_Code/PE_LDD.o
 .bss           0x00000000        0x0 ./Generated_Code/PE_LDD.o
 .rodata.PE_CpuClockConfigurations
                0x00000000       0x28 ./Generated_Code/PE_LDD.o
 .text.PE_FillMemory
                0x00000000       0x24 ./Generated_Code/PE_LDD.o
 .text.PE_PeripheralUsed
                0x00000000       0x18 ./Generated_Code/PE_LDD.o
 .text.LDD_SetClockConfiguration
                0x00000000       0x14 ./Generated_Code/PE_LDD.o
 .debug_info    0x00000000      0x215 ./Generated_Code/PE_LDD.o
 .debug_abbrev  0x00000000       0xf3 ./Generated_Code/PE_LDD.o
 .debug_aranges
                0x00000000       0x30 ./Generated_Code/PE_LDD.o
 .debug_ranges  0x00000000       0x20 ./Generated_Code/PE_LDD.o
 .debug_macro   0x00000000       0x8f ./Generated_Code/PE_LDD.o
 .debug_macro   0x00000000      0x850 ./Generated_Code/PE_LDD.o
 .debug_macro   0x00000000       0x16 ./Generated_Code/PE_LDD.o
 .debug_macro   0x00000000       0x44 ./Generated_Code/PE_LDD.o
 .debug_macro   0x00000000      0x209 ./Generated_Code/PE_LDD.o
 .debug_macro   0x00000000     0x17fa ./Generated_Code/PE_LDD.o
 .debug_macro   0x00000000      0x14e ./Generated_Code/PE_LDD.o
 .debug_macro   0x00000000       0x64 ./Generated_Code/PE_LDD.o
 .debug_macro   0x00000000    0x174c1 ./Generated_Code/PE_LDD.o
 .debug_macro   0x00000000       0x94 ./Generated_Code/PE_LDD.o
 .debug_line    0x00000000      0x266 ./Generated_Code/PE_LDD.o
 .debug_str     0x00000000    0x8a79f ./Generated_Code/PE_LDD.o
 .comment       0x00000000       0x71 ./Generated_Code/PE_LDD.o
 .ARM.attributes
                0x00000000       0x39 ./Generated_Code/PE_LDD.o
 .debug_frame   0x00000000       0x64 ./Generated_Code/PE_LDD.o
 .group         0x00000000        0x8 ./Generated_Code/Vectors.o
 .group         0x00000000        0x8 ./Generated_Code/Vectors.o
 .group         0x00000000        0x8 ./Generated_Code/Vectors.o
 .group         0x00000000        0x8 ./Generated_Code/Vectors.o
 .group         0x00000000        0x8 ./Generated_Code/Vectors.o
 .group         0x00000000        0x8 ./Generated_Code/Vectors.o
 .group         0x00000000        0x8 ./Generated_Code/Vectors.o
 .group         0x00000000        0x8 ./Generated_Code/Vectors.o
 .group         0x00000000        0x8 ./Generated_Code/Vectors.o
 .group         0x00000000        0x8 ./Generated_Code/Vectors.o
 .group         0x00000000        0x8 ./Generated_Code/Vectors.o
 .group         0x00000000        0x8 ./Generated_Code/Vectors.o
 .text          0x00000000        0x0 ./Generated_Code/Vectors.o
 .data          0x00000000        0x0 ./Generated_Code/Vectors.o
 .bss           0x00000000        0x0 ./Generated_Code/Vectors.o
 .debug_macro   0x00000000      0x850 ./Generated_Code/Vectors.o
 .debug_macro   0x00000000       0x16 ./Generated_Code/Vectors.o
 .debug_macro   0x00000000       0x44 ./Generated_Code/Vectors.o
 .debug_macro   0x00000000      0x209 ./Generated_Code/Vectors.o
 .debug_macro   0x00000000       0x22 ./Generated_Code/Vectors.o
 .debug_macro   0x00000000       0x2a ./Generated_Code/Vectors.o
 .debug_macro   0x00000000     0x1800 ./Generated_Code/Vectors.o
 .debug_macro   0x00000000      0x14e ./Generated_Code/Vectors.o
 .debug_macro   0x00000000       0x64 ./Generated_Code/Vectors.o
 .debug_macro   0x00000000    0x174c1 ./Generated_Code/Vectors.o
 .debug_macro   0x00000000       0x94 ./Generated_Code/Vectors.o
 .debug_macro   0x00000000       0x10 ./Generated_Code/Vectors.o
 .group         0x00000000        0x8 D:\UTS\Year 3\Spring Semester\48434 - Embedded Software\SVN\embedded_software\Lab5\Library\libOS.a(OS.o)
 .group         0x00000000        0x8 D:\UTS\Year 3\Spring Semester\48434 - Embedded Software\SVN\embedded_software\Lab5\Library\libOS.a(OS.o)
 .group         0x00000000        0x8 D:\UTS\Year 3\Spring Semester\48434 - Embedded Software\SVN\embedded_software\Lab5\Library\libOS.a(OS.o)
 .group         0x00000000        0x8 D:\UTS\Year 3\Spring Semester\48434 - Embedded Software\SVN\embedded_software\Lab5\Library\libOS.a(OS.o)
 .group         0x00000000        0x8 D:\UTS\Year 3\Spring Semester\48434 - Embedded Software\SVN\embedded_software\Lab5\Library\libOS.a(OS.o)
 .group         0x00000000        0x8 D:\UTS\Year 3\Spring Semester\48434 - Embedded Software\SVN\embedded_software\Lab5\Library\libOS.a(OS.o)
 .group         0x00000000        0x8 D:\UTS\Year 3\Spring Semester\48434 - Embedded Software\SVN\embedded_software\Lab5\Library\libOS.a(OS.o)
 .group         0x00000000        0x8 D:\UTS\Year 3\Spring Semester\48434 - Embedded Software\SVN\embedded_software\Lab5\Library\libOS.a(OS.o)
 .group         0x00000000        0x8 D:\UTS\Year 3\Spring Semester\48434 - Embedded Software\SVN\embedded_software\Lab5\Library\libOS.a(OS.o)
 .group         0x00000000        0x8 D:\UTS\Year 3\Spring Semester\48434 - Embedded Software\SVN\embedded_software\Lab5\Library\libOS.a(OS.o)
 .group         0x00000000        0x8 D:\UTS\Year 3\Spring Semester\48434 - Embedded Software\SVN\embedded_software\Lab5\Library\libOS.a(OS.o)
 .text          0x00000000        0x0 D:\UTS\Year 3\Spring Semester\48434 - Embedded Software\SVN\embedded_software\Lab5\Library\libOS.a(OS.o)
 .data          0x00000000        0x0 D:\UTS\Year 3\Spring Semester\48434 - Embedded Software\SVN\embedded_software\Lab5\Library\libOS.a(OS.o)
 .bss           0x00000000        0x0 D:\UTS\Year 3\Spring Semester\48434 - Embedded Software\SVN\embedded_software\Lab5\Library\libOS.a(OS.o)
 .rodata.OS_TICK_FREQUENCY
                0x00000000        0x4 D:\UTS\Year 3\Spring Semester\48434 - Embedded Software\SVN\embedded_software\Lab5\Library\libOS.a(OS.o)
 .text.OS_TimeDelay
                0x00000000       0x48 D:\UTS\Year 3\Spring Semester\48434 - Embedded Software\SVN\embedded_software\Lab5\Library\libOS.a(OS.o)
 .text.OS_TimeGet
                0x00000000       0x24 D:\UTS\Year 3\Spring Semester\48434 - Embedded Software\SVN\embedded_software\Lab5\Library\libOS.a(OS.o)
 .text.OS_TimeSet
                0x00000000       0x20 D:\UTS\Year 3\Spring Semester\48434 - Embedded Software\SVN\embedded_software\Lab5\Library\libOS.a(OS.o)
 .debug_macro   0x00000000      0x850 D:\UTS\Year 3\Spring Semester\48434 - Embedded Software\SVN\embedded_software\Lab5\Library\libOS.a(OS.o)
 .debug_macro   0x00000000       0x16 D:\UTS\Year 3\Spring Semester\48434 - Embedded Software\SVN\embedded_software\Lab5\Library\libOS.a(OS.o)
 .debug_macro   0x00000000       0x44 D:\UTS\Year 3\Spring Semester\48434 - Embedded Software\SVN\embedded_software\Lab5\Library\libOS.a(OS.o)
 .debug_macro   0x00000000      0x209 D:\UTS\Year 3\Spring Semester\48434 - Embedded Software\SVN\embedded_software\Lab5\Library\libOS.a(OS.o)
 .debug_macro   0x00000000     0x17fa D:\UTS\Year 3\Spring Semester\48434 - Embedded Software\SVN\embedded_software\Lab5\Library\libOS.a(OS.o)
 .debug_macro   0x00000000      0x14e D:\UTS\Year 3\Spring Semester\48434 - Embedded Software\SVN\embedded_software\Lab5\Library\libOS.a(OS.o)
 .debug_macro   0x00000000       0x64 D:\UTS\Year 3\Spring Semester\48434 - Embedded Software\SVN\embedded_software\Lab5\Library\libOS.a(OS.o)
 .debug_macro   0x00000000    0x174c1 D:\UTS\Year 3\Spring Semester\48434 - Embedded Software\SVN\embedded_software\Lab5\Library\libOS.a(OS.o)
 .debug_macro   0x00000000       0x94 D:\UTS\Year 3\Spring Semester\48434 - Embedded Software\SVN\embedded_software\Lab5\Library\libOS.a(OS.o)
 .debug_macro   0x00000000       0x22 D:\UTS\Year 3\Spring Semester\48434 - Embedded Software\SVN\embedded_software\Lab5\Library\libOS.a(OS.o)
 .debug_macro   0x00000000       0x2a D:\UTS\Year 3\Spring Semester\48434 - Embedded Software\SVN\embedded_software\Lab5\Library\libOS.a(OS.o)
 .text          0x00000000        0x0 c:/freescale/kds_3.0.0/toolchain/bin/../lib/gcc/arm-none-eabi/4.8.4/../../../../arm-none-eabi/lib/armv7e-m/fpu\libg_s.a(lib_a-exit.o)
 .data          0x00000000        0x0 c:/freescale/kds_3.0.0/toolchain/bin/../lib/gcc/arm-none-eabi/4.8.4/../../../../arm-none-eabi/lib/armv7e-m/fpu\libg_s.a(lib_a-exit.o)
 .bss           0x00000000        0x0 c:/freescale/kds_3.0.0/toolchain/bin/../lib/gcc/arm-none-eabi/4.8.4/../../../../arm-none-eabi/lib/armv7e-m/fpu\libg_s.a(lib_a-exit.o)
 .text          0x00000000        0x0 c:/freescale/kds_3.0.0/toolchain/bin/../lib/gcc/arm-none-eabi/4.8.4/../../../../arm-none-eabi/lib/armv7e-m/fpu\libg_s.a(lib_a-impure.o)
 .data          0x00000000        0x0 c:/freescale/kds_3.0.0/toolchain/bin/../lib/gcc/arm-none-eabi/4.8.4/../../../../arm-none-eabi/lib/armv7e-m/fpu\libg_s.a(lib_a-impure.o)
 .bss           0x00000000        0x0 c:/freescale/kds_3.0.0/toolchain/bin/../lib/gcc/arm-none-eabi/4.8.4/../../../../arm-none-eabi/lib/armv7e-m/fpu\libg_s.a(lib_a-impure.o)
 .data._impure_ptr
                0x00000000        0x4 c:/freescale/kds_3.0.0/toolchain/bin/../lib/gcc/arm-none-eabi/4.8.4/../../../../arm-none-eabi/lib/armv7e-m/fpu\libg_s.a(lib_a-impure.o)
 .text          0x00000000        0x0 c:/freescale/kds_3.0.0/toolchain/bin/../lib/gcc/arm-none-eabi/4.8.4/../../../../arm-none-eabi/lib/armv7e-m/fpu\libg_s.a(lib_a-init.o)
 .data          0x00000000        0x0 c:/freescale/kds_3.0.0/toolchain/bin/../lib/gcc/arm-none-eabi/4.8.4/../../../../arm-none-eabi/lib/armv7e-m/fpu\libg_s.a(lib_a-init.o)
 .bss           0x00000000        0x0 c:/freescale/kds_3.0.0/toolchain/bin/../lib/gcc/arm-none-eabi/4.8.4/../../../../arm-none-eabi/lib/armv7e-m/fpu\libg_s.a(lib_a-init.o)
 .text          0x00000000        0x0 c:/freescale/kds_3.0.0/toolchain/bin/../lib/gcc/arm-none-eabi/4.8.4/../../../../arm-none-eabi/lib/armv7e-m/fpu\libg_s.a(lib_a-memset.o)
 .data          0x00000000        0x0 c:/freescale/kds_3.0.0/toolchain/bin/../lib/gcc/arm-none-eabi/4.8.4/../../../../arm-none-eabi/lib/armv7e-m/fpu\libg_s.a(lib_a-memset.o)
 .bss           0x00000000        0x0 c:/freescale/kds_3.0.0/toolchain/bin/../lib/gcc/arm-none-eabi/4.8.4/../../../../arm-none-eabi/lib/armv7e-m/fpu\libg_s.a(lib_a-memset.o)
 .text          0x00000000        0x0 c:/freescale/kds_3.0.0/toolchain/bin/../lib/gcc/arm-none-eabi/4.8.4/../../../../arm-none-eabi/lib/armv7e-m/fpu\libnosys.a(_exit.o)
 .data          0x00000000        0x0 c:/freescale/kds_3.0.0/toolchain/bin/../lib/gcc/arm-none-eabi/4.8.4/../../../../arm-none-eabi/lib/armv7e-m/fpu\libnosys.a(_exit.o)
 .bss           0x00000000        0x0 c:/freescale/kds_3.0.0/toolchain/bin/../lib/gcc/arm-none-eabi/4.8.4/../../../../arm-none-eabi/lib/armv7e-m/fpu\libnosys.a(_exit.o)
 .text          0x00000000        0x0 c:/freescale/kds_3.0.0/toolchain/bin/../lib/gcc/arm-none-eabi/4.8.4/armv7e-m/fpu/crtend.o
 .data          0x00000000        0x0 c:/freescale/kds_3.0.0/toolchain/bin/../lib/gcc/arm-none-eabi/4.8.4/armv7e-m/fpu/crtend.o
 .bss           0x00000000        0x0 c:/freescale/kds_3.0.0/toolchain/bin/../lib/gcc/arm-none-eabi/4.8.4/armv7e-m/fpu/crtend.o
 .eh_frame      0x00000000        0x4 c:/freescale/kds_3.0.0/toolchain/bin/../lib/gcc/arm-none-eabi/4.8.4/armv7e-m/fpu/crtend.o
 .jcr           0x00000000        0x4 c:/freescale/kds_3.0.0/toolchain/bin/../lib/gcc/arm-none-eabi/4.8.4/armv7e-m/fpu/crtend.o
 .ARM.attributes
                0x00000000       0x34 c:/freescale/kds_3.0.0/toolchain/bin/../lib/gcc/arm-none-eabi/4.8.4/armv7e-m/fpu/crtend.o
 .text          0x00000000        0x0 c:/freescale/kds_3.0.0/toolchain/bin/../lib/gcc/arm-none-eabi/4.8.4/armv7e-m/fpu/crtn.o
 .data          0x00000000        0x0 c:/freescale/kds_3.0.0/toolchain/bin/../lib/gcc/arm-none-eabi/4.8.4/armv7e-m/fpu/crtn.o
 .bss           0x00000000        0x0 c:/freescale/kds_3.0.0/toolchain/bin/../lib/gcc/arm-none-eabi/4.8.4/armv7e-m/fpu/crtn.o

Memory Configuration

Name             Origin             Length             Attributes
m_interrupts     0x00000000         0x000001e8         xr
m_text           0x00000410         0x0007fbf0         xr
m_data           0x1fff0000         0x00010000         rw
m_data_20000000  0x20000000         0x00010000         rw
m_cfmprotrom     0x00000400         0x00000010         xr
*default*        0x00000000         0xffffffff

Linker script and memory map

LOAD c:/freescale/kds_3.0.0/toolchain/bin/../lib/gcc/arm-none-eabi/4.8.4/armv7e-m/fpu/crti.o
LOAD c:/freescale/kds_3.0.0/toolchain/bin/../lib/gcc/arm-none-eabi/4.8.4/armv7e-m/fpu/crtbegin.o
LOAD c:/freescale/kds_3.0.0/toolchain/bin/../lib/gcc/arm-none-eabi/4.8.4/../../../../arm-none-eabi/lib/armv7e-m/fpu/crt0.o
LOAD ./Sources/Events.o
LOAD ./Sources/FIFO.o
LOAD ./Sources/FTM.o
LOAD ./Sources/Flash.o
LOAD ./Sources/LEDs.o
LOAD ./Sources/PIT.o
LOAD ./Sources/RTC.o
LOAD ./Sources/SPI.o
LOAD ./Sources/UART.o
LOAD ./Sources/analog.o
LOAD ./Sources/main.o
LOAD ./Sources/median.o
LOAD ./Sources/packet.o
LOAD ./Project_Settings/Startup_Code/startup.o
LOAD ./Generated_Code/Cpu.o
LOAD ./Generated_Code/PE_LDD.o
LOAD ./Generated_Code/Vectors.o
LOAD D:\UTS\Year 3\Spring Semester\48434 - Embedded Software\SVN\embedded_software\Lab5\Library\libOS.a
LOAD c:/freescale/kds_3.0.0/toolchain/bin/../lib/gcc/arm-none-eabi/4.8.4/../../../../arm-none-eabi/lib/armv7e-m/fpu\libstdc++_s.a
LOAD c:/freescale/kds_3.0.0/toolchain/bin/../lib/gcc/arm-none-eabi/4.8.4/../../../../arm-none-eabi/lib/armv7e-m/fpu\libm.a
START GROUP
LOAD c:/freescale/kds_3.0.0/toolchain/bin/../lib/gcc/arm-none-eabi/4.8.4/armv7e-m/fpu\libgcc.a
LOAD c:/freescale/kds_3.0.0/toolchain/bin/../lib/gcc/arm-none-eabi/4.8.4/../../../../arm-none-eabi/lib/armv7e-m/fpu\libg_s.a
LOAD c:/freescale/kds_3.0.0/toolchain/bin/../lib/gcc/arm-none-eabi/4.8.4/../../../../arm-none-eabi/lib/armv7e-m/fpu\libc_s.a
END GROUP
START GROUP
LOAD c:/freescale/kds_3.0.0/toolchain/bin/../lib/gcc/arm-none-eabi/4.8.4/armv7e-m/fpu\libgcc.a
LOAD c:/freescale/kds_3.0.0/toolchain/bin/../lib/gcc/arm-none-eabi/4.8.4/../../../../arm-none-eabi/lib/armv7e-m/fpu\libc_s.a
LOAD c:/freescale/kds_3.0.0/toolchain/bin/../lib/gcc/arm-none-eabi/4.8.4/../../../../arm-none-eabi/lib/armv7e-m/fpu\libnosys.a
END GROUP
START GROUP
LOAD c:/freescale/kds_3.0.0/toolchain/bin/../lib/gcc/arm-none-eabi/4.8.4/armv7e-m/fpu\libgcc.a
LOAD c:/freescale/kds_3.0.0/toolchain/bin/../lib/gcc/arm-none-eabi/4.8.4/../../../../arm-none-eabi/lib/armv7e-m/fpu\libc_s.a
LOAD c:/freescale/kds_3.0.0/toolchain/bin/../lib/gcc/arm-none-eabi/4.8.4/../../../../arm-none-eabi/lib/armv7e-m/fpu\libnosys.a
END GROUP
LOAD c:/freescale/kds_3.0.0/toolchain/bin/../lib/gcc/arm-none-eabi/4.8.4/armv7e-m/fpu/crtend.o
LOAD c:/freescale/kds_3.0.0/toolchain/bin/../lib/gcc/arm-none-eabi/4.8.4/armv7e-m/fpu/crtn.o
                0x20000000                _estack = 0x20000000
                0x20000000                __SP_INIT = _estack
                0x20000000                __stack = _estack
                0x00000000                __heap_size = 0x0
                0x00000400                __stack_size = 0x400

.interrupts     0x00000000      0x1e8
                0x00000000                __vector_table = .
                0x00000000                . = ALIGN (0x4)
 *(.vectortable)
 .vectortable   0x00000000      0x1e8 ./Generated_Code/Vectors.o
                0x00000000                __vect_table
                0x000001e8                . = ALIGN (0x4)

.cfmprotect     0x00000400       0x10
                0x00000400                . = ALIGN (0x4)
 *(.cfmconfig)
 .cfmconfig     0x00000400       0x10 ./Generated_Code/Cpu.o
                0x00000400                _cfm
                0x00000410                . = ALIGN (0x4)

.text           0x00000410     0x32e4
                0x00000410                . = ALIGN (0x4)
 *(.text)
 .text          0x00000410       0x54 c:/freescale/kds_3.0.0/toolchain/bin/../lib/gcc/arm-none-eabi/4.8.4/armv7e-m/fpu/crtbegin.o
 .text          0x00000464       0x74 c:/freescale/kds_3.0.0/toolchain/bin/../lib/gcc/arm-none-eabi/4.8.4/../../../../arm-none-eabi/lib/armv7e-m/fpu/crt0.o
                0x00000464                _start
                0x00000464                _mainCRTStartup
 *(.text*)
 .text.FIFO_Init
                0x000004d8       0x4c ./Sources/FIFO.o
                0x000004d8                FIFO_Init
 .text.FIFO_Put
                0x00000524       0x88 ./Sources/FIFO.o
                0x00000524                FIFO_Put
 .text.FIFO_Get
                0x000005ac       0x88 ./Sources/FIFO.o
                0x000005ac                FIFO_Get
 .text.FTM_Init
                0x00000634       0xd0 ./Sources/FTM.o
                0x00000634                FTM_Init
 .text.FTM_Set  0x00000704       0xd4 ./Sources/FTM.o
                0x00000704                FTM_Set
 .text.FTM_StartTimer
                0x000007d8       0x90 ./Sources/FTM.o
                0x000007d8                FTM_StartTimer
 .text.FTM0_ISR
                0x00000868       0x90 ./Sources/FTM.o
                0x00000868                FTM0_ISR
 .text.LaunchCommand
                0x000008f8      0x144 ./Sources/Flash.o
 .text.Flash_Init
                0x00000a3c       0x10 ./Sources/Flash.o
                0x00000a3c                Flash_Init
 .text.Flash_Erase_Sector
                0x00000a4c       0x40 ./Sources/Flash.o
                0x00000a4c                Flash_Erase_Sector
 .text.Flash_Erase
                0x00000a8c       0x34 ./Sources/Flash.o
                0x00000a8c                Flash_Erase
 .text.WritePhrase
                0x00000ac0       0xe4 ./Sources/Flash.o
 .text.Flash_Write32
                0x00000ba4       0x64 ./Sources/Flash.o
                0x00000ba4                Flash_Write32
 .text.Flash_Write16
                0x00000c08       0x70 ./Sources/Flash.o
                0x00000c08                Flash_Write16
 .text.Flash_Write8
                0x00000c78       0x60 ./Sources/Flash.o
                0x00000c78                Flash_Write8
 .text.Flash_AllocateVar
                0x00000cd8      0x13c ./Sources/Flash.o
                0x00000cd8                Flash_AllocateVar
 .text.LEDs_Init
                0x00000e14       0xc4 ./Sources/LEDs.o
                0x00000e14                LEDs_Init
 .text.LEDs_On  0x00000ed8       0x24 ./Sources/LEDs.o
                0x00000ed8                LEDs_On
 .text.LEDs_Off
                0x00000efc       0x24 ./Sources/LEDs.o
                0x00000efc                LEDs_Off
 .text.LEDs_Toggle
                0x00000f20       0x24 ./Sources/LEDs.o
                0x00000f20                LEDs_Toggle
 .text.PIT_Init
                0x00000f44       0x90 ./Sources/PIT.o
                0x00000f44                PIT_Init
 .text.PIT_Set  0x00000fd4       0x5c ./Sources/PIT.o
                0x00000fd4                PIT_Set
 .text.PIT_Enable
                0x00001030       0x40 ./Sources/PIT.o
                0x00001030                PIT_Enable
 .text.PIT_ISR  0x00001070       0x40 ./Sources/PIT.o
                0x00001070                PIT_ISR
 .text.RTC_Init
                0x000010b0       0xac ./Sources/RTC.o
                0x000010b0                RTC_Init
 .text.RTC_Set  0x0000115c      0x120 ./Sources/RTC.o
                0x0000115c                RTC_Set
 .text.RTC_Get  0x0000127c       0x94 ./Sources/RTC.o
                0x0000127c                RTC_Get
 .text.RTC_ISR  0x00001310       0x2c ./Sources/RTC.o
                0x00001310                RTC_ISR
 .text.SPI_Init
                0x0000133c      0x240 ./Sources/SPI.o
                0x0000133c                SPI_Init
 .text.SPI_SelectSlaveDevice
                0x0000157c       0x90 ./Sources/SPI.o
                0x0000157c                SPI_SelectSlaveDevice
 .text.SPI_ExchangeChar
                0x0000160c       0x8c ./Sources/SPI.o
                0x0000160c                SPI_ExchangeChar
 .text.SPI_SetBaudRate
                0x00001698      0x174 ./Sources/SPI.o
 .text.UART_Init
                0x0000180c      0x248 ./Sources/UART.o
                0x0000180c                UART_Init
 .text.UART_InChar
                0x00001a54       0x1c ./Sources/UART.o
                0x00001a54                UART_InChar
 .text.UART_OutChar
                0x00001a70       0x20 ./Sources/UART.o
                0x00001a70                UART_OutChar
 .text.TxThread
                0x00001a90       0x44 ./Sources/UART.o
                0x00001a90                TxThread
 .text.RxThread
                0x00001ad4       0x50 ./Sources/UART.o
                0x00001ad4                RxThread
 .text.UART_ISR
                0x00001b24       0x98 ./Sources/UART.o
                0x00001b24                UART_ISR
 .text.FractionOf64to32
                0x00001bbc       0x48 ./Sources/UART.o
 .text.Analog_Init
                0x00001c04       0xc4 ./Sources/analog.o
                0x00001c04                Analog_Init
 .text.Analog_Get
                0x00001cc8      0x140 ./Sources/analog.o
                0x00001cc8                Analog_Get
 .text.StartupPackets
                0x00001e08       0x6c ./Sources/main.o
 .text.HandleStartupPacket
                0x00001e74       0x30 ./Sources/main.o
 .text.HandleTowerVersionPacket
                0x00001ea4       0x30 ./Sources/main.o
 .text.HandleTowerNumberPacket
                0x00001ed4       0x64 ./Sources/main.o
 .text.HandleTowerModePacket
                0x00001f38       0x64 ./Sources/main.o
 .text.HandleReadBytePacket
                0x00001f9c       0x24 ./Sources/main.o
 .text.HandleProgramBytePacket
                0x00001fc0       0x50 ./Sources/main.o
 .text.HandleRealTimeClock
                0x00002010       0x20 ./Sources/main.o
 .text.HandleProtocolModePacket
                0x00002030       0x1c ./Sources/main.o
 .text.FTMThread
                0x0000204c       0x24 ./Sources/main.o
 .text.PITThread
                0x00002070       0x24 ./Sources/main.o
 .text.RTCThread
                0x00002094       0x44 ./Sources/main.o
 .text.DACThread
                0x000020d8      0x148 ./Sources/main.o
 .text.PacketThread
                0x00002220      0x128 ./Sources/main.o
 .text.InitThread
                0x00002348       0xec ./Sources/main.o
 .text.main     0x00002434      0x110 ./Sources/main.o
                0x00002434                main
 .text.Median_Filter
                0x00002544       0x9c ./Sources/median.o
                0x00002544                Median_Filter
 .text.Partition
                0x000025e0       0xc8 ./Sources/median.o
                0x000025e0                Partition
 .text.Quicksort
                0x000026a8       0x18 ./Sources/median.o
                0x000026a8                Quicksort
 .text.Packet_Init
                0x000026c0       0x3c ./Sources/packet.o
                0x000026c0                Packet_Init
 .text.Packet_Get
                0x000026fc      0x10c ./Sources/packet.o
                0x000026fc                Packet_Get
 .text.Packet_Put
                0x00002808       0x68 ./Sources/packet.o
                0x00002808                Packet_Put
 .text.__copy_rom_section
                0x00002870       0xe4 ./Project_Settings/Startup_Code/startup.o
                0x00002870                __copy_rom_section
 .text.__copy_rom_sections_to_ram
                0x00002954       0x9c ./Project_Settings/Startup_Code/startup.o
                0x00002954                __copy_rom_sections_to_ram
 .text.__init_registers
                0x000029f0       0x20 ./Project_Settings/Startup_Code/startup.o
                0x000029f0                __init_registers
 .text.__init_user
                0x00002a10        0xc ./Project_Settings/Startup_Code/startup.o
                0x00002a10                __init_user
 .text.__thumb_startup
                0x00002a1c       0x34 ./Project_Settings/Startup_Code/startup.o
                0x00002a1c                __thumb_startup
 .text.Cpu_Interrupt
                0x00002a50       0x18 ./Generated_Code/Cpu.o
                0x00002a50                Cpu_Interrupt
 .text.__init_hardware
                0x00002a68      0x17c ./Generated_Code/Cpu.o
                0x00002a68                __init_hardware
 .text.Cpu_SetBASEPRI
                0x00002be4       0x18 ./Generated_Code/Cpu.o
                0x00002be4                Cpu_SetBASEPRI
 .text.PE_low_level_init
                0x00002bfc       0xe4 ./Generated_Code/Cpu.o
                0x00002bfc                PE_low_level_init
 .text.OS_Init  0x00002ce0      0x108 D:\UTS\Year 3\Spring Semester\48434 - Embedded Software\SVN\embedded_software\Lab5\Library\libOS.a(OS.o)
                0x00002ce0                OS_Init
 .text.OS_ISREnter
                0x00002de8       0x20 D:\UTS\Year 3\Spring Semester\48434 - Embedded Software\SVN\embedded_software\Lab5\Library\libOS.a(OS.o)
                0x00002de8                OS_ISREnter
 .text.OS_ISRExit
                0x00002e08       0x1c D:\UTS\Year 3\Spring Semester\48434 - Embedded Software\SVN\embedded_software\Lab5\Library\libOS.a(OS.o)
                0x00002e08                OS_ISRExit
 .text.OS_SemaphoreCreate
                0x00002e24       0x90 D:\UTS\Year 3\Spring Semester\48434 - Embedded Software\SVN\embedded_software\Lab5\Library\libOS.a(OS.o)
                0x00002e24                OS_SemaphoreCreate
 .text.OS_SemaphoreSignal
                0x00002eb4       0x44 D:\UTS\Year 3\Spring Semester\48434 - Embedded Software\SVN\embedded_software\Lab5\Library\libOS.a(OS.o)
                0x00002eb4                OS_SemaphoreSignal
 .text.OS_SemaphoreWait
                0x00002ef8       0x58 D:\UTS\Year 3\Spring Semester\48434 - Embedded Software\SVN\embedded_software\Lab5\Library\libOS.a(OS.o)
                0x00002ef8                OS_SemaphoreWait
 .text.OS_Start
                0x00002f50       0x10 D:\UTS\Year 3\Spring Semester\48434 - Embedded Software\SVN\embedded_software\Lab5\Library\libOS.a(OS.o)
                0x00002f50                OS_Start
 .text.OS_ThreadCreate
                0x00002f60      0x160 D:\UTS\Year 3\Spring Semester\48434 - Embedded Software\SVN\embedded_software\Lab5\Library\libOS.a(OS.o)
                0x00002f60                OS_ThreadCreate
 .text.OS_ThreadDelete
                0x000030c0      0x180 D:\UTS\Year 3\Spring Semester\48434 - Embedded Software\SVN\embedded_software\Lab5\Library\libOS.a(OS.o)
                0x000030c0                OS_ThreadDelete
 .text.EventThreadReady
                0x00003240       0x68 D:\UTS\Year 3\Spring Semester\48434 - Embedded Software\SVN\embedded_software\Lab5\Library\libOS.a(OS.o)
 .text.EventThreadWait
                0x000032a8       0x64 D:\UTS\Year 3\Spring Semester\48434 - Embedded Software\SVN\embedded_software\Lab5\Library\libOS.a(OS.o)
 .text.EventTimeout
                0x0000330c       0x40 D:\UTS\Year 3\Spring Semester\48434 - Embedded Software\SVN\embedded_software\Lab5\Library\libOS.a(OS.o)
 .text.Idle     0x0000334c       0x1c D:\UTS\Year 3\Spring Semester\48434 - Embedded Software\SVN\embedded_software\Lab5\Library\libOS.a(OS.o)
 .text.FindFirstSet
                0x00003368       0x44 D:\UTS\Year 3\Spring Semester\48434 - Embedded Software\SVN\embedded_software\Lab5\Library\libOS.a(OS.o)
 .text.Schedule
                0x000033ac       0x64 D:\UTS\Year 3\Spring Semester\48434 - Embedded Software\SVN\embedded_software\Lab5\Library\libOS.a(OS.o)
 .text.TCBInit  0x00003410       0xc0 D:\UTS\Year 3\Spring Semester\48434 - Embedded Software\SVN\embedded_software\Lab5\Library\libOS.a(OS.o)
 .text.TimeTick
                0x000034d0       0x74 D:\UTS\Year 3\Spring Semester\48434 - Embedded Software\SVN\embedded_software\Lab5\Library\libOS.a(OS.o)
 *fill*         0x00003544        0xc 
 .text.OS_ContextSwitchISR
                0x00003550       0x50 D:\UTS\Year 3\Spring Semester\48434 - Embedded Software\SVN\embedded_software\Lab5\Library\libOS.a(OS.o)
                0x00003550                OS_ContextSwitchISR
 .text.OS_SysTickISR
                0x000035a0       0x5c D:\UTS\Year 3\Spring Semester\48434 - Embedded Software\SVN\embedded_software\Lab5\Library\libOS.a(OS.o)
                0x000035a0                OS_SysTickISR
 .text.exit     0x000035fc       0x28 c:/freescale/kds_3.0.0/toolchain/bin/../lib/gcc/arm-none-eabi/4.8.4/../../../../arm-none-eabi/lib/armv7e-m/fpu\libg_s.a(lib_a-exit.o)
                0x000035fc                exit
 .text.__libc_init_array
                0x00003624       0x4c c:/freescale/kds_3.0.0/toolchain/bin/../lib/gcc/arm-none-eabi/4.8.4/../../../../arm-none-eabi/lib/armv7e-m/fpu\libg_s.a(lib_a-init.o)
                0x00003624                __libc_init_array
 .text.memset   0x00003670       0x10 c:/freescale/kds_3.0.0/toolchain/bin/../lib/gcc/arm-none-eabi/4.8.4/../../../../arm-none-eabi/lib/armv7e-m/fpu\libg_s.a(lib_a-memset.o)
                0x00003670                memset
 .text._exit    0x00003680        0x4 c:/freescale/kds_3.0.0/toolchain/bin/../lib/gcc/arm-none-eabi/4.8.4/../../../../arm-none-eabi/lib/armv7e-m/fpu\libnosys.a(_exit.o)
                0x00003680                _exit
 *(.rodata)
 .rodata        0x00003684       0x50 ./Sources/SPI.o
 *(.rodata*)
 .rodata.str1.1
                0x000036d4        0x2 c:/freescale/kds_3.0.0/toolchain/bin/../lib/gcc/arm-none-eabi/4.8.4/../../../../arm-none-eabi/lib/armv7e-m/fpu\libg_s.a(lib_a-impure.o)
 *fill*         0x000036d6        0x2 
 .rodata._global_impure_ptr
                0x000036d8        0x4 c:/freescale/kds_3.0.0/toolchain/bin/../lib/gcc/arm-none-eabi/4.8.4/../../../../arm-none-eabi/lib/armv7e-m/fpu\libg_s.a(lib_a-impure.o)
                0x000036d8                _global_impure_ptr
 *(.glue_7)
 .glue_7        0x00000000        0x0 linker stubs
 *(.glue_7t)
 .glue_7t       0x00000000        0x0 linker stubs
 *(.eh_frame)
 .eh_frame      0x000036dc        0x0 c:/freescale/kds_3.0.0/toolchain/bin/../lib/gcc/arm-none-eabi/4.8.4/armv7e-m/fpu/crtbegin.o
 *(.init)
 .init          0x000036dc        0x4 c:/freescale/kds_3.0.0/toolchain/bin/../lib/gcc/arm-none-eabi/4.8.4/armv7e-m/fpu/crti.o
                0x000036dc                _init
 .init          0x000036e0        0x8 c:/freescale/kds_3.0.0/toolchain/bin/../lib/gcc/arm-none-eabi/4.8.4/armv7e-m/fpu/crtn.o
 *(.fini)
 .fini          0x000036e8        0x4 c:/freescale/kds_3.0.0/toolchain/bin/../lib/gcc/arm-none-eabi/4.8.4/armv7e-m/fpu/crti.o
                0x000036e8                _fini
 .fini          0x000036ec        0x8 c:/freescale/kds_3.0.0/toolchain/bin/../lib/gcc/arm-none-eabi/4.8.4/armv7e-m/fpu/crtn.o
                0x000036f4                . = ALIGN (0x4)
                0x000036f4                _etext = .

.vfp11_veneer   0x000036f4        0x0
 .vfp11_veneer  0x00000000        0x0 linker stubs

.v4_bx          0x000036f4        0x0
 .v4_bx         0x00000000        0x0 linker stubs

.iplt           0x000036f4        0x0
 .iplt          0x00000000        0x0 c:/freescale/kds_3.0.0/toolchain/bin/../lib/gcc/arm-none-eabi/4.8.4/armv7e-m/fpu/crtbegin.o

.ARM.extab
 *(.ARM.extab* .gnu.linkonce.armextab.*)

.ARM            0x000036f4        0x8
                0x000036f4                __exidx_start = .
 *(.ARM.exidx*)
 .ARM.exidx     0x000036f4        0x8 c:/freescale/kds_3.0.0/toolchain/bin/../lib/gcc/arm-none-eabi/4.8.4/../../../../arm-none-eabi/lib/armv7e-m/fpu/crt0.o
                0x000036fc                __exidx_end = .

.rel.dyn        0x000036fc        0x0
 .rel.iplt      0x00000000        0x0 c:/freescale/kds_3.0.0/toolchain/bin/../lib/gcc/arm-none-eabi/4.8.4/armv7e-m/fpu/crtbegin.o

.ctors          0x000036fc        0x0
                0x000036fc                __CTOR_LIST__ = .
 *crtbegin.o(.ctors)
 *(EXCLUDE_FILE(*crtend.o) .ctors)
 *(SORT(.ctors.*))
 *(.ctors)
                0x000036fc                __CTOR_END__ = .

.dtors          0x000036fc        0x0
                0x000036fc                __DTOR_LIST__ = .
 *crtbegin.o(.dtors)
 *(EXCLUDE_FILE(*crtend.o) .dtors)
 *(SORT(.dtors.*))
 *(.dtors)
                0x000036fc                __DTOR_END__ = .

.preinit_array  0x000036fc        0x0
                0x000036fc                PROVIDE (__preinit_array_start, .)
 *(.preinit_array*)
                0x000036fc                PROVIDE (__preinit_array_end, .)

.init_array     0x000036fc        0x4
                0x000036fc                PROVIDE (__init_array_start, .)
 *(SORT(.init_array.*))
 *(.init_array*)
 .init_array    0x000036fc        0x4 c:/freescale/kds_3.0.0/toolchain/bin/../lib/gcc/arm-none-eabi/4.8.4/armv7e-m/fpu/crtbegin.o
                0x00003700                PROVIDE (__init_array_end, .)

.fini_array     0x00003700        0x4
                0x00003700                PROVIDE (__fini_array_start, .)
 *(SORT(.fini_array.*))
 *(.fini_array*)
 .fini_array    0x00003700        0x4 c:/freescale/kds_3.0.0/toolchain/bin/../lib/gcc/arm-none-eabi/4.8.4/armv7e-m/fpu/crtbegin.o
                0x00003704                PROVIDE (__fini_array_end, .)
                0x00003704                ___ROM_AT = .

.data           0x1fff0000       0x64 load address 0x00003704
                0x1fff0000                . = ALIGN (0x4)
                0x1fff0000                _sdata = .
 *(.data)
 *(.data*)
 .data.Current_Mode
                0x1fff0000        0x1 ./Sources/main.o
 *fill*         0x1fff0001        0x3 
 .data.impure_data
                0x1fff0004       0x60 c:/freescale/kds_3.0.0/toolchain/bin/../lib/gcc/arm-none-eabi/4.8.4/../../../../arm-none-eabi/lib/armv7e-m/fpu\libg_s.a(lib_a-impure.o)
                0x1fff0064                . = ALIGN (0x4)
                0x1fff0064                _edata = .
                0x00000064                ___data_size = (_edata - _sdata)
                0x00003768                ___m_data_20000000_ROMStart = (___ROM_AT + SIZEOF (.data))

.jcr            0x1fff0064        0x0 load address 0x00003768
 .jcr           0x1fff0064        0x0 c:/freescale/kds_3.0.0/toolchain/bin/../lib/gcc/arm-none-eabi/4.8.4/armv7e-m/fpu/crtbegin.o

.igot.plt       0x1fff0064        0x0 load address 0x00003768
 .igot.plt      0x00000000        0x0 c:/freescale/kds_3.0.0/toolchain/bin/../lib/gcc/arm-none-eabi/4.8.4/armv7e-m/fpu/crtbegin.o

.m_data_20000000
                0x20000000        0x0 load address 0x00003768
                0x20000000                . = ALIGN (0x4)
                0x20000000                ___m_data_20000000_RAMStart = .
 *(.m_data_20000000)
                0x20000000                ___m_data_20000000_RAMEnd = .
                0x20000000                . = ALIGN (0x4)
                0x00000000                ___m_data_20000000_ROMSize = (___m_data_20000000_RAMEnd - ___m_data_20000000_RAMStart)
                0x20000000                . = ALIGN (0x4)

.bss            0x1fff0068     0x183c load address 0x00003770
                0x1fff0068                __START_BSS = .
                0x1fff0068                PROVIDE (__bss_start__, __START_BSS)
 *(.bss)
 .bss           0x1fff0068       0x1c c:/freescale/kds_3.0.0/toolchain/bin/../lib/gcc/arm-none-eabi/4.8.4/armv7e-m/fpu/crtbegin.o
 *(.bss*)
 .bss.fpviolStatus.5639
                0x1fff0084        0x1 ./Sources/Flash.o
 .bss.accerrStatus.5638
                0x1fff0085        0x1 ./Sources/Flash.o
 *fill*         0x1fff0086        0x2 
 .bss.memMap.5687
                0x1fff0088        0x8 ./Sources/Flash.o
 .bss.PITClockPeriod
                0x1fff0090        0x4 ./Sources/PIT.o
 .bss.SPITxData
                0x1fff0094        0x4 ./Sources/SPI.o
 .bss.RxFIFO    0x1fff0098      0x114 ./Sources/UART.o
 .bss.TxFIFO    0x1fff01ac      0x114 ./Sources/UART.o
 .bss.FTMChannel0
                0x1fff02c0       0x10 ./Sources/main.o
 .bss.FTMChannel1
                0x1fff02d0       0x10 ./Sources/main.o
 .bss.InitThreadStack
                0x1fff02e0      0x190 ./Sources/main.o
 .bss.PacketThreadStack
                0x1fff0470      0x190 ./Sources/main.o
 .bss.PITThreadStack
                0x1fff0600      0x190 ./Sources/main.o
 .bss.RTCThreadStack
                0x1fff0790      0x190 ./Sources/main.o
 .bss.DACThreadStack
                0x1fff0920      0x190 ./Sources/main.o
 .bss.TxThreadStack
                0x1fff0ab0      0x190 ./Sources/main.o
 .bss.RxThreadStack
                0x1fff0c40      0x190 ./Sources/main.o
 .bss.FTMThreadStack
                0x1fff0dd0      0x190 ./Sources/main.o
 .bss.InitSemaphore
                0x1fff0f60        0x4 ./Sources/main.o
 .bss.position.5727
                0x1fff0f64        0x1 ./Sources/packet.o
 .bss.SR_lock   0x1fff0f65        0x1 ./Generated_Code/Cpu.o
                0x1fff0f65                SR_lock
 *fill*         0x1fff0f66        0x2 
 .bss.TCBUnusedMain
                0x1fff0f68       0x18 D:\UTS\Year 3\Spring Semester\48434 - Embedded Software\SVN\embedded_software\Lab5\Library\libOS.a(OS.o)
 .bss.TCBTable  0x1fff0f80      0x300 D:\UTS\Year 3\Spring Semester\48434 - Embedded Software\SVN\embedded_software\Lab5\Library\libOS.a(OS.o)
 .bss.pTCBFreeList
                0x1fff1280        0x4 D:\UTS\Year 3\Spring Semester\48434 - Embedded Software\SVN\embedded_software\Lab5\Library\libOS.a(OS.o)
 .bss.pTCBAllocatedList
                0x1fff1284        0x4 D:\UTS\Year 3\Spring Semester\48434 - Embedded Software\SVN\embedded_software\Lab5\Library\libOS.a(OS.o)
 .bss.pTCBPriorityTable
                0x1fff1288       0x80 D:\UTS\Year 3\Spring Semester\48434 - Embedded Software\SVN\embedded_software\Lab5\Library\libOS.a(OS.o)
 .bss.pTCBRunning
                0x1fff1308        0x4 D:\UTS\Year 3\Spring Semester\48434 - Embedded Software\SVN\embedded_software\Lab5\Library\libOS.a(OS.o)
 .bss.pTCBHighestReady
                0x1fff130c        0x4 D:\UTS\Year 3\Spring Semester\48434 - Embedded Software\SVN\embedded_software\Lab5\Library\libOS.a(OS.o)
 .bss.ReadyList
                0x1fff1310        0x4 D:\UTS\Year 3\Spring Semester\48434 - Embedded Software\SVN\embedded_software\Lab5\Library\libOS.a(OS.o)
 .bss.ECBTable  0x1fff1314      0x100 D:\UTS\Year 3\Spring Semester\48434 - Embedded Software\SVN\embedded_software\Lab5\Library\libOS.a(OS.o)
 .bss.NextECBFree
                0x1fff1414        0x1 D:\UTS\Year 3\Spring Semester\48434 - Embedded Software\SVN\embedded_software\Lab5\Library\libOS.a(OS.o)
 *fill*         0x1fff1415        0x3 
 .bss.IdleCounter
                0x1fff1418        0x4 D:\UTS\Year 3\Spring Semester\48434 - Embedded Software\SVN\embedded_software\Lab5\Library\libOS.a(OS.o)
 *fill*         0x1fff141c        0x4 
 .bss.IdleStack
                0x1fff1420      0x400 D:\UTS\Year 3\Spring Semester\48434 - Embedded Software\SVN\embedded_software\Lab5\Library\libOS.a(OS.o)
 .bss.Ticks     0x1fff1820        0x4 D:\UTS\Year 3\Spring Semester\48434 - Embedded Software\SVN\embedded_software\Lab5\Library\libOS.a(OS.o)
 .bss.ToggleCntr
                0x1fff1824        0x4 D:\UTS\Year 3\Spring Semester\48434 - Embedded Software\SVN\embedded_software\Lab5\Library\libOS.a(OS.o)
 .bss.ToggleLED
                0x1fff1828        0x1 D:\UTS\Year 3\Spring Semester\48434 - Embedded Software\SVN\embedded_software\Lab5\Library\libOS.a(OS.o)
 .bss.ISRNestLevel
                0x1fff1829        0x1 D:\UTS\Year 3\Spring Semester\48434 - Embedded Software\SVN\embedded_software\Lab5\Library\libOS.a(OS.o)
 *(COMMON)
 *fill*         0x1fff182a        0x2 
 COMMON         0x1fff182c       0x20 ./Sources/FTM.o
                0x1fff182c                DACSemaphore
 COMMON         0x1fff184c        0xc ./Sources/Flash.o
                0x1fff184c                fccob
 COMMON         0x1fff1858        0x4 ./Sources/PIT.o
                0x1fff1858                PITSemaphore
 COMMON         0x1fff185c        0x4 ./Sources/RTC.o
                0x1fff185c                RTCSemaphore
 COMMON         0x1fff1860       0x10 ./Sources/UART.o
                0x1fff1860                RxSemaphore
                0x1fff1864                TxSemaphore
                0x1fff1868                PacketSemaphore
                0x1fff186c                PacketPutSemaphore
 COMMON         0x1fff1870       0x24 ./Sources/analog.o
                0x1fff1870                Analog_Input
 COMMON         0x1fff1894        0x8 ./Sources/main.o
                0x1fff1894                NvTowerMode
                0x1fff1898                NvTowerNumber
 COMMON         0x1fff189c        0x5 ./Sources/packet.o
                0x1fff189c                Packet
 COMMON         0x1fff18a1        0x1 ./Generated_Code/Cpu.o
                0x1fff18a1                SR_reg
                0x1fff18a4                . = ALIGN (0x4)
 *fill*         0x1fff18a2        0x2 
                0x1fff18a4                __END_BSS = .
                0x1fff18a4                PROVIDE (__bss_end__, __END_BSS)
                0x00003768                _romp_at = ((___ROM_AT + SIZEOF (.data)) + SIZEOF (.m_data_20000000))

.romp           0x1fff18a4       0x24 load address 0x00003768
                0x00003768                __S_romp = _romp_at
                0x1fff18a4        0x4 LONG 0x3704 ___ROM_AT
                0x1fff18a8        0x4 LONG 0x1fff0000 _sdata
                0x1fff18ac        0x4 LONG 0x64 ___data_size
                0x1fff18b0        0x4 LONG 0x3768 ___m_data_20000000_ROMStart
                0x1fff18b4        0x4 LONG 0x20000000 ___m_data_20000000_RAMStart
                0x1fff18b8        0x4 LONG 0x0 ___m_data_20000000_ROMSize
                0x1fff18bc        0x4 LONG 0x0
                0x1fff18c0        0x4 LONG 0x0
                0x1fff18c4        0x4 LONG 0x0

._user_heap_stack
                0x1fff18c8      0x400 load address 0x0000378c
                0x1fff18c8                . = ALIGN (0x4)
                0x1fff18c8                PROVIDE (end, .)
                0x1fff18c8                PROVIDE (_end, .)
                0x1fff18c8                __heap_addr = .
                0x1fff18c8                __HeapBase = .
                0x1fff18c8                . = (. + __heap_size)
                0x1fff18c8                __HeapLimit = .
                0x1fff1cc8                . = (. + __stack_size)
 *fill*         0x1fff18c8      0x400 
                0x1fff1cc8                . = ALIGN (0x4)

.ARM.attributes
                0x00000000       0x30
 *(.ARM.attributes)
 .ARM.attributes
                0x00000000       0x22 c:/freescale/kds_3.0.0/toolchain/bin/../lib/gcc/arm-none-eabi/4.8.4/armv7e-m/fpu/crti.o
 .ARM.attributes
                0x00000022       0x34 c:/freescale/kds_3.0.0/toolchain/bin/../lib/gcc/arm-none-eabi/4.8.4/armv7e-m/fpu/crtbegin.o
 .ARM.attributes
                0x00000056       0x20 c:/freescale/kds_3.0.0/toolchain/bin/../lib/gcc/arm-none-eabi/4.8.4/../../../../arm-none-eabi/lib/armv7e-m/fpu/crt0.o
 .ARM.attributes
                0x00000076       0x39 ./Sources/FIFO.o
 .ARM.attributes
                0x000000af       0x39 ./Sources/FTM.o
 .ARM.attributes
                0x000000e8       0x39 ./Sources/Flash.o
 .ARM.attributes
                0x00000121       0x39 ./Sources/LEDs.o
 .ARM.attributes
                0x0000015a       0x39 ./Sources/PIT.o
 .ARM.attributes
                0x00000193       0x39 ./Sources/RTC.o
 .ARM.attributes
                0x000001cc       0x39 ./Sources/SPI.o
 .ARM.attributes
                0x00000205       0x39 ./Sources/UART.o
 .ARM.attributes
                0x0000023e       0x39 ./Sources/analog.o
 .ARM.attributes
                0x00000277       0x39 ./Sources/main.o
 .ARM.attributes
                0x000002b0       0x39 ./Sources/median.o
 .ARM.attributes
                0x000002e9       0x39 ./Sources/packet.o
 .ARM.attributes
                0x00000322       0x39 ./Project_Settings/Startup_Code/startup.o
 .ARM.attributes
                0x0000035b       0x39 ./Generated_Code/Cpu.o
 .ARM.attributes
                0x00000394       0x39 ./Generated_Code/Vectors.o
 .ARM.attributes
                0x000003cd       0x39 D:\UTS\Year 3\Spring Semester\48434 - Embedded Software\SVN\embedded_software\Lab5\Library\libOS.a(OS.o)
 .ARM.attributes
                0x00000406       0x34 c:/freescale/kds_3.0.0/toolchain/bin/../lib/gcc/arm-none-eabi/4.8.4/../../../../arm-none-eabi/lib/armv7e-m/fpu\libg_s.a(lib_a-exit.o)
 .ARM.attributes
                0x0000043a       0x34 c:/freescale/kds_3.0.0/toolchain/bin/../lib/gcc/arm-none-eabi/4.8.4/../../../../arm-none-eabi/lib/armv7e-m/fpu\libg_s.a(lib_a-impure.o)
 .ARM.attributes
                0x0000046e       0x34 c:/freescale/kds_3.0.0/toolchain/bin/../lib/gcc/arm-none-eabi/4.8.4/../../../../arm-none-eabi/lib/armv7e-m/fpu\libg_s.a(lib_a-init.o)
 .ARM.attributes
                0x000004a2       0x34 c:/freescale/kds_3.0.0/toolchain/bin/../lib/gcc/arm-none-eabi/4.8.4/../../../../arm-none-eabi/lib/armv7e-m/fpu\libg_s.a(lib_a-memset.o)
 .ARM.attributes
                0x000004d6       0x34 c:/freescale/kds_3.0.0/toolchain/bin/../lib/gcc/arm-none-eabi/4.8.4/../../../../arm-none-eabi/lib/armv7e-m/fpu\libnosys.a(_exit.o)
 .ARM.attributes
                0x0000050a       0x22 c:/freescale/kds_3.0.0/toolchain/bin/../lib/gcc/arm-none-eabi/4.8.4/armv7e-m/fpu/crtn.o
OUTPUT(Lab5.elf elf32-littlearm)

.debug_info     0x00000000     0x6321
 .debug_info    0x00000000      0x28e ./Sources/FIFO.o
 .debug_info    0x0000028e      0x796 ./Sources/FTM.o
 .debug_info    0x00000a24      0x70a ./Sources/Flash.o
 .debug_info    0x0000112e      0x4a9 ./Sources/LEDs.o
 .debug_info    0x000015d7      0x5c9 ./Sources/PIT.o
 .debug_info    0x00001ba0      0x652 ./Sources/RTC.o
 .debug_info    0x000021f2      0x7cf ./Sources/SPI.o
 .debug_info    0x000029c1      0xa07 ./Sources/UART.o
 .debug_info    0x000033c8      0x2ed ./Sources/analog.o
 .debug_info    0x000036b5      0x948 ./Sources/main.o
 .debug_info    0x00003ffd      0x221 ./Sources/median.o
 .debug_info    0x0000421e      0x324 ./Sources/packet.o
 .debug_info    0x00004542      0x3b0 ./Project_Settings/Startup_Code/startup.o
 .debug_info    0x000048f2      0xb89 ./Generated_Code/Cpu.o
 .debug_info    0x0000547b      0x1b1 ./Generated_Code/Vectors.o
 .debug_info    0x0000562c      0xcf5 D:\UTS\Year 3\Spring Semester\48434 - Embedded Software\SVN\embedded_software\Lab5\Library\libOS.a(OS.o)

.debug_abbrev   0x00000000     0x18f4
 .debug_abbrev  0x00000000       0xfa ./Sources/FIFO.o
 .debug_abbrev  0x000000fa      0x1de ./Sources/FTM.o
 .debug_abbrev  0x000002d8      0x1dd ./Sources/Flash.o
 .debug_abbrev  0x000004b5      0x144 ./Sources/LEDs.o
 .debug_abbrev  0x000005f9      0x1c0 ./Sources/PIT.o
 .debug_abbrev  0x000007b9      0x180 ./Sources/RTC.o
 .debug_abbrev  0x00000939      0x1cc ./Sources/SPI.o
 .debug_abbrev  0x00000b05      0x211 ./Sources/UART.o
 .debug_abbrev  0x00000d16      0x118 ./Sources/analog.o
 .debug_abbrev  0x00000e2e      0x206 ./Sources/main.o
 .debug_abbrev  0x00001034       0xeb ./Sources/median.o
 .debug_abbrev  0x0000111f      0x11c ./Sources/packet.o
 .debug_abbrev  0x0000123b      0x189 ./Project_Settings/Startup_Code/startup.o
 .debug_abbrev  0x000013c4      0x185 ./Generated_Code/Cpu.o
 .debug_abbrev  0x00001549       0xb3 ./Generated_Code/Vectors.o
 .debug_abbrev  0x000015fc      0x2f8 D:\UTS\Year 3\Spring Semester\48434 - Embedded Software\SVN\embedded_software\Lab5\Library\libOS.a(OS.o)

.debug_aranges  0x00000000      0x480
 .debug_aranges
                0x00000000       0x30 ./Sources/FIFO.o
 .debug_aranges
                0x00000030       0x38 ./Sources/FTM.o
 .debug_aranges
                0x00000068       0x60 ./Sources/Flash.o
 .debug_aranges
                0x000000c8       0x38 ./Sources/LEDs.o
 .debug_aranges
                0x00000100       0x38 ./Sources/PIT.o
 .debug_aranges
                0x00000138       0x38 ./Sources/RTC.o
 .debug_aranges
                0x00000170       0x38 ./Sources/SPI.o
 .debug_aranges
                0x000001a8       0x50 ./Sources/UART.o
 .debug_aranges
                0x000001f8       0x28 ./Sources/analog.o
 .debug_aranges
                0x00000220       0x98 ./Sources/main.o
 .debug_aranges
                0x000002b8       0x30 ./Sources/median.o
 .debug_aranges
                0x000002e8       0x30 ./Sources/packet.o
 .debug_aranges
                0x00000318       0x50 ./Project_Settings/Startup_Code/startup.o
 .debug_aranges
                0x00000368       0x38 ./Generated_Code/Cpu.o
 .debug_aranges
                0x000003a0       0x18 ./Generated_Code/Vectors.o
 .debug_aranges
                0x000003b8       0xc8 D:\UTS\Year 3\Spring Semester\48434 - Embedded Software\SVN\embedded_software\Lab5\Library\libOS.a(OS.o)

.debug_ranges   0x00000000      0x378
 .debug_ranges  0x00000000       0x20 ./Sources/FIFO.o
 .debug_ranges  0x00000020       0x28 ./Sources/FTM.o
 .debug_ranges  0x00000048       0x50 ./Sources/Flash.o
 .debug_ranges  0x00000098       0x28 ./Sources/LEDs.o
 .debug_ranges  0x000000c0       0x28 ./Sources/PIT.o
 .debug_ranges  0x000000e8       0x28 ./Sources/RTC.o
 .debug_ranges  0x00000110       0x28 ./Sources/SPI.o
 .debug_ranges  0x00000138       0x40 ./Sources/UART.o
 .debug_ranges  0x00000178       0x18 ./Sources/analog.o
 .debug_ranges  0x00000190       0x88 ./Sources/main.o
 .debug_ranges  0x00000218       0x20 ./Sources/median.o
 .debug_ranges  0x00000238       0x20 ./Sources/packet.o
 .debug_ranges  0x00000258       0x40 ./Project_Settings/Startup_Code/startup.o
 .debug_ranges  0x00000298       0x28 ./Generated_Code/Cpu.o
 .debug_ranges  0x000002c0       0xb8 D:\UTS\Year 3\Spring Semester\48434 - Embedded Software\SVN\embedded_software\Lab5\Library\libOS.a(OS.o)

.debug_macro    0x00000000    0x1a8a5
 .debug_macro   0x00000000       0xb5 ./Sources/FIFO.o
 .debug_macro   0x000000b5       0x22 ./Sources/FIFO.o
 .debug_macro   0x000000d7       0x2a ./Sources/FIFO.o
 .debug_macro   0x00000101     0x1800 ./Sources/FIFO.o
 .debug_macro   0x00001901       0x94 ./Sources/FTM.o
 .debug_macro   0x00001995       0x10 ./Sources/FTM.o
 .debug_macro   0x000019a5       0x70 ./Sources/Flash.o
 .debug_macro   0x00001a15       0x2e ./Sources/Flash.o
 .debug_macro   0x00001a43       0x77 ./Sources/LEDs.o
 .debug_macro   0x00001aba       0x81 ./Sources/PIT.o
 .debug_macro   0x00001b3b       0x81 ./Sources/RTC.o
 .debug_macro   0x00001bbc       0x62 ./Sources/SPI.o
 .debug_macro   0x00001c1e       0x10 ./Sources/SPI.o
 .debug_macro   0x00001c2e       0x89 ./Sources/UART.o
 .debug_macro   0x00001cb7       0x10 ./Sources/UART.o
 .debug_macro   0x00001cc7       0x3a ./Sources/UART.o
 .debug_macro   0x00001d01       0x83 ./Sources/analog.o
 .debug_macro   0x00001d84       0x10 ./Sources/analog.o
 .debug_macro   0x00001d94      0x168 ./Sources/main.o
 .debug_macro   0x00001efc       0x34 ./Sources/main.o
 .debug_macro   0x00001f30      0x131 ./Sources/median.o
 .debug_macro   0x00002061       0x58 ./Sources/median.o
 .debug_macro   0x000020b9       0x35 ./Sources/median.o
 .debug_macro   0x000020ee       0xa3 ./Sources/median.o
 .debug_macro   0x00002191       0x16 ./Sources/median.o
 .debug_macro   0x000021a7       0x97 ./Sources/median.o
 .debug_macro   0x0000223e       0x10 ./Sources/median.o
 .debug_macro   0x0000224e       0xef ./Sources/median.o
 .debug_macro   0x0000233d       0x52 ./Sources/median.o
 .debug_macro   0x0000238f       0x16 ./Sources/median.o
 .debug_macro   0x000023a5       0x43 ./Sources/median.o
 .debug_macro   0x000023e8      0x180 ./Sources/median.o
 .debug_macro   0x00002568       0x10 ./Sources/median.o
 .debug_macro   0x00002578       0x22 ./Sources/median.o
 .debug_macro   0x0000259a       0xbd ./Sources/median.o
 .debug_macro   0x00002657       0x16 ./Sources/median.o
 .debug_macro   0x0000266d      0x14a ./Sources/median.o
 .debug_macro   0x000027b7       0xde ./Sources/median.o
 .debug_macro   0x00002895       0x8a ./Sources/packet.o
 .debug_macro   0x0000291f      0x121 ./Project_Settings/Startup_Code/startup.o
 .debug_macro   0x00002a40      0x166 ./Project_Settings/Startup_Code/startup.o
 .debug_macro   0x00002ba6       0x4a ./Project_Settings/Startup_Code/startup.o
 .debug_macro   0x00002bf0      0x2a6 ./Project_Settings/Startup_Code/startup.o
 .debug_macro   0x00002e96       0x10 ./Project_Settings/Startup_Code/startup.o
 .debug_macro   0x00002ea6       0x35 ./Project_Settings/Startup_Code/startup.o
 .debug_macro   0x00002edb       0x16 ./Project_Settings/Startup_Code/startup.o
 .debug_macro   0x00002ef1       0x22 ./Project_Settings/Startup_Code/startup.o
 .debug_macro   0x00002f13       0x16 ./Project_Settings/Startup_Code/startup.o
 .debug_macro   0x00002f29      0x20f ./Project_Settings/Startup_Code/startup.o
 .debug_macro   0x00003138    0x174af ./Project_Settings/Startup_Code/startup.o
 .debug_macro   0x0001a5e7       0x9f ./Generated_Code/Cpu.o
 .debug_macro   0x0001a686       0x9a ./Generated_Code/Cpu.o
 .debug_macro   0x0001a720       0xe2 ./Generated_Code/Vectors.o
 .debug_macro   0x0001a802       0xa3 D:\UTS\Year 3\Spring Semester\48434 - Embedded Software\SVN\embedded_software\Lab5\Library\libOS.a(OS.o)

.debug_line     0x00000000     0x352e
 .debug_line    0x00000000      0x340 ./Sources/FIFO.o
 .debug_line    0x00000340      0x354 ./Sources/FTM.o
 .debug_line    0x00000694      0x31a ./Sources/Flash.o
 .debug_line    0x000009ae      0x2ae ./Sources/LEDs.o
 .debug_line    0x00000c5c      0x2bb ./Sources/PIT.o
 .debug_line    0x00000f17      0x2c9 ./Sources/RTC.o
 .debug_line    0x000011e0      0x2a8 ./Sources/SPI.o
 .debug_line    0x00001488      0x34f ./Sources/UART.o
 .debug_line    0x000017d7      0x262 ./Sources/analog.o
 .debug_line    0x00001a39      0x579 ./Sources/main.o
 .debug_line    0x00001fb2      0x297 ./Sources/median.o
 .debug_line    0x00002249      0x2c8 ./Sources/packet.o
 .debug_line    0x00002511      0x426 ./Project_Settings/Startup_Code/startup.o
 .debug_line    0x00002937      0x39e ./Generated_Code/Cpu.o
 .debug_line    0x00002cd5      0x3bd ./Generated_Code/Vectors.o
 .debug_line    0x00003092      0x49c D:\UTS\Year 3\Spring Semester\48434 - Embedded Software\SVN\embedded_software\Lab5\Library\libOS.a(OS.o)

.debug_str      0x00000000    0x8f7d8
 .debug_str     0x00000000    0x8a70b ./Sources/FIFO.o
                              0x8a889 (size before relaxing)
 .debug_str     0x0008a70b      0x3cf ./Sources/FTM.o
                              0x83201 (size before relaxing)
 .debug_str     0x0008aada      0x454 ./Sources/Flash.o
                              0x831ae (size before relaxing)
 .debug_str     0x0008af2e       0xe1 ./Sources/LEDs.o
                              0x82fca (size before relaxing)
 .debug_str     0x0008b00f       0xd0 ./Sources/PIT.o
                              0x8302f (size before relaxing)
 .debug_str     0x0008b0df       0xd0 ./Sources/RTC.o
                              0x83029 (size before relaxing)
 .debug_str     0x0008b1af      0x1c3 ./Sources/SPI.o
                              0x83073 (size before relaxing)
 .debug_str     0x0008b372      0x349 ./Sources/UART.o
                              0x8336b (size before relaxing)
 .debug_str     0x0008b6bb       0xc3 ./Sources/analog.o
                              0x82eac (size before relaxing)
 .debug_str     0x0008b77e      0x347 ./Sources/main.o
                              0x8b1e0 (size before relaxing)
 .debug_str     0x0008bac5     0x2606 ./Sources/median.o
                               0x5618 (size before relaxing)
 .debug_str     0x0008e0cb       0x3f ./Sources/packet.o
                              0x83146 (size before relaxing)
 .debug_str     0x0008e10a     0x1130 ./Project_Settings/Startup_Code/startup.o
                              0x85419 (size before relaxing)
 .debug_str     0x0008f23a      0x1f2 ./Generated_Code/Cpu.o
                              0x8aa17 (size before relaxing)
 .debug_str     0x0008f42c       0x1c ./Generated_Code/Vectors.o
                              0x8a7df (size before relaxing)
 .debug_str     0x0008f448      0x390 D:\UTS\Year 3\Spring Semester\48434 - Embedded Software\SVN\embedded_software\Lab5\Library\libOS.a(OS.o)
                              0x8ace0 (size before relaxing)

.comment        0x00000000       0x70
 .comment       0x00000000       0x70 ./Sources/FIFO.o
                                 0x71 (size before relaxing)
 .comment       0x00000000       0x71 ./Sources/FTM.o
 .comment       0x00000000       0x71 ./Sources/Flash.o
 .comment       0x00000000       0x71 ./Sources/LEDs.o
 .comment       0x00000000       0x71 ./Sources/PIT.o
 .comment       0x00000000       0x71 ./Sources/RTC.o
 .comment       0x00000000       0x71 ./Sources/SPI.o
 .comment       0x00000000       0x71 ./Sources/UART.o
 .comment       0x00000000       0x71 ./Sources/analog.o
 .comment       0x00000000       0x71 ./Sources/main.o
 .comment       0x00000000       0x71 ./Sources/median.o
 .comment       0x00000000       0x71 ./Sources/packet.o
 .comment       0x00000000       0x71 ./Project_Settings/Startup_Code/startup.o
 .comment       0x00000000       0x71 ./Generated_Code/Cpu.o
 .comment       0x00000000       0x71 ./Generated_Code/Vectors.o
 .comment       0x00000000       0x71 D:\UTS\Year 3\Spring Semester\48434 - Embedded Software\SVN\embedded_software\Lab5\Library\libOS.a(OS.o)

.debug_frame    0x00000000      0xcbc
 .debug_frame   0x00000000       0x70 ./Sources/FIFO.o
 .debug_frame   0x00000070       0x84 ./Sources/FTM.o
 .debug_frame   0x000000f4      0x12c ./Sources/Flash.o
 .debug_frame   0x00000220       0x7c ./Sources/LEDs.o
 .debug_frame   0x0000029c       0x90 ./Sources/PIT.o
 .debug_frame   0x0000032c       0x88 ./Sources/RTC.o
 .debug_frame   0x000003b4       0x88 ./Sources/SPI.o
 .debug_frame   0x0000043c       0xf0 ./Sources/UART.o
 .debug_frame   0x0000052c       0x50 ./Sources/analog.o
 .debug_frame   0x0000057c      0x1f0 ./Sources/main.o
 .debug_frame   0x0000076c       0x70 ./Sources/median.o
 .debug_frame   0x000007dc       0x6c ./Sources/packet.o
 .debug_frame   0x00000848       0xc0 ./Project_Settings/Startup_Code/startup.o
 .debug_frame   0x00000908       0x80 ./Generated_Code/Cpu.o
 .debug_frame   0x00000988      0x2a0 D:\UTS\Year 3\Spring Semester\48434 - Embedded Software\SVN\embedded_software\Lab5\Library\libOS.a(OS.o)
 .debug_frame   0x00000c28       0x28 c:/freescale/kds_3.0.0/toolchain/bin/../lib/gcc/arm-none-eabi/4.8.4/../../../../arm-none-eabi/lib/armv7e-m/fpu\libg_s.a(lib_a-exit.o)
 .debug_frame   0x00000c50       0x2c c:/freescale/kds_3.0.0/toolchain/bin/../lib/gcc/arm-none-eabi/4.8.4/../../../../arm-none-eabi/lib/armv7e-m/fpu\libg_s.a(lib_a-init.o)
 .debug_frame   0x00000c7c       0x20 c:/freescale/kds_3.0.0/toolchain/bin/../lib/gcc/arm-none-eabi/4.8.4/../../../../arm-none-eabi/lib/armv7e-m/fpu\libg_s.a(lib_a-memset.o)
 .debug_frame   0x00000c9c       0x20 c:/freescale/kds_3.0.0/toolchain/bin/../lib/gcc/arm-none-eabi/4.8.4/../../../../arm-none-eabi/lib/armv7e-m/fpu\libnosys.a(_exit.o)
