Archive member included because of file (symbol)

c:/freescale/kds_v3/toolchain/bin/../lib/gcc/arm-none-eabi/4.8.4/armv7e-m/fpu\libgcc.a(_arm_addsubdf3.o)
                              ./Sources/PIT.o (__aeabi_ui2d)
c:/freescale/kds_v3/toolchain/bin/../lib/gcc/arm-none-eabi/4.8.4/armv7e-m/fpu\libgcc.a(_arm_muldivdf3.o)
                              ./Sources/PIT.o (__aeabi_ddiv)
c:/freescale/kds_v3/toolchain/bin/../lib/gcc/arm-none-eabi/4.8.4/armv7e-m/fpu\libgcc.a(_fixunsdfdi.o)
                              ./Sources/PIT.o (__aeabi_d2ulz)
c:/freescale/kds_v3/toolchain/bin/../lib/gcc/arm-none-eabi/4.8.4/armv7e-m/fpu\libgcc.a(_arm_fixunsdfsi.o)
                              c:/freescale/kds_v3/toolchain/bin/../lib/gcc/arm-none-eabi/4.8.4/armv7e-m/fpu\libgcc.a(_fixunsdfdi.o) (__aeabi_d2uiz)
c:/freescale/kds_v3/toolchain/bin/../lib/gcc/arm-none-eabi/4.8.4/../../../../arm-none-eabi/lib/armv7e-m/fpu\libg_s.a(lib_a-exit.o)
                              c:/freescale/kds_v3/toolchain/bin/../lib/gcc/arm-none-eabi/4.8.4/../../../../arm-none-eabi/lib/armv7e-m/fpu/crt0.o (exit)
c:/freescale/kds_v3/toolchain/bin/../lib/gcc/arm-none-eabi/4.8.4/../../../../arm-none-eabi/lib/armv7e-m/fpu\libg_s.a(lib_a-impure.o)
                              c:/freescale/kds_v3/toolchain/bin/../lib/gcc/arm-none-eabi/4.8.4/../../../../arm-none-eabi/lib/armv7e-m/fpu\libg_s.a(lib_a-exit.o) (_global_impure_ptr)
c:/freescale/kds_v3/toolchain/bin/../lib/gcc/arm-none-eabi/4.8.4/../../../../arm-none-eabi/lib/armv7e-m/fpu\libg_s.a(lib_a-init.o)
                              c:/freescale/kds_v3/toolchain/bin/../lib/gcc/arm-none-eabi/4.8.4/../../../../arm-none-eabi/lib/armv7e-m/fpu/crt0.o (__libc_init_array)
c:/freescale/kds_v3/toolchain/bin/../lib/gcc/arm-none-eabi/4.8.4/../../../../arm-none-eabi/lib/armv7e-m/fpu\libg_s.a(lib_a-memset.o)
                              c:/freescale/kds_v3/toolchain/bin/../lib/gcc/arm-none-eabi/4.8.4/../../../../arm-none-eabi/lib/armv7e-m/fpu/crt0.o (memset)
c:/freescale/kds_v3/toolchain/bin/../lib/gcc/arm-none-eabi/4.8.4/../../../../arm-none-eabi/lib/armv7e-m/fpu\libnosys.a(_exit.o)
                              c:/freescale/kds_v3/toolchain/bin/../lib/gcc/arm-none-eabi/4.8.4/../../../../arm-none-eabi/lib/armv7e-m/fpu\libg_s.a(lib_a-exit.o) (_exit)

Allocating common symbols
Common symbol       size              file

analogInput         0x2               ./Sources/main.o
Packet              0x4               ./Sources/packet.o
Analog_Input        0x24              ./Sources/analog.o
TxFIFO              0x106             ./Sources/UART.o
stuID               0x2               ./Sources/main.o
InputChannel        0x12              ./Sources/analog.o
word1               0x4               ./Sources/main.o
RxFIFO              0x106             ./Sources/UART.o
NvTowerMode         0x4               ./Sources/main.o
word2               0x4               ./Sources/main.o
SR_reg              0x1               ./Generated_Code/Cpu.o
NvTowerNumber       0x4               ./Sources/main.o
fccob               0xc               ./Sources/Flash.o
tMode               0x2               ./Sources/main.o

Discarded input sections

 .text          0x00000000        0x0 c:/freescale/kds_v3/toolchain/bin/../lib/gcc/arm-none-eabi/4.8.4/armv7e-m/fpu/crti.o
 .data          0x00000000        0x0 c:/freescale/kds_v3/toolchain/bin/../lib/gcc/arm-none-eabi/4.8.4/armv7e-m/fpu/crti.o
 .bss           0x00000000        0x0 c:/freescale/kds_v3/toolchain/bin/../lib/gcc/arm-none-eabi/4.8.4/armv7e-m/fpu/crti.o
 .data          0x00000000        0x4 c:/freescale/kds_v3/toolchain/bin/../lib/gcc/arm-none-eabi/4.8.4/armv7e-m/fpu/crtbegin.o
 .data          0x00000000        0x0 c:/freescale/kds_v3/toolchain/bin/../lib/gcc/arm-none-eabi/4.8.4/../../../../arm-none-eabi/lib/armv7e-m/fpu/crt0.o
 .bss           0x00000000        0x0 c:/freescale/kds_v3/toolchain/bin/../lib/gcc/arm-none-eabi/4.8.4/../../../../arm-none-eabi/lib/armv7e-m/fpu/crt0.o
 .ARM.extab     0x00000000        0x0 c:/freescale/kds_v3/toolchain/bin/../lib/gcc/arm-none-eabi/4.8.4/../../../../arm-none-eabi/lib/armv7e-m/fpu/crt0.o
 .group         0x00000000        0x8 ./Sources/Events.o
 .group         0x00000000        0x8 ./Sources/Events.o
 .group         0x00000000        0x8 ./Sources/Events.o
 .group         0x00000000        0x8 ./Sources/Events.o
 .group         0x00000000        0x8 ./Sources/Events.o
 .group         0x00000000        0x8 ./Sources/Events.o
 .group         0x00000000        0x8 ./Sources/Events.o
 .group         0x00000000        0x8 ./Sources/Events.o
 .group         0x00000000        0x8 ./Sources/Events.o
 .text          0x00000000        0x0 ./Sources/Events.o
 .data          0x00000000        0x0 ./Sources/Events.o
 .bss           0x00000000        0x0 ./Sources/Events.o
 .debug_info    0x00000000       0x7d ./Sources/Events.o
 .debug_abbrev  0x00000000       0x29 ./Sources/Events.o
 .debug_aranges
                0x00000000       0x18 ./Sources/Events.o
 .debug_macro   0x00000000       0x9f ./Sources/Events.o
 .debug_macro   0x00000000      0x850 ./Sources/Events.o
 .debug_macro   0x00000000       0x16 ./Sources/Events.o
 .debug_macro   0x00000000       0x44 ./Sources/Events.o
 .debug_macro   0x00000000      0x209 ./Sources/Events.o
 .debug_macro   0x00000000     0x17fa ./Sources/Events.o
 .debug_macro   0x00000000      0x14e ./Sources/Events.o
 .debug_macro   0x00000000       0x64 ./Sources/Events.o
 .debug_macro   0x00000000    0x174c1 ./Sources/Events.o
 .debug_macro   0x00000000       0x94 ./Sources/Events.o
 .debug_line    0x00000000      0x278 ./Sources/Events.o
 .debug_str     0x00000000    0x8a60a ./Sources/Events.o
 .comment       0x00000000       0x71 ./Sources/Events.o
 .ARM.attributes
                0x00000000       0x39 ./Sources/Events.o
 .group         0x00000000        0x8 ./Sources/FIFO.o
 .group         0x00000000        0x8 ./Sources/FIFO.o
 .group         0x00000000        0x8 ./Sources/FIFO.o
 .group         0x00000000        0x8 ./Sources/FIFO.o
 .group         0x00000000        0x8 ./Sources/FIFO.o
 .group         0x00000000        0x8 ./Sources/FIFO.o
 .group         0x00000000        0x8 ./Sources/FIFO.o
 .group         0x00000000        0x8 ./Sources/FIFO.o
 .group         0x00000000        0x8 ./Sources/FIFO.o
 .text          0x00000000        0x0 ./Sources/FIFO.o
 .data          0x00000000        0x0 ./Sources/FIFO.o
 .bss           0x00000000        0x0 ./Sources/FIFO.o
 .debug_macro   0x00000000      0x850 ./Sources/FIFO.o
 .debug_macro   0x00000000       0x16 ./Sources/FIFO.o
 .debug_macro   0x00000000       0x44 ./Sources/FIFO.o
 .debug_macro   0x00000000      0x209 ./Sources/FIFO.o
 .debug_macro   0x00000000     0x17fa ./Sources/FIFO.o
 .debug_macro   0x00000000      0x14e ./Sources/FIFO.o
 .debug_macro   0x00000000       0x64 ./Sources/FIFO.o
 .debug_macro   0x00000000    0x174c1 ./Sources/FIFO.o
 .debug_macro   0x00000000       0x94 ./Sources/FIFO.o
 .group         0x00000000        0x8 ./Sources/FTM.o
 .group         0x00000000        0x8 ./Sources/FTM.o
 .group         0x00000000        0x8 ./Sources/FTM.o
 .group         0x00000000        0x8 ./Sources/FTM.o
 .group         0x00000000        0x8 ./Sources/FTM.o
 .text          0x00000000        0x0 ./Sources/FTM.o
 .data          0x00000000        0x0 ./Sources/FTM.o
 .bss           0x00000000        0x0 ./Sources/FTM.o
 .debug_macro   0x00000000      0x850 ./Sources/FTM.o
 .debug_macro   0x00000000       0x16 ./Sources/FTM.o
 .debug_macro   0x00000000       0x44 ./Sources/FTM.o
 .debug_macro   0x00000000      0x209 ./Sources/FTM.o
 .debug_macro   0x00000000    0x174c1 ./Sources/FTM.o
 .group         0x00000000        0x8 ./Sources/Flash.o
 .group         0x00000000        0x8 ./Sources/Flash.o
 .group         0x00000000        0x8 ./Sources/Flash.o
 .group         0x00000000        0x8 ./Sources/Flash.o
 .group         0x00000000        0x8 ./Sources/Flash.o
 .group         0x00000000        0x8 ./Sources/Flash.o
 .text          0x00000000        0x0 ./Sources/Flash.o
 .data          0x00000000        0x0 ./Sources/Flash.o
 .bss           0x00000000        0x0 ./Sources/Flash.o
 .bss.phrase_t.5661
                0x00000000        0x8 ./Sources/Flash.o
 .debug_macro   0x00000000      0x850 ./Sources/Flash.o
 .debug_macro   0x00000000       0x16 ./Sources/Flash.o
 .debug_macro   0x00000000       0x44 ./Sources/Flash.o
 .debug_macro   0x00000000      0x209 ./Sources/Flash.o
 .debug_macro   0x00000000    0x174c1 ./Sources/Flash.o
 .group         0x00000000        0x8 ./Sources/LEDs.o
 .group         0x00000000        0x8 ./Sources/LEDs.o
 .group         0x00000000        0x8 ./Sources/LEDs.o
 .group         0x00000000        0x8 ./Sources/LEDs.o
 .group         0x00000000        0x8 ./Sources/LEDs.o
 .text          0x00000000        0x0 ./Sources/LEDs.o
 .data          0x00000000        0x0 ./Sources/LEDs.o
 .bss           0x00000000        0x0 ./Sources/LEDs.o
 .debug_macro   0x00000000      0x850 ./Sources/LEDs.o
 .debug_macro   0x00000000       0x16 ./Sources/LEDs.o
 .debug_macro   0x00000000       0x44 ./Sources/LEDs.o
 .debug_macro   0x00000000      0x209 ./Sources/LEDs.o
 .debug_macro   0x00000000    0x174c1 ./Sources/LEDs.o
 .group         0x00000000        0x8 ./Sources/PIT.o
 .group         0x00000000        0x8 ./Sources/PIT.o
 .group         0x00000000        0x8 ./Sources/PIT.o
 .group         0x00000000        0x8 ./Sources/PIT.o
 .group         0x00000000        0x8 ./Sources/PIT.o
 .text          0x00000000        0x0 ./Sources/PIT.o
 .data          0x00000000        0x0 ./Sources/PIT.o
 .bss           0x00000000        0x0 ./Sources/PIT.o
 .debug_macro   0x00000000      0x850 ./Sources/PIT.o
 .debug_macro   0x00000000       0x16 ./Sources/PIT.o
 .debug_macro   0x00000000       0x44 ./Sources/PIT.o
 .debug_macro   0x00000000      0x209 ./Sources/PIT.o
 .debug_macro   0x00000000    0x174c1 ./Sources/PIT.o
 .group         0x00000000        0x8 ./Sources/RTC.o
 .group         0x00000000        0x8 ./Sources/RTC.o
 .group         0x00000000        0x8 ./Sources/RTC.o
 .group         0x00000000        0x8 ./Sources/RTC.o
 .group         0x00000000        0x8 ./Sources/RTC.o
 .text          0x00000000        0x0 ./Sources/RTC.o
 .data          0x00000000        0x0 ./Sources/RTC.o
 .bss           0x00000000        0x0 ./Sources/RTC.o
 .debug_macro   0x00000000      0x850 ./Sources/RTC.o
 .debug_macro   0x00000000       0x16 ./Sources/RTC.o
 .debug_macro   0x00000000       0x44 ./Sources/RTC.o
 .debug_macro   0x00000000      0x209 ./Sources/RTC.o
 .debug_macro   0x00000000    0x174c1 ./Sources/RTC.o
 .group         0x00000000        0x8 ./Sources/SPI.o
 .group         0x00000000        0x8 ./Sources/SPI.o
 .group         0x00000000        0x8 ./Sources/SPI.o
 .group         0x00000000        0x8 ./Sources/SPI.o
 .group         0x00000000        0x8 ./Sources/SPI.o
 .text          0x00000000        0x0 ./Sources/SPI.o
 .data          0x00000000        0x0 ./Sources/SPI.o
 .bss           0x00000000        0x0 ./Sources/SPI.o
 .debug_macro   0x00000000      0x850 ./Sources/SPI.o
 .debug_macro   0x00000000       0x16 ./Sources/SPI.o
 .debug_macro   0x00000000       0x44 ./Sources/SPI.o
 .debug_macro   0x00000000      0x209 ./Sources/SPI.o
 .debug_macro   0x00000000    0x174c1 ./Sources/SPI.o
 .group         0x00000000        0x8 ./Sources/UART.o
 .group         0x00000000        0x8 ./Sources/UART.o
 .group         0x00000000        0x8 ./Sources/UART.o
 .group         0x00000000        0x8 ./Sources/UART.o
 .group         0x00000000        0x8 ./Sources/UART.o
 .group         0x00000000        0x8 ./Sources/UART.o
 .text          0x00000000        0x0 ./Sources/UART.o
 .data          0x00000000        0x0 ./Sources/UART.o
 .bss           0x00000000        0x0 ./Sources/UART.o
 .debug_macro   0x00000000      0x850 ./Sources/UART.o
 .debug_macro   0x00000000       0x16 ./Sources/UART.o
 .debug_macro   0x00000000       0x44 ./Sources/UART.o
 .debug_macro   0x00000000      0x209 ./Sources/UART.o
 .debug_macro   0x00000000    0x174c1 ./Sources/UART.o
 .group         0x00000000        0x8 ./Sources/analog.o
 .group         0x00000000        0x8 ./Sources/analog.o
 .group         0x00000000        0x8 ./Sources/analog.o
 .group         0x00000000        0x8 ./Sources/analog.o
 .group         0x00000000        0x8 ./Sources/analog.o
 .group         0x00000000        0x8 ./Sources/analog.o
 .text          0x00000000        0x0 ./Sources/analog.o
 .data          0x00000000        0x0 ./Sources/analog.o
 .bss           0x00000000        0x0 ./Sources/analog.o
 .debug_macro   0x00000000      0x850 ./Sources/analog.o
 .debug_macro   0x00000000       0x16 ./Sources/analog.o
 .debug_macro   0x00000000       0x44 ./Sources/analog.o
 .debug_macro   0x00000000      0x209 ./Sources/analog.o
 .debug_macro   0x00000000    0x174c1 ./Sources/analog.o
 .group         0x00000000        0x8 ./Sources/main.o
 .group         0x00000000        0x8 ./Sources/main.o
 .group         0x00000000        0x8 ./Sources/main.o
 .group         0x00000000        0x8 ./Sources/main.o
 .group         0x00000000        0x8 ./Sources/main.o
 .group         0x00000000        0x8 ./Sources/main.o
 .group         0x00000000        0x8 ./Sources/main.o
 .group         0x00000000        0x8 ./Sources/main.o
 .group         0x00000000        0x8 ./Sources/main.o
 .group         0x00000000        0x8 ./Sources/main.o
 .group         0x00000000        0x8 ./Sources/main.o
 .group         0x00000000        0x8 ./Sources/main.o
 .group         0x00000000        0x8 ./Sources/main.o
 .text          0x00000000        0x0 ./Sources/main.o
 .data          0x00000000        0x0 ./Sources/main.o
 .bss           0x00000000        0x0 ./Sources/main.o
 .bss.NvTowerNb
                0x00000000        0x4 ./Sources/main.o
 .bss.Allocate_varTest
                0x00000000        0x1 ./Sources/main.o
 .rodata.aSPIModule
                0x00000000        0xc ./Sources/main.o
 .bss.hWord2.6807
                0x00000000        0x2 ./Sources/main.o
 .bss.hWord1.6806
                0x00000000        0x2 ./Sources/main.o
 .debug_macro   0x00000000      0x850 ./Sources/main.o
 .debug_macro   0x00000000       0x16 ./Sources/main.o
 .debug_macro   0x00000000       0x44 ./Sources/main.o
 .debug_macro   0x00000000      0x209 ./Sources/main.o
 .debug_macro   0x00000000     0x17fa ./Sources/main.o
 .debug_macro   0x00000000      0x14e ./Sources/main.o
 .debug_macro   0x00000000       0x64 ./Sources/main.o
 .debug_macro   0x00000000    0x174c1 ./Sources/main.o
 .debug_macro   0x00000000       0x94 ./Sources/main.o
 .debug_macro   0x00000000       0x10 ./Sources/main.o
 .debug_macro   0x00000000       0x10 ./Sources/main.o
 .group         0x00000000        0x8 ./Sources/median.o
 .group         0x00000000        0x8 ./Sources/median.o
 .group         0x00000000        0x8 ./Sources/median.o
 .group         0x00000000        0x8 ./Sources/median.o
 .group         0x00000000        0x8 ./Sources/median.o
 .group         0x00000000        0x8 ./Sources/median.o
 .group         0x00000000        0x8 ./Sources/median.o
 .group         0x00000000        0x8 ./Sources/median.o
 .group         0x00000000        0x8 ./Sources/median.o
 .group         0x00000000        0x8 ./Sources/median.o
 .group         0x00000000        0x8 ./Sources/median.o
 .group         0x00000000        0x8 ./Sources/median.o
 .group         0x00000000        0x8 ./Sources/median.o
 .group         0x00000000        0x8 ./Sources/median.o
 .group         0x00000000        0x8 ./Sources/median.o
 .group         0x00000000        0x8 ./Sources/median.o
 .group         0x00000000        0x8 ./Sources/median.o
 .group         0x00000000        0x8 ./Sources/median.o
 .group         0x00000000        0x8 ./Sources/median.o
 .group         0x00000000        0x8 ./Sources/median.o
 .group         0x00000000        0x8 ./Sources/median.o
 .text          0x00000000        0x0 ./Sources/median.o
 .data          0x00000000        0x0 ./Sources/median.o
 .bss           0x00000000        0x0 ./Sources/median.o
 .text.Median_Filter
                0x00000000       0x9c ./Sources/median.o
 .text.Partition
                0x00000000       0xc8 ./Sources/median.o
 .text.Quicksort
                0x00000000       0x18 ./Sources/median.o
 .debug_info    0x00000000      0x221 ./Sources/median.o
 .debug_abbrev  0x00000000       0xeb ./Sources/median.o
 .debug_aranges
                0x00000000       0x30 ./Sources/median.o
 .debug_ranges  0x00000000       0x20 ./Sources/median.o
 .debug_macro   0x00000000      0x131 ./Sources/median.o
 .debug_macro   0x00000000      0x850 ./Sources/median.o
 .debug_macro   0x00000000       0x16 ./Sources/median.o
 .debug_macro   0x00000000       0x44 ./Sources/median.o
 .debug_macro   0x00000000      0x209 ./Sources/median.o
 .debug_macro   0x00000000       0x58 ./Sources/median.o
 .debug_macro   0x00000000       0x35 ./Sources/median.o
 .debug_macro   0x00000000       0xa3 ./Sources/median.o
 .debug_macro   0x00000000       0x16 ./Sources/median.o
 .debug_macro   0x00000000       0x97 ./Sources/median.o
 .debug_macro   0x00000000       0x10 ./Sources/median.o
 .debug_macro   0x00000000       0xef ./Sources/median.o
 .debug_macro   0x00000000       0x52 ./Sources/median.o
 .debug_macro   0x00000000       0x16 ./Sources/median.o
 .debug_macro   0x00000000       0x43 ./Sources/median.o
 .debug_macro   0x00000000      0x180 ./Sources/median.o
 .debug_macro   0x00000000       0x10 ./Sources/median.o
 .debug_macro   0x00000000       0x22 ./Sources/median.o
 .debug_macro   0x00000000       0xbd ./Sources/median.o
 .debug_macro   0x00000000       0x16 ./Sources/median.o
 .debug_macro   0x00000000      0x14a ./Sources/median.o
 .debug_macro   0x00000000       0xde ./Sources/median.o
 .debug_line    0x00000000      0x28b ./Sources/median.o
 .debug_str     0x00000000     0x5618 ./Sources/median.o
 .comment       0x00000000       0x71 ./Sources/median.o
 .ARM.attributes
                0x00000000       0x39 ./Sources/median.o
 .debug_frame   0x00000000       0x70 ./Sources/median.o
 .group         0x00000000        0x8 ./Sources/packet.o
 .group         0x00000000        0x8 ./Sources/packet.o
 .group         0x00000000        0x8 ./Sources/packet.o
 .group         0x00000000        0x8 ./Sources/packet.o
 .group         0x00000000        0x8 ./Sources/packet.o
 .group         0x00000000        0x8 ./Sources/packet.o
 .group         0x00000000        0x8 ./Sources/packet.o
 .group         0x00000000        0x8 ./Sources/packet.o
 .group         0x00000000        0x8 ./Sources/packet.o
 .group         0x00000000        0x8 ./Sources/packet.o
 .group         0x00000000        0x8 ./Sources/packet.o
 .text          0x00000000        0x0 ./Sources/packet.o
 .data          0x00000000        0x0 ./Sources/packet.o
 .bss           0x00000000        0x0 ./Sources/packet.o
 .text.Packet_Init
                0x00000000       0x1c ./Sources/packet.o
 .debug_macro   0x00000000      0x850 ./Sources/packet.o
 .debug_macro   0x00000000       0x16 ./Sources/packet.o
 .debug_macro   0x00000000       0x44 ./Sources/packet.o
 .debug_macro   0x00000000      0x209 ./Sources/packet.o
 .debug_macro   0x00000000       0x10 ./Sources/packet.o
 .debug_macro   0x00000000      0x14e ./Sources/packet.o
 .debug_macro   0x00000000       0x64 ./Sources/packet.o
 .debug_macro   0x00000000    0x174c1 ./Sources/packet.o
 .group         0x00000000        0x8 ./Project_Settings/Startup_Code/startup.o
 .group         0x00000000        0x8 ./Project_Settings/Startup_Code/startup.o
 .group         0x00000000        0x8 ./Project_Settings/Startup_Code/startup.o
 .group         0x00000000        0x8 ./Project_Settings/Startup_Code/startup.o
 .group         0x00000000        0x8 ./Project_Settings/Startup_Code/startup.o
 .group         0x00000000        0x8 ./Project_Settings/Startup_Code/startup.o
 .group         0x00000000        0x8 ./Project_Settings/Startup_Code/startup.o
 .group         0x00000000        0x8 ./Project_Settings/Startup_Code/startup.o
 .group         0x00000000        0x8 ./Project_Settings/Startup_Code/startup.o
 .group         0x00000000        0x8 ./Project_Settings/Startup_Code/startup.o
 .group         0x00000000        0x8 ./Project_Settings/Startup_Code/startup.o
 .group         0x00000000        0x8 ./Project_Settings/Startup_Code/startup.o
 .group         0x00000000        0x8 ./Project_Settings/Startup_Code/startup.o
 .group         0x00000000        0x8 ./Project_Settings/Startup_Code/startup.o
 .group         0x00000000        0x8 ./Project_Settings/Startup_Code/startup.o
 .group         0x00000000        0x8 ./Project_Settings/Startup_Code/startup.o
 .group         0x00000000        0x8 ./Project_Settings/Startup_Code/startup.o
 .group         0x00000000        0x8 ./Project_Settings/Startup_Code/startup.o
 .group         0x00000000        0x8 ./Project_Settings/Startup_Code/startup.o
 .text          0x00000000        0x0 ./Project_Settings/Startup_Code/startup.o
 .data          0x00000000        0x0 ./Project_Settings/Startup_Code/startup.o
 .bss           0x00000000        0x0 ./Project_Settings/Startup_Code/startup.o
 .text.__init_hardware
                0x00000000        0xc ./Project_Settings/Startup_Code/startup.o
 .text.__iar_program_start
                0x00000000        0xc ./Project_Settings/Startup_Code/startup.o
 .debug_macro   0x00000000      0x850 ./Project_Settings/Startup_Code/startup.o
 .debug_macro   0x00000000       0x58 ./Project_Settings/Startup_Code/startup.o
 .debug_macro   0x00000000       0x16 ./Project_Settings/Startup_Code/startup.o
 .debug_macro   0x00000000       0x35 ./Project_Settings/Startup_Code/startup.o
 .debug_macro   0x00000000       0xa3 ./Project_Settings/Startup_Code/startup.o
 .debug_macro   0x00000000       0x52 ./Project_Settings/Startup_Code/startup.o
 .debug_macro   0x00000000       0x16 ./Project_Settings/Startup_Code/startup.o
 .debug_macro   0x00000000       0x43 ./Project_Settings/Startup_Code/startup.o
 .debug_macro   0x00000000      0x180 ./Project_Settings/Startup_Code/startup.o
 .group         0x00000000        0x8 ./Generated_Code/Cpu.o
 .group         0x00000000        0x8 ./Generated_Code/Cpu.o
 .group         0x00000000        0x8 ./Generated_Code/Cpu.o
 .group         0x00000000        0x8 ./Generated_Code/Cpu.o
 .group         0x00000000        0x8 ./Generated_Code/Cpu.o
 .group         0x00000000        0x8 ./Generated_Code/Cpu.o
 .group         0x00000000        0x8 ./Generated_Code/Cpu.o
 .group         0x00000000        0x8 ./Generated_Code/Cpu.o
 .group         0x00000000        0x8 ./Generated_Code/Cpu.o
 .text          0x00000000        0x0 ./Generated_Code/Cpu.o
 .data          0x00000000        0x0 ./Generated_Code/Cpu.o
 .bss           0x00000000        0x0 ./Generated_Code/Cpu.o
 .debug_macro   0x00000000      0x850 ./Generated_Code/Cpu.o
 .debug_macro   0x00000000       0x16 ./Generated_Code/Cpu.o
 .debug_macro   0x00000000       0x44 ./Generated_Code/Cpu.o
 .debug_macro   0x00000000      0x209 ./Generated_Code/Cpu.o
 .debug_macro   0x00000000     0x17fa ./Generated_Code/Cpu.o
 .debug_macro   0x00000000      0x14e ./Generated_Code/Cpu.o
 .debug_macro   0x00000000       0x64 ./Generated_Code/Cpu.o
 .debug_macro   0x00000000    0x174c1 ./Generated_Code/Cpu.o
 .group         0x00000000        0x8 ./Generated_Code/PE_LDD.o
 .group         0x00000000        0x8 ./Generated_Code/PE_LDD.o
 .group         0x00000000        0x8 ./Generated_Code/PE_LDD.o
 .group         0x00000000        0x8 ./Generated_Code/PE_LDD.o
 .group         0x00000000        0x8 ./Generated_Code/PE_LDD.o
 .group         0x00000000        0x8 ./Generated_Code/PE_LDD.o
 .group         0x00000000        0x8 ./Generated_Code/PE_LDD.o
 .group         0x00000000        0x8 ./Generated_Code/PE_LDD.o
 .group         0x00000000        0x8 ./Generated_Code/PE_LDD.o
 .text          0x00000000        0x0 ./Generated_Code/PE_LDD.o
 .data          0x00000000        0x0 ./Generated_Code/PE_LDD.o
 .bss           0x00000000        0x0 ./Generated_Code/PE_LDD.o
 .rodata.PE_CpuClockConfigurations
                0x00000000       0x28 ./Generated_Code/PE_LDD.o
 .text.PE_FillMemory
                0x00000000       0x24 ./Generated_Code/PE_LDD.o
 .text.PE_PeripheralUsed
                0x00000000       0x18 ./Generated_Code/PE_LDD.o
 .text.LDD_SetClockConfiguration
                0x00000000       0x14 ./Generated_Code/PE_LDD.o
 .debug_info    0x00000000      0x215 ./Generated_Code/PE_LDD.o
 .debug_abbrev  0x00000000       0xf3 ./Generated_Code/PE_LDD.o
 .debug_aranges
                0x00000000       0x30 ./Generated_Code/PE_LDD.o
 .debug_ranges  0x00000000       0x20 ./Generated_Code/PE_LDD.o
 .debug_macro   0x00000000       0x8f ./Generated_Code/PE_LDD.o
 .debug_macro   0x00000000      0x850 ./Generated_Code/PE_LDD.o
 .debug_macro   0x00000000       0x16 ./Generated_Code/PE_LDD.o
 .debug_macro   0x00000000       0x44 ./Generated_Code/PE_LDD.o
 .debug_macro   0x00000000      0x209 ./Generated_Code/PE_LDD.o
 .debug_macro   0x00000000     0x17fa ./Generated_Code/PE_LDD.o
 .debug_macro   0x00000000      0x14e ./Generated_Code/PE_LDD.o
 .debug_macro   0x00000000       0x64 ./Generated_Code/PE_LDD.o
 .debug_macro   0x00000000    0x174c1 ./Generated_Code/PE_LDD.o
 .debug_macro   0x00000000       0x94 ./Generated_Code/PE_LDD.o
 .debug_line    0x00000000      0x25a ./Generated_Code/PE_LDD.o
 .debug_str     0x00000000    0x8a79f ./Generated_Code/PE_LDD.o
 .comment       0x00000000       0x71 ./Generated_Code/PE_LDD.o
 .ARM.attributes
                0x00000000       0x39 ./Generated_Code/PE_LDD.o
 .debug_frame   0x00000000       0x64 ./Generated_Code/PE_LDD.o
 .group         0x00000000        0x8 ./Generated_Code/Vectors.o
 .group         0x00000000        0x8 ./Generated_Code/Vectors.o
 .group         0x00000000        0x8 ./Generated_Code/Vectors.o
 .group         0x00000000        0x8 ./Generated_Code/Vectors.o
 .group         0x00000000        0x8 ./Generated_Code/Vectors.o
 .group         0x00000000        0x8 ./Generated_Code/Vectors.o
 .group         0x00000000        0x8 ./Generated_Code/Vectors.o
 .group         0x00000000        0x8 ./Generated_Code/Vectors.o
 .group         0x00000000        0x8 ./Generated_Code/Vectors.o
 .group         0x00000000        0x8 ./Generated_Code/Vectors.o
 .text          0x00000000        0x0 ./Generated_Code/Vectors.o
 .data          0x00000000        0x0 ./Generated_Code/Vectors.o
 .bss           0x00000000        0x0 ./Generated_Code/Vectors.o
 .debug_macro   0x00000000      0x850 ./Generated_Code/Vectors.o
 .debug_macro   0x00000000       0x16 ./Generated_Code/Vectors.o
 .debug_macro   0x00000000       0x44 ./Generated_Code/Vectors.o
 .debug_macro   0x00000000      0x209 ./Generated_Code/Vectors.o
 .debug_macro   0x00000000     0x17fa ./Generated_Code/Vectors.o
 .debug_macro   0x00000000      0x14e ./Generated_Code/Vectors.o
 .debug_macro   0x00000000       0x64 ./Generated_Code/Vectors.o
 .debug_macro   0x00000000    0x174c1 ./Generated_Code/Vectors.o
 .debug_macro   0x00000000       0x94 ./Generated_Code/Vectors.o
 .debug_macro   0x00000000       0x10 ./Generated_Code/Vectors.o
 .data          0x00000000        0x0 c:/freescale/kds_v3/toolchain/bin/../lib/gcc/arm-none-eabi/4.8.4/armv7e-m/fpu\libgcc.a(_arm_addsubdf3.o)
 .bss           0x00000000        0x0 c:/freescale/kds_v3/toolchain/bin/../lib/gcc/arm-none-eabi/4.8.4/armv7e-m/fpu\libgcc.a(_arm_addsubdf3.o)
 .data          0x00000000        0x0 c:/freescale/kds_v3/toolchain/bin/../lib/gcc/arm-none-eabi/4.8.4/armv7e-m/fpu\libgcc.a(_arm_muldivdf3.o)
 .bss           0x00000000        0x0 c:/freescale/kds_v3/toolchain/bin/../lib/gcc/arm-none-eabi/4.8.4/armv7e-m/fpu\libgcc.a(_arm_muldivdf3.o)
 .data          0x00000000        0x0 c:/freescale/kds_v3/toolchain/bin/../lib/gcc/arm-none-eabi/4.8.4/armv7e-m/fpu\libgcc.a(_fixunsdfdi.o)
 .bss           0x00000000        0x0 c:/freescale/kds_v3/toolchain/bin/../lib/gcc/arm-none-eabi/4.8.4/armv7e-m/fpu\libgcc.a(_fixunsdfdi.o)
 .data          0x00000000        0x0 c:/freescale/kds_v3/toolchain/bin/../lib/gcc/arm-none-eabi/4.8.4/armv7e-m/fpu\libgcc.a(_arm_fixunsdfsi.o)
 .bss           0x00000000        0x0 c:/freescale/kds_v3/toolchain/bin/../lib/gcc/arm-none-eabi/4.8.4/armv7e-m/fpu\libgcc.a(_arm_fixunsdfsi.o)
 .text          0x00000000        0x0 c:/freescale/kds_v3/toolchain/bin/../lib/gcc/arm-none-eabi/4.8.4/../../../../arm-none-eabi/lib/armv7e-m/fpu\libg_s.a(lib_a-exit.o)
 .data          0x00000000        0x0 c:/freescale/kds_v3/toolchain/bin/../lib/gcc/arm-none-eabi/4.8.4/../../../../arm-none-eabi/lib/armv7e-m/fpu\libg_s.a(lib_a-exit.o)
 .bss           0x00000000        0x0 c:/freescale/kds_v3/toolchain/bin/../lib/gcc/arm-none-eabi/4.8.4/../../../../arm-none-eabi/lib/armv7e-m/fpu\libg_s.a(lib_a-exit.o)
 .text          0x00000000        0x0 c:/freescale/kds_v3/toolchain/bin/../lib/gcc/arm-none-eabi/4.8.4/../../../../arm-none-eabi/lib/armv7e-m/fpu\libg_s.a(lib_a-impure.o)
 .data          0x00000000        0x0 c:/freescale/kds_v3/toolchain/bin/../lib/gcc/arm-none-eabi/4.8.4/../../../../arm-none-eabi/lib/armv7e-m/fpu\libg_s.a(lib_a-impure.o)
 .bss           0x00000000        0x0 c:/freescale/kds_v3/toolchain/bin/../lib/gcc/arm-none-eabi/4.8.4/../../../../arm-none-eabi/lib/armv7e-m/fpu\libg_s.a(lib_a-impure.o)
 .data._impure_ptr
                0x00000000        0x4 c:/freescale/kds_v3/toolchain/bin/../lib/gcc/arm-none-eabi/4.8.4/../../../../arm-none-eabi/lib/armv7e-m/fpu\libg_s.a(lib_a-impure.o)
 .text          0x00000000        0x0 c:/freescale/kds_v3/toolchain/bin/../lib/gcc/arm-none-eabi/4.8.4/../../../../arm-none-eabi/lib/armv7e-m/fpu\libg_s.a(lib_a-init.o)
 .data          0x00000000        0x0 c:/freescale/kds_v3/toolchain/bin/../lib/gcc/arm-none-eabi/4.8.4/../../../../arm-none-eabi/lib/armv7e-m/fpu\libg_s.a(lib_a-init.o)
 .bss           0x00000000        0x0 c:/freescale/kds_v3/toolchain/bin/../lib/gcc/arm-none-eabi/4.8.4/../../../../arm-none-eabi/lib/armv7e-m/fpu\libg_s.a(lib_a-init.o)
 .text          0x00000000        0x0 c:/freescale/kds_v3/toolchain/bin/../lib/gcc/arm-none-eabi/4.8.4/../../../../arm-none-eabi/lib/armv7e-m/fpu\libg_s.a(lib_a-memset.o)
 .data          0x00000000        0x0 c:/freescale/kds_v3/toolchain/bin/../lib/gcc/arm-none-eabi/4.8.4/../../../../arm-none-eabi/lib/armv7e-m/fpu\libg_s.a(lib_a-memset.o)
 .bss           0x00000000        0x0 c:/freescale/kds_v3/toolchain/bin/../lib/gcc/arm-none-eabi/4.8.4/../../../../arm-none-eabi/lib/armv7e-m/fpu\libg_s.a(lib_a-memset.o)
 .text          0x00000000        0x0 c:/freescale/kds_v3/toolchain/bin/../lib/gcc/arm-none-eabi/4.8.4/../../../../arm-none-eabi/lib/armv7e-m/fpu\libnosys.a(_exit.o)
 .data          0x00000000        0x0 c:/freescale/kds_v3/toolchain/bin/../lib/gcc/arm-none-eabi/4.8.4/../../../../arm-none-eabi/lib/armv7e-m/fpu\libnosys.a(_exit.o)
 .bss           0x00000000        0x0 c:/freescale/kds_v3/toolchain/bin/../lib/gcc/arm-none-eabi/4.8.4/../../../../arm-none-eabi/lib/armv7e-m/fpu\libnosys.a(_exit.o)
 .text          0x00000000        0x0 c:/freescale/kds_v3/toolchain/bin/../lib/gcc/arm-none-eabi/4.8.4/armv7e-m/fpu/crtend.o
 .data          0x00000000        0x0 c:/freescale/kds_v3/toolchain/bin/../lib/gcc/arm-none-eabi/4.8.4/armv7e-m/fpu/crtend.o
 .bss           0x00000000        0x0 c:/freescale/kds_v3/toolchain/bin/../lib/gcc/arm-none-eabi/4.8.4/armv7e-m/fpu/crtend.o
 .eh_frame      0x00000000        0x4 c:/freescale/kds_v3/toolchain/bin/../lib/gcc/arm-none-eabi/4.8.4/armv7e-m/fpu/crtend.o
 .jcr           0x00000000        0x4 c:/freescale/kds_v3/toolchain/bin/../lib/gcc/arm-none-eabi/4.8.4/armv7e-m/fpu/crtend.o
 .ARM.attributes
                0x00000000       0x34 c:/freescale/kds_v3/toolchain/bin/../lib/gcc/arm-none-eabi/4.8.4/armv7e-m/fpu/crtend.o
 .text          0x00000000        0x0 c:/freescale/kds_v3/toolchain/bin/../lib/gcc/arm-none-eabi/4.8.4/armv7e-m/fpu/crtn.o
 .data          0x00000000        0x0 c:/freescale/kds_v3/toolchain/bin/../lib/gcc/arm-none-eabi/4.8.4/armv7e-m/fpu/crtn.o
 .bss           0x00000000        0x0 c:/freescale/kds_v3/toolchain/bin/../lib/gcc/arm-none-eabi/4.8.4/armv7e-m/fpu/crtn.o

Memory Configuration

Name             Origin             Length             Attributes
m_interrupts     0x00000000         0x000001e8         xr
m_text           0x00000410         0x0007fbf0         xr
m_data           0x1fff0000         0x00010000         rw
m_data_20000000  0x20000000         0x00010000         rw
m_cfmprotrom     0x00000400         0x00000010         xr
*default*        0x00000000         0xffffffff

Linker script and memory map

LOAD c:/freescale/kds_v3/toolchain/bin/../lib/gcc/arm-none-eabi/4.8.4/armv7e-m/fpu/crti.o
LOAD c:/freescale/kds_v3/toolchain/bin/../lib/gcc/arm-none-eabi/4.8.4/armv7e-m/fpu/crtbegin.o
LOAD c:/freescale/kds_v3/toolchain/bin/../lib/gcc/arm-none-eabi/4.8.4/../../../../arm-none-eabi/lib/armv7e-m/fpu/crt0.o
LOAD ./Sources/Events.o
LOAD ./Sources/FIFO.o
LOAD ./Sources/FTM.o
LOAD ./Sources/Flash.o
LOAD ./Sources/LEDs.o
LOAD ./Sources/PIT.o
LOAD ./Sources/RTC.o
LOAD ./Sources/SPI.o
LOAD ./Sources/UART.o
LOAD ./Sources/analog.o
LOAD ./Sources/main.o
LOAD ./Sources/median.o
LOAD ./Sources/packet.o
LOAD ./Project_Settings/Startup_Code/startup.o
LOAD ./Generated_Code/Cpu.o
LOAD ./Generated_Code/PE_LDD.o
LOAD ./Generated_Code/Vectors.o
LOAD c:/freescale/kds_v3/toolchain/bin/../lib/gcc/arm-none-eabi/4.8.4/../../../../arm-none-eabi/lib/armv7e-m/fpu\libstdc++_s.a
LOAD c:/freescale/kds_v3/toolchain/bin/../lib/gcc/arm-none-eabi/4.8.4/../../../../arm-none-eabi/lib/armv7e-m/fpu\libm.a
START GROUP
LOAD c:/freescale/kds_v3/toolchain/bin/../lib/gcc/arm-none-eabi/4.8.4/armv7e-m/fpu\libgcc.a
LOAD c:/freescale/kds_v3/toolchain/bin/../lib/gcc/arm-none-eabi/4.8.4/../../../../arm-none-eabi/lib/armv7e-m/fpu\libg_s.a
LOAD c:/freescale/kds_v3/toolchain/bin/../lib/gcc/arm-none-eabi/4.8.4/../../../../arm-none-eabi/lib/armv7e-m/fpu\libc_s.a
END GROUP
START GROUP
LOAD c:/freescale/kds_v3/toolchain/bin/../lib/gcc/arm-none-eabi/4.8.4/armv7e-m/fpu\libgcc.a
LOAD c:/freescale/kds_v3/toolchain/bin/../lib/gcc/arm-none-eabi/4.8.4/../../../../arm-none-eabi/lib/armv7e-m/fpu\libc_s.a
LOAD c:/freescale/kds_v3/toolchain/bin/../lib/gcc/arm-none-eabi/4.8.4/../../../../arm-none-eabi/lib/armv7e-m/fpu\libnosys.a
END GROUP
START GROUP
LOAD c:/freescale/kds_v3/toolchain/bin/../lib/gcc/arm-none-eabi/4.8.4/armv7e-m/fpu\libgcc.a
LOAD c:/freescale/kds_v3/toolchain/bin/../lib/gcc/arm-none-eabi/4.8.4/../../../../arm-none-eabi/lib/armv7e-m/fpu\libc_s.a
LOAD c:/freescale/kds_v3/toolchain/bin/../lib/gcc/arm-none-eabi/4.8.4/../../../../arm-none-eabi/lib/armv7e-m/fpu\libnosys.a
END GROUP
LOAD c:/freescale/kds_v3/toolchain/bin/../lib/gcc/arm-none-eabi/4.8.4/armv7e-m/fpu/crtend.o
LOAD c:/freescale/kds_v3/toolchain/bin/../lib/gcc/arm-none-eabi/4.8.4/armv7e-m/fpu/crtn.o
                0x20000000                _estack = 0x20000000
                0x20000000                __SP_INIT = _estack
                0x20000000                __stack = _estack
                0x00000000                __heap_size = 0x0
                0x00000400                __stack_size = 0x400

.interrupts     0x00000000      0x1e8
                0x00000000                __vector_table = .
                0x00000000                . = ALIGN (0x4)
 *(.vectortable)
 .vectortable   0x00000000      0x1e8 ./Generated_Code/Vectors.o
                0x00000000                __vect_table
                0x000001e8                . = ALIGN (0x4)

.cfmprotect     0x00000400       0x10
                0x00000400                . = ALIGN (0x4)
 *(.cfmconfig)
 .cfmconfig     0x00000400       0x10 ./Generated_Code/Cpu.o
                0x00000400                _cfm
                0x00000410                . = ALIGN (0x4)

.text           0x00000410     0x360c
                0x00000410                . = ALIGN (0x4)
 *(.text)
 .text          0x00000410       0x54 c:/freescale/kds_v3/toolchain/bin/../lib/gcc/arm-none-eabi/4.8.4/armv7e-m/fpu/crtbegin.o
 .text          0x00000464       0x74 c:/freescale/kds_v3/toolchain/bin/../lib/gcc/arm-none-eabi/4.8.4/../../../../arm-none-eabi/lib/armv7e-m/fpu/crt0.o
                0x00000464                _start
                0x00000464                _mainCRTStartup
 .text          0x000004d8      0x370 c:/freescale/kds_v3/toolchain/bin/../lib/gcc/arm-none-eabi/4.8.4/armv7e-m/fpu\libgcc.a(_arm_addsubdf3.o)
                0x000004d8                __aeabi_drsub
                0x000004e0                __aeabi_dsub
                0x000004e0                __subdf3
                0x000004e4                __aeabi_dadd
                0x000004e4                __adddf3
                0x0000075c                __floatunsidf
                0x0000075c                __aeabi_ui2d
                0x0000077c                __floatsidf
                0x0000077c                __aeabi_i2d
                0x000007a0                __aeabi_f2d
                0x000007a0                __extendsfdf2
                0x000007dc                __floatundidf
                0x000007dc                __aeabi_ul2d
                0x000007ec                __floatdidf
                0x000007ec                __aeabi_l2d
 .text          0x00000848      0x424 c:/freescale/kds_v3/toolchain/bin/../lib/gcc/arm-none-eabi/4.8.4/armv7e-m/fpu\libgcc.a(_arm_muldivdf3.o)
                0x00000848                __aeabi_dmul
                0x00000848                __muldf3
                0x00000a9c                __divdf3
                0x00000a9c                __aeabi_ddiv
 .text          0x00000c6c       0x44 c:/freescale/kds_v3/toolchain/bin/../lib/gcc/arm-none-eabi/4.8.4/armv7e-m/fpu\libgcc.a(_fixunsdfdi.o)
                0x00000c6c                __fixunsdfdi
                0x00000c6c                __aeabi_d2ulz
 .text          0x00000cb0       0x40 c:/freescale/kds_v3/toolchain/bin/../lib/gcc/arm-none-eabi/4.8.4/armv7e-m/fpu\libgcc.a(_arm_fixunsdfsi.o)
                0x00000cb0                __aeabi_d2uiz
                0x00000cb0                __fixunsdfsi
 *(.text*)
 .text.FIFO_Init
                0x00000cf0       0x24 ./Sources/FIFO.o
                0x00000cf0                FIFO_Init
 .text.FIFO_Put
                0x00000d14       0xc4 ./Sources/FIFO.o
                0x00000d14                FIFO_Put
 .text.FIFO_Get
                0x00000dd8       0xc0 ./Sources/FIFO.o
                0x00000dd8                FIFO_Get
 .text.FTM_Init
                0x00000e98       0x6c ./Sources/FTM.o
                0x00000e98                FTM_Init
 .text.FTM_Set  0x00000f04      0x210 ./Sources/FTM.o
                0x00000f04                FTM_Set
 .text.FTM_StartTimer
                0x00001114       0xa4 ./Sources/FTM.o
                0x00001114                FTM_StartTimer
 .text.FTM0_ISR
                0x000011b8       0x90 ./Sources/FTM.o
                0x000011b8                FTM0_ISR
 .text.LaunchCommand
                0x00001248      0x144 ./Sources/Flash.o
 .text.Flash_Init
                0x0000138c       0x10 ./Sources/Flash.o
                0x0000138c                Flash_Init
 .text.Flash_Erase_Sector
                0x0000139c       0x40 ./Sources/Flash.o
                0x0000139c                Flash_Erase_Sector
 .text.Flash_Erase
                0x000013dc       0x34 ./Sources/Flash.o
                0x000013dc                Flash_Erase
 .text.WritePhrase
                0x00001410       0xe4 ./Sources/Flash.o
 .text.Flash_Write32
                0x000014f4       0x64 ./Sources/Flash.o
                0x000014f4                Flash_Write32
 .text.Flash_Write16
                0x00001558       0x70 ./Sources/Flash.o
                0x00001558                Flash_Write16
 .text.Flash_Write8
                0x000015c8       0x60 ./Sources/Flash.o
                0x000015c8                Flash_Write8
 .text.Flash_AllocateVar
                0x00001628      0x13c ./Sources/Flash.o
                0x00001628                Flash_AllocateVar
 .text.LEDs_Init
                0x00001764       0xc4 ./Sources/LEDs.o
                0x00001764                LEDs_Init
 .text.LEDs_On  0x00001828       0x24 ./Sources/LEDs.o
                0x00001828                LEDs_On
 .text.LEDs_Off
                0x0000184c       0x24 ./Sources/LEDs.o
                0x0000184c                LEDs_Off
 .text.LEDs_Toggle
                0x00001870       0x24 ./Sources/LEDs.o
                0x00001870                LEDs_Toggle
 .text.PIT_Init
                0x00001894       0x94 ./Sources/PIT.o
                0x00001894                PIT_Init
 .text.PIT_Set  0x00001928       0xd0 ./Sources/PIT.o
                0x00001928                PIT_Set
 .text.PIT_Enable
                0x000019f8       0x40 ./Sources/PIT.o
                0x000019f8                PIT_Enable
 .text.PIT_ISR  0x00001a38       0x34 ./Sources/PIT.o
                0x00001a38                PIT_ISR
 .text.RTC_Init
                0x00001a6c       0xc0 ./Sources/RTC.o
                0x00001a6c                RTC_Init
 .text.RTC_Set  0x00001b2c      0x120 ./Sources/RTC.o
                0x00001b2c                RTC_Set
 .text.RTC_Get  0x00001c4c       0x94 ./Sources/RTC.o
                0x00001c4c                RTC_Get
 .text.RTC_ISR  0x00001ce0       0x34 ./Sources/RTC.o
                0x00001ce0                RTC_ISR
 .text.SPI_Init
                0x00001d14      0x22c ./Sources/SPI.o
                0x00001d14                SPI_Init
 .text.SPI_SelectSlaveDevice
                0x00001f40       0x90 ./Sources/SPI.o
                0x00001f40                SPI_SelectSlaveDevice
 .text.SPI_ExchangeChar
                0x00001fd0       0x7c ./Sources/SPI.o
                0x00001fd0                SPI_ExchangeChar
 .text.SPI_SetBaudRate
                0x0000204c      0x174 ./Sources/SPI.o
                0x0000204c                SPI_SetBaudRate
 .text.UART_Init
                0x000021c0      0x228 ./Sources/UART.o
                0x000021c0                UART_Init
 .text.UART_InChar
                0x000023e8       0x20 ./Sources/UART.o
                0x000023e8                UART_InChar
 .text.UART_OutChar
                0x00002408       0x4c ./Sources/UART.o
                0x00002408                UART_OutChar
 .text.UART_ISR
                0x00002454       0x98 ./Sources/UART.o
                0x00002454                UART_ISR
 .text.FractionOf64to32
                0x000024ec       0x48 ./Sources/UART.o
 .text.Analog_Init
                0x00002534       0xc0 ./Sources/analog.o
                0x00002534                Analog_Init
 .text.Analog_Get
                0x000025f4       0xc4 ./Sources/analog.o
                0x000025f4                Analog_Get
 .text.main     0x000026b8      0x1c0 ./Sources/main.o
                0x000026b8                main
 .text.PacketHandler
                0x00002878      0x310 ./Sources/main.o
 .text.StartupCommand_4
                0x00002b88      0x17c ./Sources/main.o
 .text.ProgramByte_7
                0x00002d04       0xe0 ./Sources/main.o
 .text.ReadByte_8
                0x00002de4       0x8c ./Sources/main.o
 .text.SpecialCommand_9
                0x00002e70       0xc8 ./Sources/main.o
 .text.TowerNumberCommand_B
                0x00002f38      0x140 ./Sources/main.o
 .text.AnalogInputValueCommand_50
                0x00003078       0xa8 ./Sources/main.o
 .text.TowerNumberCommand_C
                0x00003120       0x28 ./Sources/main.o
 .text.TowerModeCommand_D
                0x00003148       0xa8 ./Sources/main.o
 .text.PITCallback
                0x000031f0       0x38 ./Sources/main.o
                0x000031f0                PITCallback
 .text.RTCCallback
                0x00003228       0x38 ./Sources/main.o
                0x00003228                RTCCallback
 .text.FTM0Ch0Callback
                0x00003260       0x18 ./Sources/main.o
                0x00003260                FTM0Ch0Callback
 .text.FTM0Ch1Callback
                0x00003278       0x38 ./Sources/main.o
                0x00003278                FTM0Ch1Callback
 .text.Packet_Get
                0x000032b0      0x178 ./Sources/packet.o
                0x000032b0                Packet_Get
 .text.Packet_Put
                0x00003428       0x8c ./Sources/packet.o
                0x00003428                Packet_Put
 .text.__copy_rom_section
                0x000034b4       0xe4 ./Project_Settings/Startup_Code/startup.o
                0x000034b4                __copy_rom_section
 .text.__copy_rom_sections_to_ram
                0x00003598       0x9c ./Project_Settings/Startup_Code/startup.o
                0x00003598                __copy_rom_sections_to_ram
 .text.__init_registers
                0x00003634       0x20 ./Project_Settings/Startup_Code/startup.o
                0x00003634                __init_registers
 .text.__init_user
                0x00003654        0xc ./Project_Settings/Startup_Code/startup.o
                0x00003654                __init_user
 .text.__thumb_startup
                0x00003660       0x34 ./Project_Settings/Startup_Code/startup.o
                0x00003660                __thumb_startup
 .text.Cpu_Interrupt
                0x00003694       0x18 ./Generated_Code/Cpu.o
                0x00003694                Cpu_Interrupt
 .text.__init_hardware
                0x000036ac      0x17c ./Generated_Code/Cpu.o
                0x000036ac                __init_hardware
 .text.Cpu_SetBASEPRI
                0x00003828       0x18 ./Generated_Code/Cpu.o
                0x00003828                Cpu_SetBASEPRI
 .text.PE_low_level_init
                0x00003840       0xe4 ./Generated_Code/Cpu.o
                0x00003840                PE_low_level_init
 .text.exit     0x00003924       0x28 c:/freescale/kds_v3/toolchain/bin/../lib/gcc/arm-none-eabi/4.8.4/../../../../arm-none-eabi/lib/armv7e-m/fpu\libg_s.a(lib_a-exit.o)
                0x00003924                exit
 .text.__libc_init_array
                0x0000394c       0x4c c:/freescale/kds_v3/toolchain/bin/../lib/gcc/arm-none-eabi/4.8.4/../../../../arm-none-eabi/lib/armv7e-m/fpu\libg_s.a(lib_a-init.o)
                0x0000394c                __libc_init_array
 .text.memset   0x00003998       0x10 c:/freescale/kds_v3/toolchain/bin/../lib/gcc/arm-none-eabi/4.8.4/../../../../arm-none-eabi/lib/armv7e-m/fpu\libg_s.a(lib_a-memset.o)
                0x00003998                memset
 .text._exit    0x000039a8        0x4 c:/freescale/kds_v3/toolchain/bin/../lib/gcc/arm-none-eabi/4.8.4/../../../../arm-none-eabi/lib/armv7e-m/fpu\libnosys.a(_exit.o)
                0x000039a8                _exit
 *(.rodata)
 .rodata        0x000039ac       0x50 ./Sources/SPI.o
 *(.rodata*)
 .rodata.str1.1
                0x000039fc        0x2 c:/freescale/kds_v3/toolchain/bin/../lib/gcc/arm-none-eabi/4.8.4/../../../../arm-none-eabi/lib/armv7e-m/fpu\libg_s.a(lib_a-impure.o)
 *fill*         0x000039fe        0x2 
 .rodata._global_impure_ptr
                0x00003a00        0x4 c:/freescale/kds_v3/toolchain/bin/../lib/gcc/arm-none-eabi/4.8.4/../../../../arm-none-eabi/lib/armv7e-m/fpu\libg_s.a(lib_a-impure.o)
                0x00003a00                _global_impure_ptr
 *(.glue_7)
 .glue_7        0x00000000        0x0 linker stubs
 *(.glue_7t)
 .glue_7t       0x00000000        0x0 linker stubs
 *(.eh_frame)
 .eh_frame      0x00003a04        0x0 c:/freescale/kds_v3/toolchain/bin/../lib/gcc/arm-none-eabi/4.8.4/armv7e-m/fpu/crtbegin.o
 *(.init)
 .init          0x00003a04        0x4 c:/freescale/kds_v3/toolchain/bin/../lib/gcc/arm-none-eabi/4.8.4/armv7e-m/fpu/crti.o
                0x00003a04                _init
 .init          0x00003a08        0x8 c:/freescale/kds_v3/toolchain/bin/../lib/gcc/arm-none-eabi/4.8.4/armv7e-m/fpu/crtn.o
 *(.fini)
 .fini          0x00003a10        0x4 c:/freescale/kds_v3/toolchain/bin/../lib/gcc/arm-none-eabi/4.8.4/armv7e-m/fpu/crti.o
                0x00003a10                _fini
 .fini          0x00003a14        0x8 c:/freescale/kds_v3/toolchain/bin/../lib/gcc/arm-none-eabi/4.8.4/armv7e-m/fpu/crtn.o
                0x00003a1c                . = ALIGN (0x4)
                0x00003a1c                _etext = .

.vfp11_veneer   0x00003a1c        0x0
 .vfp11_veneer  0x00000000        0x0 linker stubs

.v4_bx          0x00003a1c        0x0
 .v4_bx         0x00000000        0x0 linker stubs

.iplt           0x00003a1c        0x0
 .iplt          0x00000000        0x0 c:/freescale/kds_v3/toolchain/bin/../lib/gcc/arm-none-eabi/4.8.4/armv7e-m/fpu/crtbegin.o

.ARM.extab
 *(.ARM.extab* .gnu.linkonce.armextab.*)

.ARM            0x00003a1c        0x8
                0x00003a1c                __exidx_start = .
 *(.ARM.exidx*)
 .ARM.exidx     0x00003a1c        0x8 c:/freescale/kds_v3/toolchain/bin/../lib/gcc/arm-none-eabi/4.8.4/../../../../arm-none-eabi/lib/armv7e-m/fpu/crt0.o
                0x00003a24                __exidx_end = .

.rel.dyn        0x00003a24        0x0
 .rel.iplt      0x00000000        0x0 c:/freescale/kds_v3/toolchain/bin/../lib/gcc/arm-none-eabi/4.8.4/armv7e-m/fpu/crtbegin.o

.ctors          0x00003a24        0x0
                0x00003a24                __CTOR_LIST__ = .
 *crtbegin.o(.ctors)
 *(EXCLUDE_FILE(*crtend.o) .ctors)
 *(SORT(.ctors.*))
 *(.ctors)
                0x00003a24                __CTOR_END__ = .

.dtors          0x00003a24        0x0
                0x00003a24                __DTOR_LIST__ = .
 *crtbegin.o(.dtors)
 *(EXCLUDE_FILE(*crtend.o) .dtors)
 *(SORT(.dtors.*))
 *(.dtors)
                0x00003a24                __DTOR_END__ = .

.preinit_array  0x00003a24        0x0
                0x00003a24                PROVIDE (__preinit_array_start, .)
 *(.preinit_array*)
                0x00003a24                PROVIDE (__preinit_array_end, .)

.init_array     0x00003a24        0x4
                0x00003a24                PROVIDE (__init_array_start, .)
 *(SORT(.init_array.*))
 *(.init_array*)
 .init_array    0x00003a24        0x4 c:/freescale/kds_v3/toolchain/bin/../lib/gcc/arm-none-eabi/4.8.4/armv7e-m/fpu/crtbegin.o
                0x00003a28                PROVIDE (__init_array_end, .)

.fini_array     0x00003a28        0x4
                0x00003a28                PROVIDE (__fini_array_start, .)
 *(SORT(.fini_array.*))
 *(.fini_array*)
 .fini_array    0x00003a28        0x4 c:/freescale/kds_v3/toolchain/bin/../lib/gcc/arm-none-eabi/4.8.4/armv7e-m/fpu/crtbegin.o
                0x00003a2c                PROVIDE (__fini_array_end, .)
                0x00003a2c                ___ROM_AT = .

.data           0x1fff0000       0x74 load address 0x00003a2c
                0x1fff0000                . = ALIGN (0x4)
                0x1fff0000                _sdata = .
 *(.data)
 *(.data*)
 .data.TowerMajorVersion
                0x1fff0000        0x1 ./Sources/main.o
                0x1fff0000                TowerMajorVersion
 *fill*         0x1fff0001        0x3 
 .data.PacketTimer
                0x1fff0004       0x10 ./Sources/main.o
                0x1fff0004                PacketTimer
 .data.impure_data
                0x1fff0014       0x60 c:/freescale/kds_v3/toolchain/bin/../lib/gcc/arm-none-eabi/4.8.4/../../../../arm-none-eabi/lib/armv7e-m/fpu\libg_s.a(lib_a-impure.o)
                0x1fff0074                . = ALIGN (0x4)
                0x1fff0074                _edata = .
                0x00000074                ___data_size = (_edata - _sdata)
                0x00003aa0                ___m_data_20000000_ROMStart = (___ROM_AT + SIZEOF (.data))

.jcr            0x1fff0074        0x0 load address 0x00003aa0
 .jcr           0x1fff0074        0x0 c:/freescale/kds_v3/toolchain/bin/../lib/gcc/arm-none-eabi/4.8.4/armv7e-m/fpu/crtbegin.o

.igot.plt       0x1fff0074        0x0 load address 0x00003aa0
 .igot.plt      0x00000000        0x0 c:/freescale/kds_v3/toolchain/bin/../lib/gcc/arm-none-eabi/4.8.4/armv7e-m/fpu/crtbegin.o

.m_data_20000000
                0x20000000        0x0 load address 0x00003aa0
                0x20000000                . = ALIGN (0x4)
                0x20000000                ___m_data_20000000_RAMStart = .
 *(.m_data_20000000)
                0x20000000                ___m_data_20000000_RAMEnd = .
                0x20000000                . = ALIGN (0x4)
                0x00000000                ___m_data_20000000_ROMSize = (___m_data_20000000_RAMEnd - ___m_data_20000000_RAMStart)
                0x20000000                . = ALIGN (0x4)

.bss            0x1fff0074      0x310 load address 0x00003aa0
                0x1fff0074                __START_BSS = .
                0x1fff0074                PROVIDE (__bss_start__, __START_BSS)
 *(.bss)
 .bss           0x1fff0074       0x1c c:/freescale/kds_v3/toolchain/bin/../lib/gcc/arm-none-eabi/4.8.4/armv7e-m/fpu/crtbegin.o
 *(.bss*)
 .bss.Callback  0x1fff0090       0x20 ./Sources/FTM.o
 .bss.Arguments
                0x1fff00b0       0x20 ./Sources/FTM.o
 .bss.fpviolStatus.5639
                0x1fff00d0        0x1 ./Sources/Flash.o
 .bss.accerrStatus.5638
                0x1fff00d1        0x1 ./Sources/Flash.o
 *fill*         0x1fff00d2        0x2 
 .bss.memMap.5687
                0x1fff00d4        0x8 ./Sources/Flash.o
 .bss.PIT_moduleClk
                0x1fff00dc        0x4 ./Sources/PIT.o
 .bss.PIT_UserArguments
                0x1fff00e0        0x4 ./Sources/PIT.o
 .bss.PIT_Callback
                0x1fff00e4        0x4 ./Sources/PIT.o
 .bss.RTC_Callback
                0x1fff00e8        0x4 ./Sources/RTC.o
 .bss.RTC_Arguments
                0x1fff00ec        0x4 ./Sources/RTC.o
 .bss.txData.5642
                0x1fff00f0        0x1 ./Sources/UART.o
 .bss.TowerMinorVersion
                0x1fff00f1        0x1 ./Sources/main.o
                0x1fff00f1                TowerMinorVersion
 *fill*         0x1fff00f2        0x2 
 .bss.FTMChannel1
                0x1fff00f4       0x10 ./Sources/main.o
 .bss.word1.6808
                0x1fff0104        0x4 ./Sources/main.o
 .bss.word2.6809
                0x1fff0108        0x4 ./Sources/main.o
 .bss.Packet_Checksum
                0x1fff010c        0x1 ./Sources/packet.o
 .bss.packetFiniteState.6596
                0x1fff010d        0x1 ./Sources/packet.o
 .bss.SR_lock   0x1fff010e        0x1 ./Generated_Code/Cpu.o
                0x1fff010e                SR_lock
 *(COMMON)
 *fill*         0x1fff010f        0x1 
 COMMON         0x1fff0110        0xc ./Sources/Flash.o
                0x1fff0110                fccob
 COMMON         0x1fff011c      0x20e ./Sources/UART.o
                0x1fff011c                TxFIFO
                0x1fff0224                RxFIFO
 *fill*         0x1fff032a        0x2 
 COMMON         0x1fff032c       0x36 ./Sources/analog.o
                0x1fff032c                Analog_Input
                0x1fff0350                InputChannel
 *fill*         0x1fff0362        0x2 
 COMMON         0x1fff0364       0x16 ./Sources/main.o
                0x1fff0364                analogInput
                0x1fff0366                stuID
                0x1fff0368                word1
                0x1fff036c                NvTowerMode
                0x1fff0370                word2
                0x1fff0374                NvTowerNumber
                0x1fff0378                tMode
 *fill*         0x1fff037a        0x2 
 COMMON         0x1fff037c        0x4 ./Sources/packet.o
                0x1fff037c                Packet
 COMMON         0x1fff0380        0x1 ./Generated_Code/Cpu.o
                0x1fff0380                SR_reg
                0x1fff0384                . = ALIGN (0x4)
 *fill*         0x1fff0381        0x3 
                0x1fff0384                __END_BSS = .
                0x1fff0384                PROVIDE (__bss_end__, __END_BSS)
                0x00003aa0                _romp_at = ((___ROM_AT + SIZEOF (.data)) + SIZEOF (.m_data_20000000))

.romp           0x1fff0384       0x24 load address 0x00003aa0
                0x00003aa0                __S_romp = _romp_at
                0x1fff0384        0x4 LONG 0x3a2c ___ROM_AT
                0x1fff0388        0x4 LONG 0x1fff0000 _sdata
                0x1fff038c        0x4 LONG 0x74 ___data_size
                0x1fff0390        0x4 LONG 0x3aa0 ___m_data_20000000_ROMStart
                0x1fff0394        0x4 LONG 0x20000000 ___m_data_20000000_RAMStart
                0x1fff0398        0x4 LONG 0x0 ___m_data_20000000_ROMSize
                0x1fff039c        0x4 LONG 0x0
                0x1fff03a0        0x4 LONG 0x0
                0x1fff03a4        0x4 LONG 0x0

._user_heap_stack
                0x1fff03a8      0x400 load address 0x00003ac4
                0x1fff03a8                . = ALIGN (0x4)
                0x1fff03a8                PROVIDE (end, .)
                0x1fff03a8                PROVIDE (_end, .)
                0x1fff03a8                __heap_addr = .
                0x1fff03a8                __HeapBase = .
                0x1fff03a8                . = (. + __heap_size)
                0x1fff03a8                __HeapLimit = .
                0x1fff07a8                . = (. + __stack_size)
 *fill*         0x1fff03a8      0x400 
                0x1fff07a8                . = ALIGN (0x4)

.ARM.attributes
                0x00000000       0x30
 *(.ARM.attributes)
 .ARM.attributes
                0x00000000       0x22 c:/freescale/kds_v3/toolchain/bin/../lib/gcc/arm-none-eabi/4.8.4/armv7e-m/fpu/crti.o
 .ARM.attributes
                0x00000022       0x34 c:/freescale/kds_v3/toolchain/bin/../lib/gcc/arm-none-eabi/4.8.4/armv7e-m/fpu/crtbegin.o
 .ARM.attributes
                0x00000056       0x20 c:/freescale/kds_v3/toolchain/bin/../lib/gcc/arm-none-eabi/4.8.4/../../../../arm-none-eabi/lib/armv7e-m/fpu/crt0.o
 .ARM.attributes
                0x00000076       0x39 ./Sources/FIFO.o
 .ARM.attributes
                0x000000af       0x39 ./Sources/FTM.o
 .ARM.attributes
                0x000000e8       0x39 ./Sources/Flash.o
 .ARM.attributes
                0x00000121       0x39 ./Sources/LEDs.o
 .ARM.attributes
                0x0000015a       0x39 ./Sources/PIT.o
 .ARM.attributes
                0x00000193       0x39 ./Sources/RTC.o
 .ARM.attributes
                0x000001cc       0x39 ./Sources/SPI.o
 .ARM.attributes
                0x00000205       0x39 ./Sources/UART.o
 .ARM.attributes
                0x0000023e       0x39 ./Sources/analog.o
 .ARM.attributes
                0x00000277       0x39 ./Sources/main.o
 .ARM.attributes
                0x000002b0       0x39 ./Sources/packet.o
 .ARM.attributes
                0x000002e9       0x39 ./Project_Settings/Startup_Code/startup.o
 .ARM.attributes
                0x00000322       0x39 ./Generated_Code/Cpu.o
 .ARM.attributes
                0x0000035b       0x39 ./Generated_Code/Vectors.o
 .ARM.attributes
                0x00000394       0x22 c:/freescale/kds_v3/toolchain/bin/../lib/gcc/arm-none-eabi/4.8.4/armv7e-m/fpu\libgcc.a(_arm_addsubdf3.o)
 .ARM.attributes
                0x000003b6       0x22 c:/freescale/kds_v3/toolchain/bin/../lib/gcc/arm-none-eabi/4.8.4/armv7e-m/fpu\libgcc.a(_arm_muldivdf3.o)
 .ARM.attributes
                0x000003d8       0x34 c:/freescale/kds_v3/toolchain/bin/../lib/gcc/arm-none-eabi/4.8.4/armv7e-m/fpu\libgcc.a(_fixunsdfdi.o)
 .ARM.attributes
                0x0000040c       0x22 c:/freescale/kds_v3/toolchain/bin/../lib/gcc/arm-none-eabi/4.8.4/armv7e-m/fpu\libgcc.a(_arm_fixunsdfsi.o)
 .ARM.attributes
                0x0000042e       0x34 c:/freescale/kds_v3/toolchain/bin/../lib/gcc/arm-none-eabi/4.8.4/../../../../arm-none-eabi/lib/armv7e-m/fpu\libg_s.a(lib_a-exit.o)
 .ARM.attributes
                0x00000462       0x34 c:/freescale/kds_v3/toolchain/bin/../lib/gcc/arm-none-eabi/4.8.4/../../../../arm-none-eabi/lib/armv7e-m/fpu\libg_s.a(lib_a-impure.o)
 .ARM.attributes
                0x00000496       0x34 c:/freescale/kds_v3/toolchain/bin/../lib/gcc/arm-none-eabi/4.8.4/../../../../arm-none-eabi/lib/armv7e-m/fpu\libg_s.a(lib_a-init.o)
 .ARM.attributes
                0x000004ca       0x34 c:/freescale/kds_v3/toolchain/bin/../lib/gcc/arm-none-eabi/4.8.4/../../../../arm-none-eabi/lib/armv7e-m/fpu\libg_s.a(lib_a-memset.o)
 .ARM.attributes
                0x000004fe       0x34 c:/freescale/kds_v3/toolchain/bin/../lib/gcc/arm-none-eabi/4.8.4/../../../../arm-none-eabi/lib/armv7e-m/fpu\libnosys.a(_exit.o)
 .ARM.attributes
                0x00000532       0x22 c:/freescale/kds_v3/toolchain/bin/../lib/gcc/arm-none-eabi/4.8.4/armv7e-m/fpu/crtn.o
OUTPUT(Lab3.elf elf32-littlearm)

.debug_info     0x00000000     0x5600
 .debug_info    0x00000000      0x221 ./Sources/FIFO.o
 .debug_info    0x00000221      0x781 ./Sources/FTM.o
 .debug_info    0x000009a2      0x705 ./Sources/Flash.o
 .debug_info    0x000010a7      0x4a9 ./Sources/LEDs.o
 .debug_info    0x00001550      0x5d0 ./Sources/PIT.o
 .debug_info    0x00001b20      0x661 ./Sources/RTC.o
 .debug_info    0x00002181      0x7ae ./Sources/SPI.o
 .debug_info    0x0000292f      0x948 ./Sources/UART.o
 .debug_info    0x00003277      0x2d5 ./Sources/analog.o
 .debug_info    0x0000354c      0xc36 ./Sources/main.o
 .debug_info    0x00004182      0x38e ./Sources/packet.o
 .debug_info    0x00004510      0x3b0 ./Project_Settings/Startup_Code/startup.o
 .debug_info    0x000048c0      0xb89 ./Generated_Code/Cpu.o
 .debug_info    0x00005449      0x1b7 ./Generated_Code/Vectors.o

.debug_abbrev   0x00000000     0x147e
 .debug_abbrev  0x00000000      0x112 ./Sources/FIFO.o
 .debug_abbrev  0x00000112      0x1be ./Sources/FTM.o
 .debug_abbrev  0x000002d0      0x1a3 ./Sources/Flash.o
 .debug_abbrev  0x00000473      0x144 ./Sources/LEDs.o
 .debug_abbrev  0x000005b7      0x191 ./Sources/PIT.o
 .debug_abbrev  0x00000748      0x16c ./Sources/RTC.o
 .debug_abbrev  0x000008b4      0x1b0 ./Sources/SPI.o
 .debug_abbrev  0x00000a64      0x1c5 ./Sources/UART.o
 .debug_abbrev  0x00000c29      0x10b ./Sources/analog.o
 .debug_abbrev  0x00000d34      0x25b ./Sources/main.o
 .debug_abbrev  0x00000f8f      0x127 ./Sources/packet.o
 .debug_abbrev  0x000010b6      0x189 ./Project_Settings/Startup_Code/startup.o
 .debug_abbrev  0x0000123f      0x185 ./Generated_Code/Cpu.o
 .debug_abbrev  0x000013c4       0xba ./Generated_Code/Vectors.o

.debug_aranges  0x00000000      0x368
 .debug_aranges
                0x00000000       0x30 ./Sources/FIFO.o
 .debug_aranges
                0x00000030       0x38 ./Sources/FTM.o
 .debug_aranges
                0x00000068       0x60 ./Sources/Flash.o
 .debug_aranges
                0x000000c8       0x38 ./Sources/LEDs.o
 .debug_aranges
                0x00000100       0x38 ./Sources/PIT.o
 .debug_aranges
                0x00000138       0x38 ./Sources/RTC.o
 .debug_aranges
                0x00000170       0x38 ./Sources/SPI.o
 .debug_aranges
                0x000001a8       0x40 ./Sources/UART.o
 .debug_aranges
                0x000001e8       0x28 ./Sources/analog.o
 .debug_aranges
                0x00000210       0x88 ./Sources/main.o
 .debug_aranges
                0x00000298       0x30 ./Sources/packet.o
 .debug_aranges
                0x000002c8       0x50 ./Project_Settings/Startup_Code/startup.o
 .debug_aranges
                0x00000318       0x38 ./Generated_Code/Cpu.o
 .debug_aranges
                0x00000350       0x18 ./Generated_Code/Vectors.o

.debug_ranges   0x00000000      0x280
 .debug_ranges  0x00000000       0x20 ./Sources/FIFO.o
 .debug_ranges  0x00000020       0x28 ./Sources/FTM.o
 .debug_ranges  0x00000048       0x50 ./Sources/Flash.o
 .debug_ranges  0x00000098       0x28 ./Sources/LEDs.o
 .debug_ranges  0x000000c0       0x28 ./Sources/PIT.o
 .debug_ranges  0x000000e8       0x28 ./Sources/RTC.o
 .debug_ranges  0x00000110       0x28 ./Sources/SPI.o
 .debug_ranges  0x00000138       0x30 ./Sources/UART.o
 .debug_ranges  0x00000168       0x18 ./Sources/analog.o
 .debug_ranges  0x00000180       0x78 ./Sources/main.o
 .debug_ranges  0x000001f8       0x20 ./Sources/packet.o
 .debug_ranges  0x00000218       0x40 ./Project_Settings/Startup_Code/startup.o
 .debug_ranges  0x00000258       0x28 ./Generated_Code/Cpu.o

.debug_macro    0x00000000    0x19e35
 .debug_macro   0x00000000       0xa3 ./Sources/FIFO.o
 .debug_macro   0x000000a3       0x83 ./Sources/FTM.o
 .debug_macro   0x00000126       0x70 ./Sources/Flash.o
 .debug_macro   0x00000196       0x2e ./Sources/Flash.o
 .debug_macro   0x000001c4       0x5f ./Sources/LEDs.o
 .debug_macro   0x00000223       0x5f ./Sources/PIT.o
 .debug_macro   0x00000282       0x6d ./Sources/RTC.o
 .debug_macro   0x000002ef       0x63 ./Sources/SPI.o
 .debug_macro   0x00000352       0x68 ./Sources/UART.o
 .debug_macro   0x000003ba       0x10 ./Sources/UART.o
 .debug_macro   0x000003ca       0x86 ./Sources/analog.o
 .debug_macro   0x00000450       0x10 ./Sources/analog.o
 .debug_macro   0x00000460      0x131 ./Sources/main.o
 .debug_macro   0x00000591       0x2e ./Sources/main.o
 .debug_macro   0x000005bf       0x34 ./Sources/main.o
 .debug_macro   0x000005f3       0xab ./Sources/packet.o
 .debug_macro   0x0000069e       0x28 ./Sources/packet.o
 .debug_macro   0x000006c6     0x1800 ./Sources/packet.o
 .debug_macro   0x00001ec6       0x94 ./Sources/packet.o
 .debug_macro   0x00001f5a      0x121 ./Project_Settings/Startup_Code/startup.o
 .debug_macro   0x0000207b      0x166 ./Project_Settings/Startup_Code/startup.o
 .debug_macro   0x000021e1       0x4a ./Project_Settings/Startup_Code/startup.o
 .debug_macro   0x0000222b      0x2a6 ./Project_Settings/Startup_Code/startup.o
 .debug_macro   0x000024d1       0x10 ./Project_Settings/Startup_Code/startup.o
 .debug_macro   0x000024e1       0x35 ./Project_Settings/Startup_Code/startup.o
 .debug_macro   0x00002516       0x16 ./Project_Settings/Startup_Code/startup.o
 .debug_macro   0x0000252c       0x22 ./Project_Settings/Startup_Code/startup.o
 .debug_macro   0x0000254e       0x16 ./Project_Settings/Startup_Code/startup.o
 .debug_macro   0x00002564      0x20f ./Project_Settings/Startup_Code/startup.o
 .debug_macro   0x00002773    0x174af ./Project_Settings/Startup_Code/startup.o
 .debug_macro   0x00019c22       0x9f ./Generated_Code/Cpu.o
 .debug_macro   0x00019cc1       0x9a ./Generated_Code/Cpu.o
 .debug_macro   0x00019d5b       0xda ./Generated_Code/Vectors.o

.debug_line     0x00000000     0x2a94
 .debug_line    0x00000000      0x2f3 ./Sources/FIFO.o
 .debug_line    0x000002f3      0x2da ./Sources/FTM.o
 .debug_line    0x000005cd      0x30e ./Sources/Flash.o
 .debug_line    0x000008db      0x230 ./Sources/LEDs.o
 .debug_line    0x00000b0b      0x239 ./Sources/PIT.o
 .debug_line    0x00000d44      0x2b1 ./Sources/RTC.o
 .debug_line    0x00000ff5      0x298 ./Sources/SPI.o
 .debug_line    0x0000128d      0x275 ./Sources/UART.o
 .debug_line    0x00001502      0x244 ./Sources/analog.o
 .debug_line    0x00001746      0x53c ./Sources/main.o
 .debug_line    0x00001c82      0x31e ./Sources/packet.o
 .debug_line    0x00001fa0      0x417 ./Project_Settings/Startup_Code/startup.o
 .debug_line    0x000023b7      0x392 ./Generated_Code/Cpu.o
 .debug_line    0x00002749      0x34b ./Generated_Code/Vectors.o

.debug_str      0x00000000    0x8e0a1
 .debug_str     0x00000000    0x8a54f ./Sources/FIFO.o
                              0x8a6b8 (size before relaxing)
 .debug_str     0x0008a54f      0x3d3 ./Sources/FTM.o
                              0x8311a (size before relaxing)
 .debug_str     0x0008a922      0x454 ./Sources/Flash.o
                              0x831ae (size before relaxing)
 .debug_str     0x0008ad76       0xe1 ./Sources/LEDs.o
                              0x82edb (size before relaxing)
 .debug_str     0x0008ae57       0xd4 ./Sources/PIT.o
                              0x82f5f (size before relaxing)
 .debug_str     0x0008af2b       0xde ./Sources/RTC.o
                              0x82f4d (size before relaxing)
 .debug_str     0x0008b009      0x1be ./Sources/SPI.o
                              0x83066 (size before relaxing)
 .debug_str     0x0008b1c7      0x138 ./Sources/UART.o
                              0x83032 (size before relaxing)
 .debug_str     0x0008b2ff       0xfa ./Sources/analog.o
                              0x82ed6 (size before relaxing)
 .debug_str     0x0008b3f9      0x3b7 ./Sources/main.o
                              0x8af25 (size before relaxing)
 .debug_str     0x0008b7b0       0x89 ./Sources/packet.o
                              0x8a90b (size before relaxing)
 .debug_str     0x0008b839     0x2663 ./Project_Settings/Startup_Code/startup.o
                              0x85419 (size before relaxing)
 .debug_str     0x0008de9c      0x1e9 ./Generated_Code/Cpu.o
                              0x8aa17 (size before relaxing)
 .debug_str     0x0008e085       0x1c ./Generated_Code/Vectors.o
                              0x8a6ea (size before relaxing)

.comment        0x00000000       0x70
 .comment       0x00000000       0x70 ./Sources/FIFO.o
                                 0x71 (size before relaxing)
 .comment       0x00000000       0x71 ./Sources/FTM.o
 .comment       0x00000000       0x71 ./Sources/Flash.o
 .comment       0x00000000       0x71 ./Sources/LEDs.o
 .comment       0x00000000       0x71 ./Sources/PIT.o
 .comment       0x00000000       0x71 ./Sources/RTC.o
 .comment       0x00000000       0x71 ./Sources/SPI.o
 .comment       0x00000000       0x71 ./Sources/UART.o
 .comment       0x00000000       0x71 ./Sources/analog.o
 .comment       0x00000000       0x71 ./Sources/main.o
 .comment       0x00000000       0x71 ./Sources/packet.o
 .comment       0x00000000       0x71 ./Project_Settings/Startup_Code/startup.o
 .comment       0x00000000       0x71 ./Generated_Code/Cpu.o
 .comment       0x00000000       0x71 ./Generated_Code/Vectors.o

.debug_frame    0x00000000      0x970
 .debug_frame   0x00000000       0x64 ./Sources/FIFO.o
 .debug_frame   0x00000064       0x84 ./Sources/FTM.o
 .debug_frame   0x000000e8      0x12c ./Sources/Flash.o
 .debug_frame   0x00000214       0x7c ./Sources/LEDs.o
 .debug_frame   0x00000290       0x90 ./Sources/PIT.o
 .debug_frame   0x00000320       0x88 ./Sources/RTC.o
 .debug_frame   0x000003a8       0x88 ./Sources/SPI.o
 .debug_frame   0x00000430       0xb0 ./Sources/UART.o
 .debug_frame   0x000004e0       0x50 ./Sources/analog.o
 .debug_frame   0x00000530      0x1d0 ./Sources/main.o
 .debug_frame   0x00000700       0x70 ./Sources/packet.o
 .debug_frame   0x00000770       0xc0 ./Project_Settings/Startup_Code/startup.o
 .debug_frame   0x00000830       0x80 ./Generated_Code/Cpu.o
 .debug_frame   0x000008b0       0x2c c:/freescale/kds_v3/toolchain/bin/../lib/gcc/arm-none-eabi/4.8.4/armv7e-m/fpu\libgcc.a(_fixunsdfdi.o)
 .debug_frame   0x000008dc       0x28 c:/freescale/kds_v3/toolchain/bin/../lib/gcc/arm-none-eabi/4.8.4/../../../../arm-none-eabi/lib/armv7e-m/fpu\libg_s.a(lib_a-exit.o)
 .debug_frame   0x00000904       0x2c c:/freescale/kds_v3/toolchain/bin/../lib/gcc/arm-none-eabi/4.8.4/../../../../arm-none-eabi/lib/armv7e-m/fpu\libg_s.a(lib_a-init.o)
 .debug_frame   0x00000930       0x20 c:/freescale/kds_v3/toolchain/bin/../lib/gcc/arm-none-eabi/4.8.4/../../../../arm-none-eabi/lib/armv7e-m/fpu\libg_s.a(lib_a-memset.o)
 .debug_frame   0x00000950       0x20 c:/freescale/kds_v3/toolchain/bin/../lib/gcc/arm-none-eabi/4.8.4/../../../../arm-none-eabi/lib/armv7e-m/fpu\libnosys.a(_exit.o)
