Archive member included because of file (symbol)

c:/freescale/kds_3.0.0/toolchain/bin/../lib/gcc/arm-none-eabi/4.8.4/../../../../arm-none-eabi/lib/armv7e-m/fpu\libg_s.a(lib_a-exit.o)
                              c:/freescale/kds_3.0.0/toolchain/bin/../lib/gcc/arm-none-eabi/4.8.4/../../../../arm-none-eabi/lib/armv7e-m/fpu/crt0.o (exit)
c:/freescale/kds_3.0.0/toolchain/bin/../lib/gcc/arm-none-eabi/4.8.4/../../../../arm-none-eabi/lib/armv7e-m/fpu\libg_s.a(lib_a-impure.o)
                              c:/freescale/kds_3.0.0/toolchain/bin/../lib/gcc/arm-none-eabi/4.8.4/../../../../arm-none-eabi/lib/armv7e-m/fpu\libg_s.a(lib_a-exit.o) (_global_impure_ptr)
c:/freescale/kds_3.0.0/toolchain/bin/../lib/gcc/arm-none-eabi/4.8.4/../../../../arm-none-eabi/lib/armv7e-m/fpu\libg_s.a(lib_a-init.o)
                              c:/freescale/kds_3.0.0/toolchain/bin/../lib/gcc/arm-none-eabi/4.8.4/../../../../arm-none-eabi/lib/armv7e-m/fpu/crt0.o (__libc_init_array)
c:/freescale/kds_3.0.0/toolchain/bin/../lib/gcc/arm-none-eabi/4.8.4/../../../../arm-none-eabi/lib/armv7e-m/fpu\libg_s.a(lib_a-memset.o)
                              c:/freescale/kds_3.0.0/toolchain/bin/../lib/gcc/arm-none-eabi/4.8.4/../../../../arm-none-eabi/lib/armv7e-m/fpu/crt0.o (memset)
c:/freescale/kds_3.0.0/toolchain/bin/../lib/gcc/arm-none-eabi/4.8.4/../../../../arm-none-eabi/lib/armv7e-m/fpu\libnosys.a(_exit.o)
                              c:/freescale/kds_3.0.0/toolchain/bin/../lib/gcc/arm-none-eabi/4.8.4/../../../../arm-none-eabi/lib/armv7e-m/fpu\libg_s.a(lib_a-exit.o) (_exit)

Allocating common symbols
Common symbol       size              file

Packet              0x4               ./Sources/packet.o
Analog_Input        0x24              ./Sources/analog.o
TxFIFO              0x106             ./Sources/UART.o
RxFIFO              0x106             ./Sources/UART.o
SR_reg              0x1               ./Generated_Code/Cpu.o
fccob               0xc               ./Sources/Flash.o

Discarded input sections

 .text          0x00000000        0x0 c:/freescale/kds_3.0.0/toolchain/bin/../lib/gcc/arm-none-eabi/4.8.4/armv7e-m/fpu/crti.o
 .data          0x00000000        0x0 c:/freescale/kds_3.0.0/toolchain/bin/../lib/gcc/arm-none-eabi/4.8.4/armv7e-m/fpu/crti.o
 .bss           0x00000000        0x0 c:/freescale/kds_3.0.0/toolchain/bin/../lib/gcc/arm-none-eabi/4.8.4/armv7e-m/fpu/crti.o
 .data          0x00000000        0x4 c:/freescale/kds_3.0.0/toolchain/bin/../lib/gcc/arm-none-eabi/4.8.4/armv7e-m/fpu/crtbegin.o
 .data          0x00000000        0x0 c:/freescale/kds_3.0.0/toolchain/bin/../lib/gcc/arm-none-eabi/4.8.4/../../../../arm-none-eabi/lib/armv7e-m/fpu/crt0.o
 .bss           0x00000000        0x0 c:/freescale/kds_3.0.0/toolchain/bin/../lib/gcc/arm-none-eabi/4.8.4/../../../../arm-none-eabi/lib/armv7e-m/fpu/crt0.o
 .ARM.extab     0x00000000        0x0 c:/freescale/kds_3.0.0/toolchain/bin/../lib/gcc/arm-none-eabi/4.8.4/../../../../arm-none-eabi/lib/armv7e-m/fpu/crt0.o
 .group         0x00000000        0x8 ./Sources/Events.o
 .group         0x00000000        0x8 ./Sources/Events.o
 .group         0x00000000        0x8 ./Sources/Events.o
 .group         0x00000000        0x8 ./Sources/Events.o
 .group         0x00000000        0x8 ./Sources/Events.o
 .group         0x00000000        0x8 ./Sources/Events.o
 .group         0x00000000        0x8 ./Sources/Events.o
 .group         0x00000000        0x8 ./Sources/Events.o
 .group         0x00000000        0x8 ./Sources/Events.o
 .text          0x00000000        0x0 ./Sources/Events.o
 .data          0x00000000        0x0 ./Sources/Events.o
 .bss           0x00000000        0x0 ./Sources/Events.o
 .debug_info    0x00000000       0x7d ./Sources/Events.o
 .debug_abbrev  0x00000000       0x29 ./Sources/Events.o
 .debug_aranges
                0x00000000       0x18 ./Sources/Events.o
 .debug_macro   0x00000000       0x9f ./Sources/Events.o
 .debug_macro   0x00000000      0x850 ./Sources/Events.o
 .debug_macro   0x00000000       0x16 ./Sources/Events.o
 .debug_macro   0x00000000       0x44 ./Sources/Events.o
 .debug_macro   0x00000000      0x209 ./Sources/Events.o
 .debug_macro   0x00000000     0x1816 ./Sources/Events.o
 .debug_macro   0x00000000      0x14e ./Sources/Events.o
 .debug_macro   0x00000000       0x64 ./Sources/Events.o
 .debug_macro   0x00000000    0x174c1 ./Sources/Events.o
 .debug_macro   0x00000000       0x9a ./Sources/Events.o
 .debug_line    0x00000000      0x1ee ./Sources/Events.o
 .debug_str     0x00000000    0x8a651 ./Sources/Events.o
 .comment       0x00000000       0x71 ./Sources/Events.o
 .ARM.attributes
                0x00000000       0x39 ./Sources/Events.o
 .group         0x00000000        0x8 ./Sources/FIFO.o
 .group         0x00000000        0x8 ./Sources/FIFO.o
 .group         0x00000000        0x8 ./Sources/FIFO.o
 .group         0x00000000        0x8 ./Sources/FIFO.o
 .group         0x00000000        0x8 ./Sources/FIFO.o
 .group         0x00000000        0x8 ./Sources/FIFO.o
 .group         0x00000000        0x8 ./Sources/FIFO.o
 .group         0x00000000        0x8 ./Sources/FIFO.o
 .group         0x00000000        0x8 ./Sources/FIFO.o
 .text          0x00000000        0x0 ./Sources/FIFO.o
 .data          0x00000000        0x0 ./Sources/FIFO.o
 .bss           0x00000000        0x0 ./Sources/FIFO.o
 .debug_macro   0x00000000      0x850 ./Sources/FIFO.o
 .debug_macro   0x00000000       0x16 ./Sources/FIFO.o
 .debug_macro   0x00000000       0x44 ./Sources/FIFO.o
 .debug_macro   0x00000000      0x209 ./Sources/FIFO.o
 .debug_macro   0x00000000     0x1816 ./Sources/FIFO.o
 .debug_macro   0x00000000      0x14e ./Sources/FIFO.o
 .debug_macro   0x00000000       0x64 ./Sources/FIFO.o
 .debug_macro   0x00000000    0x174c1 ./Sources/FIFO.o
 .debug_macro   0x00000000       0x9a ./Sources/FIFO.o
 .group         0x00000000        0x8 ./Sources/FTM.o
 .group         0x00000000        0x8 ./Sources/FTM.o
 .group         0x00000000        0x8 ./Sources/FTM.o
 .group         0x00000000        0x8 ./Sources/FTM.o
 .group         0x00000000        0x8 ./Sources/FTM.o
 .text          0x00000000        0x0 ./Sources/FTM.o
 .data          0x00000000        0x0 ./Sources/FTM.o
 .bss           0x00000000        0x0 ./Sources/FTM.o
 .debug_macro   0x00000000      0x850 ./Sources/FTM.o
 .debug_macro   0x00000000       0x16 ./Sources/FTM.o
 .debug_macro   0x00000000       0x44 ./Sources/FTM.o
 .debug_macro   0x00000000      0x209 ./Sources/FTM.o
 .debug_macro   0x00000000    0x174c1 ./Sources/FTM.o
 .group         0x00000000        0x8 ./Sources/Flash.o
 .group         0x00000000        0x8 ./Sources/Flash.o
 .group         0x00000000        0x8 ./Sources/Flash.o
 .group         0x00000000        0x8 ./Sources/Flash.o
 .group         0x00000000        0x8 ./Sources/Flash.o
 .group         0x00000000        0x8 ./Sources/Flash.o
 .text          0x00000000        0x0 ./Sources/Flash.o
 .data          0x00000000        0x0 ./Sources/Flash.o
 .bss           0x00000000        0x0 ./Sources/Flash.o
 .bss.phrase_t.5661
                0x00000000        0x8 ./Sources/Flash.o
 .debug_macro   0x00000000      0x850 ./Sources/Flash.o
 .debug_macro   0x00000000       0x16 ./Sources/Flash.o
 .debug_macro   0x00000000       0x44 ./Sources/Flash.o
 .debug_macro   0x00000000      0x209 ./Sources/Flash.o
 .debug_macro   0x00000000    0x174c1 ./Sources/Flash.o
 .group         0x00000000        0x8 ./Sources/LEDs.o
 .group         0x00000000        0x8 ./Sources/LEDs.o
 .group         0x00000000        0x8 ./Sources/LEDs.o
 .group         0x00000000        0x8 ./Sources/LEDs.o
 .group         0x00000000        0x8 ./Sources/LEDs.o
 .text          0x00000000        0x0 ./Sources/LEDs.o
 .data          0x00000000        0x0 ./Sources/LEDs.o
 .bss           0x00000000        0x0 ./Sources/LEDs.o
 .debug_macro   0x00000000      0x850 ./Sources/LEDs.o
 .debug_macro   0x00000000       0x16 ./Sources/LEDs.o
 .debug_macro   0x00000000       0x44 ./Sources/LEDs.o
 .debug_macro   0x00000000      0x209 ./Sources/LEDs.o
 .debug_macro   0x00000000    0x174c1 ./Sources/LEDs.o
 .group         0x00000000        0x8 ./Sources/PIT.o
 .group         0x00000000        0x8 ./Sources/PIT.o
 .group         0x00000000        0x8 ./Sources/PIT.o
 .group         0x00000000        0x8 ./Sources/PIT.o
 .group         0x00000000        0x8 ./Sources/PIT.o
 .text          0x00000000        0x0 ./Sources/PIT.o
 .data          0x00000000        0x0 ./Sources/PIT.o
 .bss           0x00000000        0x0 ./Sources/PIT.o
 .debug_macro   0x00000000      0x850 ./Sources/PIT.o
 .debug_macro   0x00000000       0x16 ./Sources/PIT.o
 .debug_macro   0x00000000       0x44 ./Sources/PIT.o
 .debug_macro   0x00000000      0x209 ./Sources/PIT.o
 .debug_macro   0x00000000    0x174c1 ./Sources/PIT.o
 .group         0x00000000        0x8 ./Sources/RTC.o
 .group         0x00000000        0x8 ./Sources/RTC.o
 .group         0x00000000        0x8 ./Sources/RTC.o
 .group         0x00000000        0x8 ./Sources/RTC.o
 .group         0x00000000        0x8 ./Sources/RTC.o
 .text          0x00000000        0x0 ./Sources/RTC.o
 .data          0x00000000        0x0 ./Sources/RTC.o
 .bss           0x00000000        0x0 ./Sources/RTC.o
 .debug_macro   0x00000000      0x850 ./Sources/RTC.o
 .debug_macro   0x00000000       0x16 ./Sources/RTC.o
 .debug_macro   0x00000000       0x44 ./Sources/RTC.o
 .debug_macro   0x00000000      0x209 ./Sources/RTC.o
 .debug_macro   0x00000000    0x174c1 ./Sources/RTC.o
 .group         0x00000000        0x8 ./Sources/SPI.o
 .group         0x00000000        0x8 ./Sources/SPI.o
 .group         0x00000000        0x8 ./Sources/SPI.o
 .group         0x00000000        0x8 ./Sources/SPI.o
 .group         0x00000000        0x8 ./Sources/SPI.o
 .group         0x00000000        0x8 ./Sources/SPI.o
 .text          0x00000000        0x0 ./Sources/SPI.o
 .data          0x00000000        0x0 ./Sources/SPI.o
 .bss           0x00000000        0x0 ./Sources/SPI.o
 .debug_macro   0x00000000      0x850 ./Sources/SPI.o
 .debug_macro   0x00000000       0x16 ./Sources/SPI.o
 .debug_macro   0x00000000       0x44 ./Sources/SPI.o
 .debug_macro   0x00000000      0x209 ./Sources/SPI.o
 .debug_macro   0x00000000    0x174c1 ./Sources/SPI.o
 .group         0x00000000        0x8 ./Sources/UART.o
 .group         0x00000000        0x8 ./Sources/UART.o
 .group         0x00000000        0x8 ./Sources/UART.o
 .group         0x00000000        0x8 ./Sources/UART.o
 .group         0x00000000        0x8 ./Sources/UART.o
 .group         0x00000000        0x8 ./Sources/UART.o
 .text          0x00000000        0x0 ./Sources/UART.o
 .data          0x00000000        0x0 ./Sources/UART.o
 .bss           0x00000000        0x0 ./Sources/UART.o
 .debug_macro   0x00000000      0x850 ./Sources/UART.o
 .debug_macro   0x00000000       0x16 ./Sources/UART.o
 .debug_macro   0x00000000       0x44 ./Sources/UART.o
 .debug_macro   0x00000000      0x209 ./Sources/UART.o
 .debug_macro   0x00000000    0x174c1 ./Sources/UART.o
 .group         0x00000000        0x8 ./Sources/analog.o
 .group         0x00000000        0x8 ./Sources/analog.o
 .group         0x00000000        0x8 ./Sources/analog.o
 .group         0x00000000        0x8 ./Sources/analog.o
 .group         0x00000000        0x8 ./Sources/analog.o
 .group         0x00000000        0x8 ./Sources/analog.o
 .group         0x00000000        0x8 ./Sources/analog.o
 .text          0x00000000        0x0 ./Sources/analog.o
 .data          0x00000000        0x0 ./Sources/analog.o
 .bss           0x00000000        0x0 ./Sources/analog.o
 .debug_macro   0x00000000      0x850 ./Sources/analog.o
 .debug_macro   0x00000000       0x16 ./Sources/analog.o
 .debug_macro   0x00000000       0x44 ./Sources/analog.o
 .debug_macro   0x00000000      0x209 ./Sources/analog.o
 .debug_macro   0x00000000    0x174c1 ./Sources/analog.o
 .debug_macro   0x00000000       0x10 ./Sources/analog.o
 .group         0x00000000        0x8 ./Sources/main.o
 .group         0x00000000        0x8 ./Sources/main.o
 .group         0x00000000        0x8 ./Sources/main.o
 .group         0x00000000        0x8 ./Sources/main.o
 .group         0x00000000        0x8 ./Sources/main.o
 .group         0x00000000        0x8 ./Sources/main.o
 .group         0x00000000        0x8 ./Sources/main.o
 .group         0x00000000        0x8 ./Sources/main.o
 .group         0x00000000        0x8 ./Sources/main.o
 .group         0x00000000        0x8 ./Sources/main.o
 .group         0x00000000        0x8 ./Sources/main.o
 .group         0x00000000        0x8 ./Sources/main.o
 .group         0x00000000        0x8 ./Sources/main.o
 .group         0x00000000        0x8 ./Sources/main.o
 .text          0x00000000        0x0 ./Sources/main.o
 .data          0x00000000        0x0 ./Sources/main.o
 .bss           0x00000000        0x0 ./Sources/main.o
 .rodata.PITPeriod
                0x00000000        0x4 ./Sources/main.o
 .rodata.TowerNumber
                0x00000000        0x2 ./Sources/main.o
 .rodata.TowerMode
                0x00000000        0x2 ./Sources/main.o
 .rodata.BaudRate
                0x00000000        0x4 ./Sources/main.o
 .debug_macro   0x00000000      0x850 ./Sources/main.o
 .debug_macro   0x00000000       0x16 ./Sources/main.o
 .debug_macro   0x00000000       0x44 ./Sources/main.o
 .debug_macro   0x00000000      0x209 ./Sources/main.o
 .debug_macro   0x00000000     0x1816 ./Sources/main.o
 .debug_macro   0x00000000      0x14e ./Sources/main.o
 .debug_macro   0x00000000       0x64 ./Sources/main.o
 .debug_macro   0x00000000    0x174c1 ./Sources/main.o
 .debug_macro   0x00000000       0x9a ./Sources/main.o
 .debug_macro   0x00000000       0x10 ./Sources/main.o
 .debug_macro   0x00000000       0x10 ./Sources/main.o
 .debug_macro   0x00000000       0x10 ./Sources/main.o
 .group         0x00000000        0x8 ./Sources/median.o
 .group         0x00000000        0x8 ./Sources/median.o
 .group         0x00000000        0x8 ./Sources/median.o
 .group         0x00000000        0x8 ./Sources/median.o
 .group         0x00000000        0x8 ./Sources/median.o
 .group         0x00000000        0x8 ./Sources/median.o
 .group         0x00000000        0x8 ./Sources/median.o
 .group         0x00000000        0x8 ./Sources/median.o
 .group         0x00000000        0x8 ./Sources/median.o
 .group         0x00000000        0x8 ./Sources/median.o
 .group         0x00000000        0x8 ./Sources/median.o
 .group         0x00000000        0x8 ./Sources/median.o
 .group         0x00000000        0x8 ./Sources/median.o
 .group         0x00000000        0x8 ./Sources/median.o
 .group         0x00000000        0x8 ./Sources/median.o
 .group         0x00000000        0x8 ./Sources/median.o
 .group         0x00000000        0x8 ./Sources/median.o
 .group         0x00000000        0x8 ./Sources/median.o
 .group         0x00000000        0x8 ./Sources/median.o
 .group         0x00000000        0x8 ./Sources/median.o
 .group         0x00000000        0x8 ./Sources/median.o
 .text          0x00000000        0x0 ./Sources/median.o
 .data          0x00000000        0x0 ./Sources/median.o
 .bss           0x00000000        0x0 ./Sources/median.o
 .debug_macro   0x00000000      0x850 ./Sources/median.o
 .debug_macro   0x00000000       0x16 ./Sources/median.o
 .debug_macro   0x00000000       0x44 ./Sources/median.o
 .debug_macro   0x00000000      0x209 ./Sources/median.o
 .group         0x00000000        0x8 ./Sources/packet.o
 .group         0x00000000        0x8 ./Sources/packet.o
 .group         0x00000000        0x8 ./Sources/packet.o
 .group         0x00000000        0x8 ./Sources/packet.o
 .group         0x00000000        0x8 ./Sources/packet.o
 .group         0x00000000        0x8 ./Sources/packet.o
 .group         0x00000000        0x8 ./Sources/packet.o
 .group         0x00000000        0x8 ./Sources/packet.o
 .group         0x00000000        0x8 ./Sources/packet.o
 .group         0x00000000        0x8 ./Sources/packet.o
 .group         0x00000000        0x8 ./Sources/packet.o
 .text          0x00000000        0x0 ./Sources/packet.o
 .data          0x00000000        0x0 ./Sources/packet.o
 .bss           0x00000000        0x0 ./Sources/packet.o
 .debug_macro   0x00000000      0x850 ./Sources/packet.o
 .debug_macro   0x00000000       0x16 ./Sources/packet.o
 .debug_macro   0x00000000       0x44 ./Sources/packet.o
 .debug_macro   0x00000000      0x209 ./Sources/packet.o
 .debug_macro   0x00000000       0x10 ./Sources/packet.o
 .debug_macro   0x00000000      0x14e ./Sources/packet.o
 .debug_macro   0x00000000       0x64 ./Sources/packet.o
 .debug_macro   0x00000000    0x174c1 ./Sources/packet.o
 .group         0x00000000        0x8 ./Project_Settings/Startup_Code/startup.o
 .group         0x00000000        0x8 ./Project_Settings/Startup_Code/startup.o
 .group         0x00000000        0x8 ./Project_Settings/Startup_Code/startup.o
 .group         0x00000000        0x8 ./Project_Settings/Startup_Code/startup.o
 .group         0x00000000        0x8 ./Project_Settings/Startup_Code/startup.o
 .group         0x00000000        0x8 ./Project_Settings/Startup_Code/startup.o
 .group         0x00000000        0x8 ./Project_Settings/Startup_Code/startup.o
 .group         0x00000000        0x8 ./Project_Settings/Startup_Code/startup.o
 .group         0x00000000        0x8 ./Project_Settings/Startup_Code/startup.o
 .group         0x00000000        0x8 ./Project_Settings/Startup_Code/startup.o
 .group         0x00000000        0x8 ./Project_Settings/Startup_Code/startup.o
 .group         0x00000000        0x8 ./Project_Settings/Startup_Code/startup.o
 .group         0x00000000        0x8 ./Project_Settings/Startup_Code/startup.o
 .group         0x00000000        0x8 ./Project_Settings/Startup_Code/startup.o
 .group         0x00000000        0x8 ./Project_Settings/Startup_Code/startup.o
 .group         0x00000000        0x8 ./Project_Settings/Startup_Code/startup.o
 .group         0x00000000        0x8 ./Project_Settings/Startup_Code/startup.o
 .group         0x00000000        0x8 ./Project_Settings/Startup_Code/startup.o
 .group         0x00000000        0x8 ./Project_Settings/Startup_Code/startup.o
 .text          0x00000000        0x0 ./Project_Settings/Startup_Code/startup.o
 .data          0x00000000        0x0 ./Project_Settings/Startup_Code/startup.o
 .bss           0x00000000        0x0 ./Project_Settings/Startup_Code/startup.o
 .text.__init_hardware
                0x00000000        0xc ./Project_Settings/Startup_Code/startup.o
 .text.__iar_program_start
                0x00000000        0xc ./Project_Settings/Startup_Code/startup.o
 .debug_macro   0x00000000      0x850 ./Project_Settings/Startup_Code/startup.o
 .debug_macro   0x00000000       0x58 ./Project_Settings/Startup_Code/startup.o
 .debug_macro   0x00000000       0x16 ./Project_Settings/Startup_Code/startup.o
 .debug_macro   0x00000000       0x35 ./Project_Settings/Startup_Code/startup.o
 .debug_macro   0x00000000       0xa3 ./Project_Settings/Startup_Code/startup.o
 .debug_macro   0x00000000       0x52 ./Project_Settings/Startup_Code/startup.o
 .debug_macro   0x00000000       0x16 ./Project_Settings/Startup_Code/startup.o
 .debug_macro   0x00000000       0x43 ./Project_Settings/Startup_Code/startup.o
 .debug_macro   0x00000000      0x180 ./Project_Settings/Startup_Code/startup.o
 .group         0x00000000        0x8 ./Generated_Code/Cpu.o
 .group         0x00000000        0x8 ./Generated_Code/Cpu.o
 .group         0x00000000        0x8 ./Generated_Code/Cpu.o
 .group         0x00000000        0x8 ./Generated_Code/Cpu.o
 .group         0x00000000        0x8 ./Generated_Code/Cpu.o
 .group         0x00000000        0x8 ./Generated_Code/Cpu.o
 .group         0x00000000        0x8 ./Generated_Code/Cpu.o
 .group         0x00000000        0x8 ./Generated_Code/Cpu.o
 .group         0x00000000        0x8 ./Generated_Code/Cpu.o
 .text          0x00000000        0x0 ./Generated_Code/Cpu.o
 .data          0x00000000        0x0 ./Generated_Code/Cpu.o
 .bss           0x00000000        0x0 ./Generated_Code/Cpu.o
 .debug_macro   0x00000000      0x850 ./Generated_Code/Cpu.o
 .debug_macro   0x00000000       0x16 ./Generated_Code/Cpu.o
 .debug_macro   0x00000000       0x44 ./Generated_Code/Cpu.o
 .debug_macro   0x00000000      0x209 ./Generated_Code/Cpu.o
 .debug_macro   0x00000000     0x1816 ./Generated_Code/Cpu.o
 .debug_macro   0x00000000      0x14e ./Generated_Code/Cpu.o
 .debug_macro   0x00000000       0x64 ./Generated_Code/Cpu.o
 .debug_macro   0x00000000    0x174c1 ./Generated_Code/Cpu.o
 .group         0x00000000        0x8 ./Generated_Code/PE_LDD.o
 .group         0x00000000        0x8 ./Generated_Code/PE_LDD.o
 .group         0x00000000        0x8 ./Generated_Code/PE_LDD.o
 .group         0x00000000        0x8 ./Generated_Code/PE_LDD.o
 .group         0x00000000        0x8 ./Generated_Code/PE_LDD.o
 .group         0x00000000        0x8 ./Generated_Code/PE_LDD.o
 .group         0x00000000        0x8 ./Generated_Code/PE_LDD.o
 .group         0x00000000        0x8 ./Generated_Code/PE_LDD.o
 .group         0x00000000        0x8 ./Generated_Code/PE_LDD.o
 .text          0x00000000        0x0 ./Generated_Code/PE_LDD.o
 .data          0x00000000        0x0 ./Generated_Code/PE_LDD.o
 .bss           0x00000000        0x0 ./Generated_Code/PE_LDD.o
 .rodata.PE_CpuClockConfigurations
                0x00000000       0x28 ./Generated_Code/PE_LDD.o
 .text.PE_FillMemory
                0x00000000       0x24 ./Generated_Code/PE_LDD.o
 .text.PE_PeripheralUsed
                0x00000000       0x18 ./Generated_Code/PE_LDD.o
 .text.LDD_SetClockConfiguration
                0x00000000       0x14 ./Generated_Code/PE_LDD.o
 .debug_info    0x00000000      0x215 ./Generated_Code/PE_LDD.o
 .debug_abbrev  0x00000000       0xf3 ./Generated_Code/PE_LDD.o
 .debug_aranges
                0x00000000       0x30 ./Generated_Code/PE_LDD.o
 .debug_ranges  0x00000000       0x20 ./Generated_Code/PE_LDD.o
 .debug_macro   0x00000000       0x8f ./Generated_Code/PE_LDD.o
 .debug_macro   0x00000000      0x850 ./Generated_Code/PE_LDD.o
 .debug_macro   0x00000000       0x16 ./Generated_Code/PE_LDD.o
 .debug_macro   0x00000000       0x44 ./Generated_Code/PE_LDD.o
 .debug_macro   0x00000000      0x209 ./Generated_Code/PE_LDD.o
 .debug_macro   0x00000000     0x1816 ./Generated_Code/PE_LDD.o
 .debug_macro   0x00000000      0x14e ./Generated_Code/PE_LDD.o
 .debug_macro   0x00000000       0x64 ./Generated_Code/PE_LDD.o
 .debug_macro   0x00000000    0x174c1 ./Generated_Code/PE_LDD.o
 .debug_macro   0x00000000       0x9a ./Generated_Code/PE_LDD.o
 .debug_line    0x00000000      0x21b ./Generated_Code/PE_LDD.o
 .debug_str     0x00000000    0x8a7e6 ./Generated_Code/PE_LDD.o
 .comment       0x00000000       0x71 ./Generated_Code/PE_LDD.o
 .ARM.attributes
                0x00000000       0x39 ./Generated_Code/PE_LDD.o
 .debug_frame   0x00000000       0x64 ./Generated_Code/PE_LDD.o
 .group         0x00000000        0x8 ./Generated_Code/Vectors.o
 .group         0x00000000        0x8 ./Generated_Code/Vectors.o
 .group         0x00000000        0x8 ./Generated_Code/Vectors.o
 .group         0x00000000        0x8 ./Generated_Code/Vectors.o
 .group         0x00000000        0x8 ./Generated_Code/Vectors.o
 .group         0x00000000        0x8 ./Generated_Code/Vectors.o
 .group         0x00000000        0x8 ./Generated_Code/Vectors.o
 .group         0x00000000        0x8 ./Generated_Code/Vectors.o
 .group         0x00000000        0x8 ./Generated_Code/Vectors.o
 .group         0x00000000        0x8 ./Generated_Code/Vectors.o
 .text          0x00000000        0x0 ./Generated_Code/Vectors.o
 .data          0x00000000        0x0 ./Generated_Code/Vectors.o
 .bss           0x00000000        0x0 ./Generated_Code/Vectors.o
 .debug_macro   0x00000000      0x850 ./Generated_Code/Vectors.o
 .debug_macro   0x00000000       0x16 ./Generated_Code/Vectors.o
 .debug_macro   0x00000000       0x44 ./Generated_Code/Vectors.o
 .debug_macro   0x00000000      0x209 ./Generated_Code/Vectors.o
 .debug_macro   0x00000000     0x1816 ./Generated_Code/Vectors.o
 .debug_macro   0x00000000      0x14e ./Generated_Code/Vectors.o
 .debug_macro   0x00000000       0x64 ./Generated_Code/Vectors.o
 .debug_macro   0x00000000    0x174c1 ./Generated_Code/Vectors.o
 .debug_macro   0x00000000       0x9a ./Generated_Code/Vectors.o
 .debug_macro   0x00000000       0x10 ./Generated_Code/Vectors.o
 .text          0x00000000        0x0 c:/freescale/kds_3.0.0/toolchain/bin/../lib/gcc/arm-none-eabi/4.8.4/../../../../arm-none-eabi/lib/armv7e-m/fpu\libg_s.a(lib_a-exit.o)
 .data          0x00000000        0x0 c:/freescale/kds_3.0.0/toolchain/bin/../lib/gcc/arm-none-eabi/4.8.4/../../../../arm-none-eabi/lib/armv7e-m/fpu\libg_s.a(lib_a-exit.o)
 .bss           0x00000000        0x0 c:/freescale/kds_3.0.0/toolchain/bin/../lib/gcc/arm-none-eabi/4.8.4/../../../../arm-none-eabi/lib/armv7e-m/fpu\libg_s.a(lib_a-exit.o)
 .text          0x00000000        0x0 c:/freescale/kds_3.0.0/toolchain/bin/../lib/gcc/arm-none-eabi/4.8.4/../../../../arm-none-eabi/lib/armv7e-m/fpu\libg_s.a(lib_a-impure.o)
 .data          0x00000000        0x0 c:/freescale/kds_3.0.0/toolchain/bin/../lib/gcc/arm-none-eabi/4.8.4/../../../../arm-none-eabi/lib/armv7e-m/fpu\libg_s.a(lib_a-impure.o)
 .bss           0x00000000        0x0 c:/freescale/kds_3.0.0/toolchain/bin/../lib/gcc/arm-none-eabi/4.8.4/../../../../arm-none-eabi/lib/armv7e-m/fpu\libg_s.a(lib_a-impure.o)
 .data._impure_ptr
                0x00000000        0x4 c:/freescale/kds_3.0.0/toolchain/bin/../lib/gcc/arm-none-eabi/4.8.4/../../../../arm-none-eabi/lib/armv7e-m/fpu\libg_s.a(lib_a-impure.o)
 .text          0x00000000        0x0 c:/freescale/kds_3.0.0/toolchain/bin/../lib/gcc/arm-none-eabi/4.8.4/../../../../arm-none-eabi/lib/armv7e-m/fpu\libg_s.a(lib_a-init.o)
 .data          0x00000000        0x0 c:/freescale/kds_3.0.0/toolchain/bin/../lib/gcc/arm-none-eabi/4.8.4/../../../../arm-none-eabi/lib/armv7e-m/fpu\libg_s.a(lib_a-init.o)
 .bss           0x00000000        0x0 c:/freescale/kds_3.0.0/toolchain/bin/../lib/gcc/arm-none-eabi/4.8.4/../../../../arm-none-eabi/lib/armv7e-m/fpu\libg_s.a(lib_a-init.o)
 .text          0x00000000        0x0 c:/freescale/kds_3.0.0/toolchain/bin/../lib/gcc/arm-none-eabi/4.8.4/../../../../arm-none-eabi/lib/armv7e-m/fpu\libg_s.a(lib_a-memset.o)
 .data          0x00000000        0x0 c:/freescale/kds_3.0.0/toolchain/bin/../lib/gcc/arm-none-eabi/4.8.4/../../../../arm-none-eabi/lib/armv7e-m/fpu\libg_s.a(lib_a-memset.o)
 .bss           0x00000000        0x0 c:/freescale/kds_3.0.0/toolchain/bin/../lib/gcc/arm-none-eabi/4.8.4/../../../../arm-none-eabi/lib/armv7e-m/fpu\libg_s.a(lib_a-memset.o)
 .text          0x00000000        0x0 c:/freescale/kds_3.0.0/toolchain/bin/../lib/gcc/arm-none-eabi/4.8.4/../../../../arm-none-eabi/lib/armv7e-m/fpu\libnosys.a(_exit.o)
 .data          0x00000000        0x0 c:/freescale/kds_3.0.0/toolchain/bin/../lib/gcc/arm-none-eabi/4.8.4/../../../../arm-none-eabi/lib/armv7e-m/fpu\libnosys.a(_exit.o)
 .bss           0x00000000        0x0 c:/freescale/kds_3.0.0/toolchain/bin/../lib/gcc/arm-none-eabi/4.8.4/../../../../arm-none-eabi/lib/armv7e-m/fpu\libnosys.a(_exit.o)
 .text          0x00000000        0x0 c:/freescale/kds_3.0.0/toolchain/bin/../lib/gcc/arm-none-eabi/4.8.4/armv7e-m/fpu/crtend.o
 .data          0x00000000        0x0 c:/freescale/kds_3.0.0/toolchain/bin/../lib/gcc/arm-none-eabi/4.8.4/armv7e-m/fpu/crtend.o
 .bss           0x00000000        0x0 c:/freescale/kds_3.0.0/toolchain/bin/../lib/gcc/arm-none-eabi/4.8.4/armv7e-m/fpu/crtend.o
 .eh_frame      0x00000000        0x4 c:/freescale/kds_3.0.0/toolchain/bin/../lib/gcc/arm-none-eabi/4.8.4/armv7e-m/fpu/crtend.o
 .jcr           0x00000000        0x4 c:/freescale/kds_3.0.0/toolchain/bin/../lib/gcc/arm-none-eabi/4.8.4/armv7e-m/fpu/crtend.o
 .ARM.attributes
                0x00000000       0x34 c:/freescale/kds_3.0.0/toolchain/bin/../lib/gcc/arm-none-eabi/4.8.4/armv7e-m/fpu/crtend.o
 .text          0x00000000        0x0 c:/freescale/kds_3.0.0/toolchain/bin/../lib/gcc/arm-none-eabi/4.8.4/armv7e-m/fpu/crtn.o
 .data          0x00000000        0x0 c:/freescale/kds_3.0.0/toolchain/bin/../lib/gcc/arm-none-eabi/4.8.4/armv7e-m/fpu/crtn.o
 .bss           0x00000000        0x0 c:/freescale/kds_3.0.0/toolchain/bin/../lib/gcc/arm-none-eabi/4.8.4/armv7e-m/fpu/crtn.o

Memory Configuration

Name             Origin             Length             Attributes
m_interrupts     0x00000000         0x000001e8         xr
m_text           0x00000410         0x0007fbf0         xr
m_data           0x1fff0000         0x00010000         rw
m_data_20000000  0x20000000         0x00010000         rw
m_cfmprotrom     0x00000400         0x00000010         xr
*default*        0x00000000         0xffffffff

Linker script and memory map

LOAD c:/freescale/kds_3.0.0/toolchain/bin/../lib/gcc/arm-none-eabi/4.8.4/armv7e-m/fpu/crti.o
LOAD c:/freescale/kds_3.0.0/toolchain/bin/../lib/gcc/arm-none-eabi/4.8.4/armv7e-m/fpu/crtbegin.o
LOAD c:/freescale/kds_3.0.0/toolchain/bin/../lib/gcc/arm-none-eabi/4.8.4/../../../../arm-none-eabi/lib/armv7e-m/fpu/crt0.o
LOAD ./Sources/Events.o
LOAD ./Sources/FIFO.o
LOAD ./Sources/FTM.o
LOAD ./Sources/Flash.o
LOAD ./Sources/LEDs.o
LOAD ./Sources/PIT.o
LOAD ./Sources/RTC.o
LOAD ./Sources/SPI.o
LOAD ./Sources/UART.o
LOAD ./Sources/analog.o
LOAD ./Sources/main.o
LOAD ./Sources/median.o
LOAD ./Sources/packet.o
LOAD ./Project_Settings/Startup_Code/startup.o
LOAD ./Generated_Code/Cpu.o
LOAD ./Generated_Code/PE_LDD.o
LOAD ./Generated_Code/Vectors.o
LOAD c:/freescale/kds_3.0.0/toolchain/bin/../lib/gcc/arm-none-eabi/4.8.4/../../../../arm-none-eabi/lib/armv7e-m/fpu\libstdc++_s.a
LOAD c:/freescale/kds_3.0.0/toolchain/bin/../lib/gcc/arm-none-eabi/4.8.4/../../../../arm-none-eabi/lib/armv7e-m/fpu\libm.a
START GROUP
LOAD c:/freescale/kds_3.0.0/toolchain/bin/../lib/gcc/arm-none-eabi/4.8.4/armv7e-m/fpu\libgcc.a
LOAD c:/freescale/kds_3.0.0/toolchain/bin/../lib/gcc/arm-none-eabi/4.8.4/../../../../arm-none-eabi/lib/armv7e-m/fpu\libg_s.a
LOAD c:/freescale/kds_3.0.0/toolchain/bin/../lib/gcc/arm-none-eabi/4.8.4/../../../../arm-none-eabi/lib/armv7e-m/fpu\libc_s.a
END GROUP
START GROUP
LOAD c:/freescale/kds_3.0.0/toolchain/bin/../lib/gcc/arm-none-eabi/4.8.4/armv7e-m/fpu\libgcc.a
LOAD c:/freescale/kds_3.0.0/toolchain/bin/../lib/gcc/arm-none-eabi/4.8.4/../../../../arm-none-eabi/lib/armv7e-m/fpu\libc_s.a
LOAD c:/freescale/kds_3.0.0/toolchain/bin/../lib/gcc/arm-none-eabi/4.8.4/../../../../arm-none-eabi/lib/armv7e-m/fpu\libnosys.a
END GROUP
START GROUP
LOAD c:/freescale/kds_3.0.0/toolchain/bin/../lib/gcc/arm-none-eabi/4.8.4/armv7e-m/fpu\libgcc.a
LOAD c:/freescale/kds_3.0.0/toolchain/bin/../lib/gcc/arm-none-eabi/4.8.4/../../../../arm-none-eabi/lib/armv7e-m/fpu\libc_s.a
LOAD c:/freescale/kds_3.0.0/toolchain/bin/../lib/gcc/arm-none-eabi/4.8.4/../../../../arm-none-eabi/lib/armv7e-m/fpu\libnosys.a
END GROUP
LOAD c:/freescale/kds_3.0.0/toolchain/bin/../lib/gcc/arm-none-eabi/4.8.4/armv7e-m/fpu/crtend.o
LOAD c:/freescale/kds_3.0.0/toolchain/bin/../lib/gcc/arm-none-eabi/4.8.4/armv7e-m/fpu/crtn.o
                0x20000000                _estack = 0x20000000
                0x20000000                __SP_INIT = _estack
                0x20000000                __stack = _estack
                0x00000000                __heap_size = 0x0
                0x00000400                __stack_size = 0x400

.interrupts     0x00000000      0x1e8
                0x00000000                __vector_table = .
                0x00000000                . = ALIGN (0x4)
 *(.vectortable)
 .vectortable   0x00000000      0x1e8 ./Generated_Code/Vectors.o
                0x00000000                __vect_table
                0x000001e8                . = ALIGN (0x4)

.cfmprotect     0x00000400       0x10
                0x00000400                . = ALIGN (0x4)
 *(.cfmconfig)
 .cfmconfig     0x00000400       0x10 ./Generated_Code/Cpu.o
                0x00000400                _cfm
                0x00000410                . = ALIGN (0x4)

.text           0x00000410     0x29f4
                0x00000410                . = ALIGN (0x4)
 *(.text)
 .text          0x00000410       0x54 c:/freescale/kds_3.0.0/toolchain/bin/../lib/gcc/arm-none-eabi/4.8.4/armv7e-m/fpu/crtbegin.o
 .text          0x00000464       0x74 c:/freescale/kds_3.0.0/toolchain/bin/../lib/gcc/arm-none-eabi/4.8.4/../../../../arm-none-eabi/lib/armv7e-m/fpu/crt0.o
                0x00000464                _start
                0x00000464                _mainCRTStartup
 *(.text*)
 .text.FIFO_Init
                0x000004d8       0x24 ./Sources/FIFO.o
                0x000004d8                FIFO_Init
 .text.FIFO_Put
                0x000004fc       0xc4 ./Sources/FIFO.o
                0x000004fc                FIFO_Put
 .text.FIFO_Get
                0x000005c0       0xc0 ./Sources/FIFO.o
                0x000005c0                FIFO_Get
 .text.FTM_Init
                0x00000680       0xd0 ./Sources/FTM.o
                0x00000680                FTM_Init
 .text.FTM_Set  0x00000750       0xd4 ./Sources/FTM.o
                0x00000750                FTM_Set
 .text.FTM_StartTimer
                0x00000824       0xb8 ./Sources/FTM.o
                0x00000824                FTM_StartTimer
 .text.FTM0_ISR
                0x000008dc       0xa0 ./Sources/FTM.o
                0x000008dc                FTM0_ISR
 .text.LaunchCommand
                0x0000097c      0x144 ./Sources/Flash.o
 .text.Flash_Init
                0x00000ac0       0x10 ./Sources/Flash.o
                0x00000ac0                Flash_Init
 .text.Flash_Erase_Sector
                0x00000ad0       0x40 ./Sources/Flash.o
                0x00000ad0                Flash_Erase_Sector
 .text.Flash_Erase
                0x00000b10       0x34 ./Sources/Flash.o
                0x00000b10                Flash_Erase
 .text.WritePhrase
                0x00000b44       0xe4 ./Sources/Flash.o
 .text.Flash_Write32
                0x00000c28       0x64 ./Sources/Flash.o
                0x00000c28                Flash_Write32
 .text.Flash_Write16
                0x00000c8c       0x70 ./Sources/Flash.o
                0x00000c8c                Flash_Write16
 .text.Flash_Write8
                0x00000cfc       0x60 ./Sources/Flash.o
                0x00000cfc                Flash_Write8
 .text.Flash_AllocateVar
                0x00000d5c      0x13c ./Sources/Flash.o
                0x00000d5c                Flash_AllocateVar
 .text.LEDs_Init
                0x00000e98       0xc4 ./Sources/LEDs.o
                0x00000e98                LEDs_Init
 .text.LEDs_On  0x00000f5c       0x24 ./Sources/LEDs.o
                0x00000f5c                LEDs_On
 .text.LEDs_Off
                0x00000f80       0x24 ./Sources/LEDs.o
                0x00000f80                LEDs_Off
 .text.LEDs_Toggle
                0x00000fa4       0x24 ./Sources/LEDs.o
                0x00000fa4                LEDs_Toggle
 .text.PIT_Init
                0x00000fc8       0x9c ./Sources/PIT.o
                0x00000fc8                PIT_Init
 .text.PIT_Set  0x00001064       0x5c ./Sources/PIT.o
                0x00001064                PIT_Set
 .text.PIT_Enable
                0x000010c0       0x40 ./Sources/PIT.o
                0x000010c0                PIT_Enable
 .text.PIT_ISR  0x00001100       0x34 ./Sources/PIT.o
                0x00001100                PIT_ISR
 .text.RTC_Init
                0x00001134       0xc0 ./Sources/RTC.o
                0x00001134                RTC_Init
 .text.RTC_Set  0x000011f4      0x120 ./Sources/RTC.o
                0x000011f4                RTC_Set
 .text.RTC_Get  0x00001314       0x94 ./Sources/RTC.o
                0x00001314                RTC_Get
 .text.RTC_ISR  0x000013a8       0x34 ./Sources/RTC.o
                0x000013a8                RTC_ISR
 .text.SPI_Init
                0x000013dc      0x240 ./Sources/SPI.o
                0x000013dc                SPI_Init
 .text.SPI_SelectSlaveDevice
                0x0000161c       0x90 ./Sources/SPI.o
                0x0000161c                SPI_SelectSlaveDevice
 .text.SPI_ExchangeChar
                0x000016ac       0x88 ./Sources/SPI.o
                0x000016ac                SPI_ExchangeChar
 .text.SPI_SetBaudRate
                0x00001734      0x174 ./Sources/SPI.o
 .text.UART_Init
                0x000018a8      0x228 ./Sources/UART.o
                0x000018a8                UART_Init
 .text.UART_InChar
                0x00001ad0       0x20 ./Sources/UART.o
                0x00001ad0                UART_InChar
 .text.UART_OutChar
                0x00001af0       0x4c ./Sources/UART.o
                0x00001af0                UART_OutChar
 .text.UART_ISR
                0x00001b3c       0x98 ./Sources/UART.o
                0x00001b3c                UART_ISR
 .text.FractionOf64to32
                0x00001bd4       0x48 ./Sources/UART.o
 .text.Analog_Init
                0x00001c1c       0xc4 ./Sources/analog.o
                0x00001c1c                Analog_Init
 .text.Analog_Get
                0x00001ce0      0x140 ./Sources/analog.o
                0x00001ce0                Analog_Get
 .text.main     0x00001e20      0x148 ./Sources/main.o
                0x00001e20                main
 .text.HandlePacket
                0x00001f68      0x104 ./Sources/main.o
 .text.HandleStartupPacket
                0x0000206c       0x30 ./Sources/main.o
 .text.StartupValues
                0x0000209c       0x8c ./Sources/main.o
 .text.HandleTowerVersionPacket
                0x00002128       0x38 ./Sources/main.o
 .text.HandleTowerNumberPacket
                0x00002160       0x60 ./Sources/main.o
 .text.HandleTowerModePacket
                0x000021c0       0x60 ./Sources/main.o
 .text.HandleReadBytePacket
                0x00002220       0x44 ./Sources/main.o
 .text.HandleProgramBytePacket
                0x00002264       0x50 ./Sources/main.o
 .text.HandleRealTimeClock
                0x000022b4       0x24 ./Sources/main.o
 .text.HandleProtocolModePacket
                0x000022d8       0x6c ./Sources/main.o
 .text.PITCallback
                0x00002344       0x38 ./Sources/main.o
 .text.RTCCallback
                0x0000237c       0x38 ./Sources/main.o
 .text.FTM0Ch0Callback
                0x000023b4       0x18 ./Sources/main.o
 .text.FTM0Ch1Callback
                0x000023cc       0xfc ./Sources/main.o
 .text.Median_Filter
                0x000024c8       0x9c ./Sources/median.o
                0x000024c8                Median_Filter
 .text.Partition
                0x00002564       0xc8 ./Sources/median.o
                0x00002564                Partition
 .text.Quicksort
                0x0000262c       0x18 ./Sources/median.o
                0x0000262c                Quicksort
 .text.Packet_Init
                0x00002644       0x1c ./Sources/packet.o
                0x00002644                Packet_Init
 .text.Packet_Get
                0x00002660      0x178 ./Sources/packet.o
                0x00002660                Packet_Get
 .text.Packet_Put
                0x000027d8       0x74 ./Sources/packet.o
                0x000027d8                Packet_Put
 .text.__copy_rom_section
                0x0000284c       0xe4 ./Project_Settings/Startup_Code/startup.o
                0x0000284c                __copy_rom_section
 .text.__copy_rom_sections_to_ram
                0x00002930       0x9c ./Project_Settings/Startup_Code/startup.o
                0x00002930                __copy_rom_sections_to_ram
 .text.__init_registers
                0x000029cc       0x20 ./Project_Settings/Startup_Code/startup.o
                0x000029cc                __init_registers
 .text.__init_user
                0x000029ec        0xc ./Project_Settings/Startup_Code/startup.o
                0x000029ec                __init_user
 .text.__thumb_startup
                0x000029f8       0x34 ./Project_Settings/Startup_Code/startup.o
                0x000029f8                __thumb_startup
 .text.Cpu_Interrupt
                0x00002a2c       0x18 ./Generated_Code/Cpu.o
                0x00002a2c                Cpu_Interrupt
 .text.__init_hardware
                0x00002a44      0x1cc ./Generated_Code/Cpu.o
                0x00002a44                __init_hardware
 .text.Cpu_SetBASEPRI
                0x00002c10       0x18 ./Generated_Code/Cpu.o
                0x00002c10                Cpu_SetBASEPRI
 .text.PE_low_level_init
                0x00002c28       0xe4 ./Generated_Code/Cpu.o
                0x00002c28                PE_low_level_init
 .text.exit     0x00002d0c       0x28 c:/freescale/kds_3.0.0/toolchain/bin/../lib/gcc/arm-none-eabi/4.8.4/../../../../arm-none-eabi/lib/armv7e-m/fpu\libg_s.a(lib_a-exit.o)
                0x00002d0c                exit
 .text.__libc_init_array
                0x00002d34       0x4c c:/freescale/kds_3.0.0/toolchain/bin/../lib/gcc/arm-none-eabi/4.8.4/../../../../arm-none-eabi/lib/armv7e-m/fpu\libg_s.a(lib_a-init.o)
                0x00002d34                __libc_init_array
 .text.memset   0x00002d80       0x10 c:/freescale/kds_3.0.0/toolchain/bin/../lib/gcc/arm-none-eabi/4.8.4/../../../../arm-none-eabi/lib/armv7e-m/fpu\libg_s.a(lib_a-memset.o)
                0x00002d80                memset
 .text._exit    0x00002d90        0x4 c:/freescale/kds_3.0.0/toolchain/bin/../lib/gcc/arm-none-eabi/4.8.4/../../../../arm-none-eabi/lib/armv7e-m/fpu\libnosys.a(_exit.o)
                0x00002d90                _exit
 *(.rodata)
 .rodata        0x00002d94       0x50 ./Sources/SPI.o
 *(.rodata*)
 .rodata.str1.1
                0x00002de4        0x2 c:/freescale/kds_3.0.0/toolchain/bin/../lib/gcc/arm-none-eabi/4.8.4/../../../../arm-none-eabi/lib/armv7e-m/fpu\libg_s.a(lib_a-impure.o)
 *fill*         0x00002de6        0x2 
 .rodata._global_impure_ptr
                0x00002de8        0x4 c:/freescale/kds_3.0.0/toolchain/bin/../lib/gcc/arm-none-eabi/4.8.4/../../../../arm-none-eabi/lib/armv7e-m/fpu\libg_s.a(lib_a-impure.o)
                0x00002de8                _global_impure_ptr
 *(.glue_7)
 .glue_7        0x00000000        0x0 linker stubs
 *(.glue_7t)
 .glue_7t       0x00000000        0x0 linker stubs
 *(.eh_frame)
 .eh_frame      0x00002dec        0x0 c:/freescale/kds_3.0.0/toolchain/bin/../lib/gcc/arm-none-eabi/4.8.4/armv7e-m/fpu/crtbegin.o
 *(.init)
 .init          0x00002dec        0x4 c:/freescale/kds_3.0.0/toolchain/bin/../lib/gcc/arm-none-eabi/4.8.4/armv7e-m/fpu/crti.o
                0x00002dec                _init
 .init          0x00002df0        0x8 c:/freescale/kds_3.0.0/toolchain/bin/../lib/gcc/arm-none-eabi/4.8.4/armv7e-m/fpu/crtn.o
 *(.fini)
 .fini          0x00002df8        0x4 c:/freescale/kds_3.0.0/toolchain/bin/../lib/gcc/arm-none-eabi/4.8.4/armv7e-m/fpu/crti.o
                0x00002df8                _fini
 .fini          0x00002dfc        0x8 c:/freescale/kds_3.0.0/toolchain/bin/../lib/gcc/arm-none-eabi/4.8.4/armv7e-m/fpu/crtn.o
                0x00002e04                . = ALIGN (0x4)
                0x00002e04                _etext = .

.vfp11_veneer   0x00002e04        0x0
 .vfp11_veneer  0x00000000        0x0 linker stubs

.v4_bx          0x00002e04        0x0
 .v4_bx         0x00000000        0x0 linker stubs

.iplt           0x00002e04        0x0
 .iplt          0x00000000        0x0 c:/freescale/kds_3.0.0/toolchain/bin/../lib/gcc/arm-none-eabi/4.8.4/armv7e-m/fpu/crtbegin.o

.ARM.extab
 *(.ARM.extab* .gnu.linkonce.armextab.*)

.ARM            0x00002e04        0x8
                0x00002e04                __exidx_start = .
 *(.ARM.exidx*)
 .ARM.exidx     0x00002e04        0x8 c:/freescale/kds_3.0.0/toolchain/bin/../lib/gcc/arm-none-eabi/4.8.4/../../../../arm-none-eabi/lib/armv7e-m/fpu/crt0.o
                0x00002e0c                __exidx_end = .

.rel.dyn        0x00002e0c        0x0
 .rel.iplt      0x00000000        0x0 c:/freescale/kds_3.0.0/toolchain/bin/../lib/gcc/arm-none-eabi/4.8.4/armv7e-m/fpu/crtbegin.o

.ctors          0x00002e0c        0x0
                0x00002e0c                __CTOR_LIST__ = .
 *crtbegin.o(.ctors)
 *(EXCLUDE_FILE(*crtend.o) .ctors)
 *(SORT(.ctors.*))
 *(.ctors)
                0x00002e0c                __CTOR_END__ = .

.dtors          0x00002e0c        0x0
                0x00002e0c                __DTOR_LIST__ = .
 *crtbegin.o(.dtors)
 *(EXCLUDE_FILE(*crtend.o) .dtors)
 *(SORT(.dtors.*))
 *(.dtors)
                0x00002e0c                __DTOR_END__ = .

.preinit_array  0x00002e0c        0x0
                0x00002e0c                PROVIDE (__preinit_array_start, .)
 *(.preinit_array*)
                0x00002e0c                PROVIDE (__preinit_array_end, .)

.init_array     0x00002e0c        0x4
                0x00002e0c                PROVIDE (__init_array_start, .)
 *(SORT(.init_array.*))
 *(.init_array*)
 .init_array    0x00002e0c        0x4 c:/freescale/kds_3.0.0/toolchain/bin/../lib/gcc/arm-none-eabi/4.8.4/armv7e-m/fpu/crtbegin.o
                0x00002e10                PROVIDE (__init_array_end, .)

.fini_array     0x00002e10        0x4
                0x00002e10                PROVIDE (__fini_array_start, .)
 *(SORT(.fini_array.*))
 *(.fini_array*)
 .fini_array    0x00002e10        0x4 c:/freescale/kds_3.0.0/toolchain/bin/../lib/gcc/arm-none-eabi/4.8.4/armv7e-m/fpu/crtbegin.o
                0x00002e14                PROVIDE (__fini_array_end, .)
                0x00002e14                ___ROM_AT = .

.data           0x1fff0000       0x64 load address 0x00002e14
                0x1fff0000                . = ALIGN (0x4)
                0x1fff0000                _sdata = .
 *(.data)
 *(.data*)
 .data.Current_Mode
                0x1fff0000        0x1 ./Sources/main.o
 *fill*         0x1fff0001        0x3 
 .data.impure_data
                0x1fff0004       0x60 c:/freescale/kds_3.0.0/toolchain/bin/../lib/gcc/arm-none-eabi/4.8.4/../../../../arm-none-eabi/lib/armv7e-m/fpu\libg_s.a(lib_a-impure.o)
                0x1fff0064                . = ALIGN (0x4)
                0x1fff0064                _edata = .
                0x00000064                ___data_size = (_edata - _sdata)
                0x00002e78                ___m_data_20000000_ROMStart = (___ROM_AT + SIZEOF (.data))

.jcr            0x1fff0064        0x0 load address 0x00002e78
 .jcr           0x1fff0064        0x0 c:/freescale/kds_3.0.0/toolchain/bin/../lib/gcc/arm-none-eabi/4.8.4/armv7e-m/fpu/crtbegin.o

.igot.plt       0x1fff0064        0x0 load address 0x00002e78
 .igot.plt      0x00000000        0x0 c:/freescale/kds_3.0.0/toolchain/bin/../lib/gcc/arm-none-eabi/4.8.4/armv7e-m/fpu/crtbegin.o

.m_data_20000000
                0x20000000        0x0 load address 0x00002e78
                0x20000000                . = ALIGN (0x4)
                0x20000000                ___m_data_20000000_RAMStart = .
 *(.m_data_20000000)
                0x20000000                ___m_data_20000000_RAMEnd = .
                0x20000000                . = ALIGN (0x4)
                0x00000000                ___m_data_20000000_ROMSize = (___m_data_20000000_RAMEnd - ___m_data_20000000_RAMStart)
                0x20000000                . = ALIGN (0x4)

.bss            0x1fff0064      0x2f8 load address 0x00002e78
                0x1fff0064                __START_BSS = .
                0x1fff0064                PROVIDE (__bss_start__, __START_BSS)
 *(.bss)
 .bss           0x1fff0064       0x1c c:/freescale/kds_3.0.0/toolchain/bin/../lib/gcc/arm-none-eabi/4.8.4/armv7e-m/fpu/crtbegin.o
 *(.bss*)
 .bss.Callback  0x1fff0080       0x20 ./Sources/FTM.o
 .bss.Arguments
                0x1fff00a0       0x20 ./Sources/FTM.o
 .bss.fpviolStatus.5639
                0x1fff00c0        0x1 ./Sources/Flash.o
 .bss.accerrStatus.5638
                0x1fff00c1        0x1 ./Sources/Flash.o
 *fill*         0x1fff00c2        0x2 
 .bss.memMap.5687
                0x1fff00c4        0x8 ./Sources/Flash.o
 .bss.PITClockPeriod
                0x1fff00cc        0x4 ./Sources/PIT.o
 .bss.PIT_UserArguments
                0x1fff00d0        0x4 ./Sources/PIT.o
 .bss.PIT_Callback
                0x1fff00d4        0x4 ./Sources/PIT.o
 .bss.RTC_Callback
                0x1fff00d8        0x4 ./Sources/RTC.o
 .bss.RTC_Arguments
                0x1fff00dc        0x4 ./Sources/RTC.o
 .bss.SPITxData
                0x1fff00e0        0x4 ./Sources/SPI.o
 .bss.txData.5642
                0x1fff00e4        0x1 ./Sources/UART.o
 *fill*         0x1fff00e5        0x3 
 .bss.FTMChannel0
                0x1fff00e8       0x10 ./Sources/main.o
 .bss.FTMChannel1
                0x1fff00f8       0x10 ./Sources/main.o
 .bss.NvTowerMode
                0x1fff0108        0x4 ./Sources/main.o
 .bss.NvTowerNumber
                0x1fff010c        0x4 ./Sources/main.o
 .bss.Packet_Checksum
                0x1fff0110        0x1 ./Sources/packet.o
 .bss.packetFiniteState.6597
                0x1fff0111        0x1 ./Sources/packet.o
 .bss.SR_lock   0x1fff0112        0x1 ./Generated_Code/Cpu.o
                0x1fff0112                SR_lock
 *(COMMON)
 *fill*         0x1fff0113        0x1 
 COMMON         0x1fff0114        0xc ./Sources/Flash.o
                0x1fff0114                fccob
 COMMON         0x1fff0120      0x20e ./Sources/UART.o
                0x1fff0120                TxFIFO
                0x1fff0228                RxFIFO
 *fill*         0x1fff032e        0x2 
 COMMON         0x1fff0330       0x24 ./Sources/analog.o
                0x1fff0330                Analog_Input
 COMMON         0x1fff0354        0x4 ./Sources/packet.o
                0x1fff0354                Packet
 COMMON         0x1fff0358        0x1 ./Generated_Code/Cpu.o
                0x1fff0358                SR_reg
                0x1fff035c                . = ALIGN (0x4)
 *fill*         0x1fff0359        0x3 
                0x1fff035c                __END_BSS = .
                0x1fff035c                PROVIDE (__bss_end__, __END_BSS)
                0x00002e78                _romp_at = ((___ROM_AT + SIZEOF (.data)) + SIZEOF (.m_data_20000000))

.romp           0x1fff035c       0x24 load address 0x00002e78
                0x00002e78                __S_romp = _romp_at
                0x1fff035c        0x4 LONG 0x2e14 ___ROM_AT
                0x1fff0360        0x4 LONG 0x1fff0000 _sdata
                0x1fff0364        0x4 LONG 0x64 ___data_size
                0x1fff0368        0x4 LONG 0x2e78 ___m_data_20000000_ROMStart
                0x1fff036c        0x4 LONG 0x20000000 ___m_data_20000000_RAMStart
                0x1fff0370        0x4 LONG 0x0 ___m_data_20000000_ROMSize
                0x1fff0374        0x4 LONG 0x0
                0x1fff0378        0x4 LONG 0x0
                0x1fff037c        0x4 LONG 0x0

._user_heap_stack
                0x1fff0380      0x400 load address 0x00002e9c
                0x1fff0380                . = ALIGN (0x4)
                0x1fff0380                PROVIDE (end, .)
                0x1fff0380                PROVIDE (_end, .)
                0x1fff0380                __heap_addr = .
                0x1fff0380                __HeapBase = .
                0x1fff0380                . = (. + __heap_size)
                0x1fff0380                __HeapLimit = .
                0x1fff0780                . = (. + __stack_size)
 *fill*         0x1fff0380      0x400 
                0x1fff0780                . = ALIGN (0x4)

.ARM.attributes
                0x00000000       0x30
 *(.ARM.attributes)
 .ARM.attributes
                0x00000000       0x22 c:/freescale/kds_3.0.0/toolchain/bin/../lib/gcc/arm-none-eabi/4.8.4/armv7e-m/fpu/crti.o
 .ARM.attributes
                0x00000022       0x34 c:/freescale/kds_3.0.0/toolchain/bin/../lib/gcc/arm-none-eabi/4.8.4/armv7e-m/fpu/crtbegin.o
 .ARM.attributes
                0x00000056       0x20 c:/freescale/kds_3.0.0/toolchain/bin/../lib/gcc/arm-none-eabi/4.8.4/../../../../arm-none-eabi/lib/armv7e-m/fpu/crt0.o
 .ARM.attributes
                0x00000076       0x39 ./Sources/FIFO.o
 .ARM.attributes
                0x000000af       0x39 ./Sources/FTM.o
 .ARM.attributes
                0x000000e8       0x39 ./Sources/Flash.o
 .ARM.attributes
                0x00000121       0x39 ./Sources/LEDs.o
 .ARM.attributes
                0x0000015a       0x39 ./Sources/PIT.o
 .ARM.attributes
                0x00000193       0x39 ./Sources/RTC.o
 .ARM.attributes
                0x000001cc       0x39 ./Sources/SPI.o
 .ARM.attributes
                0x00000205       0x39 ./Sources/UART.o
 .ARM.attributes
                0x0000023e       0x39 ./Sources/analog.o
 .ARM.attributes
                0x00000277       0x39 ./Sources/main.o
 .ARM.attributes
                0x000002b0       0x39 ./Sources/median.o
 .ARM.attributes
                0x000002e9       0x39 ./Sources/packet.o
 .ARM.attributes
                0x00000322       0x39 ./Project_Settings/Startup_Code/startup.o
 .ARM.attributes
                0x0000035b       0x39 ./Generated_Code/Cpu.o
 .ARM.attributes
                0x00000394       0x39 ./Generated_Code/Vectors.o
 .ARM.attributes
                0x000003cd       0x34 c:/freescale/kds_3.0.0/toolchain/bin/../lib/gcc/arm-none-eabi/4.8.4/../../../../arm-none-eabi/lib/armv7e-m/fpu\libg_s.a(lib_a-exit.o)
 .ARM.attributes
                0x00000401       0x34 c:/freescale/kds_3.0.0/toolchain/bin/../lib/gcc/arm-none-eabi/4.8.4/../../../../arm-none-eabi/lib/armv7e-m/fpu\libg_s.a(lib_a-impure.o)
 .ARM.attributes
                0x00000435       0x34 c:/freescale/kds_3.0.0/toolchain/bin/../lib/gcc/arm-none-eabi/4.8.4/../../../../arm-none-eabi/lib/armv7e-m/fpu\libg_s.a(lib_a-init.o)
 .ARM.attributes
                0x00000469       0x34 c:/freescale/kds_3.0.0/toolchain/bin/../lib/gcc/arm-none-eabi/4.8.4/../../../../arm-none-eabi/lib/armv7e-m/fpu\libg_s.a(lib_a-memset.o)
 .ARM.attributes
                0x0000049d       0x34 c:/freescale/kds_3.0.0/toolchain/bin/../lib/gcc/arm-none-eabi/4.8.4/../../../../arm-none-eabi/lib/armv7e-m/fpu\libnosys.a(_exit.o)
 .ARM.attributes
                0x000004d1       0x22 c:/freescale/kds_3.0.0/toolchain/bin/../lib/gcc/arm-none-eabi/4.8.4/armv7e-m/fpu/crtn.o
OUTPUT(Lab4.elf elf32-littlearm)

.debug_info     0x00000000     0x54cb
 .debug_info    0x00000000      0x221 ./Sources/FIFO.o
 .debug_info    0x00000221      0x781 ./Sources/FTM.o
 .debug_info    0x000009a2      0x705 ./Sources/Flash.o
 .debug_info    0x000010a7      0x4a9 ./Sources/LEDs.o
 .debug_info    0x00001550      0x59e ./Sources/PIT.o
 .debug_info    0x00001aee      0x661 ./Sources/RTC.o
 .debug_info    0x0000214f      0x7cf ./Sources/SPI.o
 .debug_info    0x0000291e      0x948 ./Sources/UART.o
 .debug_info    0x00003266      0x2ed ./Sources/analog.o
 .debug_info    0x00003553      0x834 ./Sources/main.o
 .debug_info    0x00003d87      0x221 ./Sources/median.o
 .debug_info    0x00003fa8      0x33a ./Sources/packet.o
 .debug_info    0x000042e2      0x3b0 ./Project_Settings/Startup_Code/startup.o
 .debug_info    0x00004692      0xc82 ./Generated_Code/Cpu.o
 .debug_info    0x00005314      0x1b7 ./Generated_Code/Vectors.o

.debug_abbrev   0x00000000     0x1591
 .debug_abbrev  0x00000000      0x112 ./Sources/FIFO.o
 .debug_abbrev  0x00000112      0x1be ./Sources/FTM.o
 .debug_abbrev  0x000002d0      0x1a3 ./Sources/Flash.o
 .debug_abbrev  0x00000473      0x144 ./Sources/LEDs.o
 .debug_abbrev  0x000005b7      0x191 ./Sources/PIT.o
 .debug_abbrev  0x00000748      0x16c ./Sources/RTC.o
 .debug_abbrev  0x000008b4      0x1cc ./Sources/SPI.o
 .debug_abbrev  0x00000a80      0x1c5 ./Sources/UART.o
 .debug_abbrev  0x00000c45      0x118 ./Sources/analog.o
 .debug_abbrev  0x00000d5d      0x25a ./Sources/main.o
 .debug_abbrev  0x00000fb7       0xeb ./Sources/median.o
 .debug_abbrev  0x000010a2      0x127 ./Sources/packet.o
 .debug_abbrev  0x000011c9      0x189 ./Project_Settings/Startup_Code/startup.o
 .debug_abbrev  0x00001352      0x185 ./Generated_Code/Cpu.o
 .debug_abbrev  0x000014d7       0xba ./Generated_Code/Vectors.o

.debug_aranges  0x00000000      0x3a0
 .debug_aranges
                0x00000000       0x30 ./Sources/FIFO.o
 .debug_aranges
                0x00000030       0x38 ./Sources/FTM.o
 .debug_aranges
                0x00000068       0x60 ./Sources/Flash.o
 .debug_aranges
                0x000000c8       0x38 ./Sources/LEDs.o
 .debug_aranges
                0x00000100       0x38 ./Sources/PIT.o
 .debug_aranges
                0x00000138       0x38 ./Sources/RTC.o
 .debug_aranges
                0x00000170       0x38 ./Sources/SPI.o
 .debug_aranges
                0x000001a8       0x40 ./Sources/UART.o
 .debug_aranges
                0x000001e8       0x28 ./Sources/analog.o
 .debug_aranges
                0x00000210       0x90 ./Sources/main.o
 .debug_aranges
                0x000002a0       0x30 ./Sources/median.o
 .debug_aranges
                0x000002d0       0x30 ./Sources/packet.o
 .debug_aranges
                0x00000300       0x50 ./Project_Settings/Startup_Code/startup.o
 .debug_aranges
                0x00000350       0x38 ./Generated_Code/Cpu.o
 .debug_aranges
                0x00000388       0x18 ./Generated_Code/Vectors.o

.debug_ranges   0x00000000      0x2a8
 .debug_ranges  0x00000000       0x20 ./Sources/FIFO.o
 .debug_ranges  0x00000020       0x28 ./Sources/FTM.o
 .debug_ranges  0x00000048       0x50 ./Sources/Flash.o
 .debug_ranges  0x00000098       0x28 ./Sources/LEDs.o
 .debug_ranges  0x000000c0       0x28 ./Sources/PIT.o
 .debug_ranges  0x000000e8       0x28 ./Sources/RTC.o
 .debug_ranges  0x00000110       0x28 ./Sources/SPI.o
 .debug_ranges  0x00000138       0x30 ./Sources/UART.o
 .debug_ranges  0x00000168       0x18 ./Sources/analog.o
 .debug_ranges  0x00000180       0x80 ./Sources/main.o
 .debug_ranges  0x00000200       0x20 ./Sources/median.o
 .debug_ranges  0x00000220       0x20 ./Sources/packet.o
 .debug_ranges  0x00000240       0x40 ./Project_Settings/Startup_Code/startup.o
 .debug_ranges  0x00000280       0x28 ./Generated_Code/Cpu.o

.debug_macro    0x00000000    0x1a7fd
 .debug_macro   0x00000000       0xa3 ./Sources/FIFO.o
 .debug_macro   0x000000a3       0x7d ./Sources/FTM.o
 .debug_macro   0x00000120       0x70 ./Sources/Flash.o
 .debug_macro   0x00000190       0x2e ./Sources/Flash.o
 .debug_macro   0x000001be       0x5f ./Sources/LEDs.o
 .debug_macro   0x0000021d       0x5f ./Sources/PIT.o
 .debug_macro   0x0000027c       0x6d ./Sources/RTC.o
 .debug_macro   0x000002e9       0x62 ./Sources/SPI.o
 .debug_macro   0x0000034b       0x10 ./Sources/SPI.o
 .debug_macro   0x0000035b       0x68 ./Sources/UART.o
 .debug_macro   0x000003c3       0x10 ./Sources/UART.o
 .debug_macro   0x000003d3       0x83 ./Sources/analog.o
 .debug_macro   0x00000456       0x10 ./Sources/analog.o
 .debug_macro   0x00000466      0x166 ./Sources/main.o
 .debug_macro   0x000005cc       0x2e ./Sources/main.o
 .debug_macro   0x000005fa       0x34 ./Sources/main.o
 .debug_macro   0x0000062e      0x131 ./Sources/median.o
 .debug_macro   0x0000075f       0x58 ./Sources/median.o
 .debug_macro   0x000007b7       0x35 ./Sources/median.o
 .debug_macro   0x000007ec       0xa3 ./Sources/median.o
 .debug_macro   0x0000088f       0x16 ./Sources/median.o
 .debug_macro   0x000008a5       0x97 ./Sources/median.o
 .debug_macro   0x0000093c       0x10 ./Sources/median.o
 .debug_macro   0x0000094c       0xef ./Sources/median.o
 .debug_macro   0x00000a3b       0x52 ./Sources/median.o
 .debug_macro   0x00000a8d       0x16 ./Sources/median.o
 .debug_macro   0x00000aa3       0x43 ./Sources/median.o
 .debug_macro   0x00000ae6      0x180 ./Sources/median.o
 .debug_macro   0x00000c66       0x10 ./Sources/median.o
 .debug_macro   0x00000c76       0x22 ./Sources/median.o
 .debug_macro   0x00000c98       0xbd ./Sources/median.o
 .debug_macro   0x00000d55       0x16 ./Sources/median.o
 .debug_macro   0x00000d6b      0x14a ./Sources/median.o
 .debug_macro   0x00000eb5       0xde ./Sources/median.o
 .debug_macro   0x00000f93       0xab ./Sources/packet.o
 .debug_macro   0x0000103e       0x28 ./Sources/packet.o
 .debug_macro   0x00001066     0x181c ./Sources/packet.o
 .debug_macro   0x00002882       0x9a ./Sources/packet.o
 .debug_macro   0x0000291c      0x121 ./Project_Settings/Startup_Code/startup.o
 .debug_macro   0x00002a3d      0x166 ./Project_Settings/Startup_Code/startup.o
 .debug_macro   0x00002ba3       0x4a ./Project_Settings/Startup_Code/startup.o
 .debug_macro   0x00002bed      0x2a6 ./Project_Settings/Startup_Code/startup.o
 .debug_macro   0x00002e93       0x10 ./Project_Settings/Startup_Code/startup.o
 .debug_macro   0x00002ea3       0x35 ./Project_Settings/Startup_Code/startup.o
 .debug_macro   0x00002ed8       0x16 ./Project_Settings/Startup_Code/startup.o
 .debug_macro   0x00002eee       0x22 ./Project_Settings/Startup_Code/startup.o
 .debug_macro   0x00002f10       0x16 ./Project_Settings/Startup_Code/startup.o
 .debug_macro   0x00002f26      0x20f ./Project_Settings/Startup_Code/startup.o
 .debug_macro   0x00003135    0x174af ./Project_Settings/Startup_Code/startup.o
 .debug_macro   0x0001a5e4       0x9f ./Generated_Code/Cpu.o
 .debug_macro   0x0001a683       0xa0 ./Generated_Code/Cpu.o
 .debug_macro   0x0001a723       0xda ./Generated_Code/Vectors.o

.debug_line     0x00000000     0x267b
 .debug_line    0x00000000      0x269 ./Sources/FIFO.o
 .debug_line    0x00000269      0x250 ./Sources/FTM.o
 .debug_line    0x000004b9      0x2cf ./Sources/Flash.o
 .debug_line    0x00000788      0x1f2 ./Sources/LEDs.o
 .debug_line    0x0000097a      0x1f4 ./Sources/PIT.o
 .debug_line    0x00000b6e      0x228 ./Sources/RTC.o
 .debug_line    0x00000d96      0x25d ./Sources/SPI.o
 .debug_line    0x00000ff3      0x236 ./Sources/UART.o
 .debug_line    0x00001229      0x216 ./Sources/analog.o
 .debug_line    0x0000143f      0x463 ./Sources/main.o
 .debug_line    0x000018a2      0x297 ./Sources/median.o
 .debug_line    0x00001b39      0x27a ./Sources/packet.o
 .debug_line    0x00001db3      0x390 ./Project_Settings/Startup_Code/startup.o
 .debug_line    0x00002143      0x2c2 ./Generated_Code/Cpu.o
 .debug_line    0x00002405      0x276 ./Generated_Code/Vectors.o

.debug_str      0x00000000    0x8f182
 .debug_str     0x00000000    0x8a596 ./Sources/FIFO.o
                              0x8a6ff (size before relaxing)
 .debug_str     0x0008a596      0x3bb ./Sources/FTM.o
                              0x830b7 (size before relaxing)
 .debug_str     0x0008a951      0x454 ./Sources/Flash.o
                              0x83163 (size before relaxing)
 .debug_str     0x0008ada5       0xe1 ./Sources/LEDs.o
                              0x82e90 (size before relaxing)
 .debug_str     0x0008ae86       0xc3 ./Sources/PIT.o
                              0x82ee5 (size before relaxing)
 .debug_str     0x0008af49       0xde ./Sources/RTC.o
                              0x82f02 (size before relaxing)
 .debug_str     0x0008b027      0x1c3 ./Sources/SPI.o
                              0x83028 (size before relaxing)
 .debug_str     0x0008b1ea      0x138 ./Sources/UART.o
                              0x82fe7 (size before relaxing)
 .debug_str     0x0008b322       0xc3 ./Sources/analog.o
                              0x82e61 (size before relaxing)
 .debug_str     0x0008b3e5      0x40a ./Sources/main.o
                              0x8af5b (size before relaxing)
 .debug_str     0x0008b7ef     0x2606 ./Sources/median.o
                               0x55cd (size before relaxing)
 .debug_str     0x0008ddf5       0x58 ./Sources/packet.o
                              0x8a921 (size before relaxing)
 .debug_str     0x0008de4d     0x1130 ./Project_Settings/Startup_Code/startup.o
                              0x853ce (size before relaxing)
 .debug_str     0x0008ef7d      0x1e9 ./Generated_Code/Cpu.o
                              0x8aa86 (size before relaxing)
 .debug_str     0x0008f166       0x1c ./Generated_Code/Vectors.o
                              0x8a731 (size before relaxing)

.comment        0x00000000       0x70
 .comment       0x00000000       0x70 ./Sources/FIFO.o
                                 0x71 (size before relaxing)
 .comment       0x00000000       0x71 ./Sources/FTM.o
 .comment       0x00000000       0x71 ./Sources/Flash.o
 .comment       0x00000000       0x71 ./Sources/LEDs.o
 .comment       0x00000000       0x71 ./Sources/PIT.o
 .comment       0x00000000       0x71 ./Sources/RTC.o
 .comment       0x00000000       0x71 ./Sources/SPI.o
 .comment       0x00000000       0x71 ./Sources/UART.o
 .comment       0x00000000       0x71 ./Sources/analog.o
 .comment       0x00000000       0x71 ./Sources/main.o
 .comment       0x00000000       0x71 ./Sources/median.o
 .comment       0x00000000       0x71 ./Sources/packet.o
 .comment       0x00000000       0x71 ./Project_Settings/Startup_Code/startup.o
 .comment       0x00000000       0x71 ./Generated_Code/Cpu.o
 .comment       0x00000000       0x71 ./Generated_Code/Vectors.o

.debug_frame    0x00000000      0x9ac
 .debug_frame   0x00000000       0x64 ./Sources/FIFO.o
 .debug_frame   0x00000064       0x84 ./Sources/FTM.o
 .debug_frame   0x000000e8      0x12c ./Sources/Flash.o
 .debug_frame   0x00000214       0x7c ./Sources/LEDs.o
 .debug_frame   0x00000290       0x8c ./Sources/PIT.o
 .debug_frame   0x0000031c       0x88 ./Sources/RTC.o
 .debug_frame   0x000003a4       0x88 ./Sources/SPI.o
 .debug_frame   0x0000042c       0xb0 ./Sources/UART.o
 .debug_frame   0x000004dc       0x50 ./Sources/analog.o
 .debug_frame   0x0000052c      0x1cc ./Sources/main.o
 .debug_frame   0x000006f8       0x70 ./Sources/median.o
 .debug_frame   0x00000768       0x70 ./Sources/packet.o
 .debug_frame   0x000007d8       0xc0 ./Project_Settings/Startup_Code/startup.o
 .debug_frame   0x00000898       0x80 ./Generated_Code/Cpu.o
 .debug_frame   0x00000918       0x28 c:/freescale/kds_3.0.0/toolchain/bin/../lib/gcc/arm-none-eabi/4.8.4/../../../../arm-none-eabi/lib/armv7e-m/fpu\libg_s.a(lib_a-exit.o)
 .debug_frame   0x00000940       0x2c c:/freescale/kds_3.0.0/toolchain/bin/../lib/gcc/arm-none-eabi/4.8.4/../../../../arm-none-eabi/lib/armv7e-m/fpu\libg_s.a(lib_a-init.o)
 .debug_frame   0x0000096c       0x20 c:/freescale/kds_3.0.0/toolchain/bin/../lib/gcc/arm-none-eabi/4.8.4/../../../../arm-none-eabi/lib/armv7e-m/fpu\libg_s.a(lib_a-memset.o)
 .debug_frame   0x0000098c       0x20 c:/freescale/kds_3.0.0/toolchain/bin/../lib/gcc/arm-none-eabi/4.8.4/../../../../arm-none-eabi/lib/armv7e-m/fpu\libnosys.a(_exit.o)
